Archive member included to satisfy reference by file (symbol)

c:/program files (x86)/atmel/studio/7.0/toolchain/avr8/avr8-gnu-toolchain/bin/../lib/gcc/avr/4.9.2/../../../../avr/lib/avr5\libm.a(divsf3.o)
                              main.o (__divsf3)
c:/program files (x86)/atmel/studio/7.0/toolchain/avr8/avr8-gnu-toolchain/bin/../lib/gcc/avr/4.9.2/../../../../avr/lib/avr5\libm.a(divsf3x.o)
                              c:/program files (x86)/atmel/studio/7.0/toolchain/avr8/avr8-gnu-toolchain/bin/../lib/gcc/avr/4.9.2/../../../../avr/lib/avr5\libm.a(divsf3.o) (__divsf3x)
c:/program files (x86)/atmel/studio/7.0/toolchain/avr8/avr8-gnu-toolchain/bin/../lib/gcc/avr/4.9.2/../../../../avr/lib/avr5\libm.a(fixunssfsi.o)
                              main.o (__fixunssfsi)
c:/program files (x86)/atmel/studio/7.0/toolchain/avr8/avr8-gnu-toolchain/bin/../lib/gcc/avr/4.9.2/../../../../avr/lib/avr5\libm.a(floatsisf.o)
                              main.o (__floatunsisf)
c:/program files (x86)/atmel/studio/7.0/toolchain/avr8/avr8-gnu-toolchain/bin/../lib/gcc/avr/4.9.2/../../../../avr/lib/avr5\libm.a(fp_inf.o)
                              c:/program files (x86)/atmel/studio/7.0/toolchain/avr8/avr8-gnu-toolchain/bin/../lib/gcc/avr/4.9.2/../../../../avr/lib/avr5\libm.a(divsf3x.o) (__fp_inf)
c:/program files (x86)/atmel/studio/7.0/toolchain/avr8/avr8-gnu-toolchain/bin/../lib/gcc/avr/4.9.2/../../../../avr/lib/avr5\libm.a(fp_nan.o)
                              c:/program files (x86)/atmel/studio/7.0/toolchain/avr8/avr8-gnu-toolchain/bin/../lib/gcc/avr/4.9.2/../../../../avr/lib/avr5\libm.a(divsf3x.o) (__fp_nan)
c:/program files (x86)/atmel/studio/7.0/toolchain/avr8/avr8-gnu-toolchain/bin/../lib/gcc/avr/4.9.2/../../../../avr/lib/avr5\libm.a(fp_pscA.o)
                              c:/program files (x86)/atmel/studio/7.0/toolchain/avr8/avr8-gnu-toolchain/bin/../lib/gcc/avr/4.9.2/../../../../avr/lib/avr5\libm.a(divsf3x.o) (__fp_pscA)
c:/program files (x86)/atmel/studio/7.0/toolchain/avr8/avr8-gnu-toolchain/bin/../lib/gcc/avr/4.9.2/../../../../avr/lib/avr5\libm.a(fp_pscB.o)
                              c:/program files (x86)/atmel/studio/7.0/toolchain/avr8/avr8-gnu-toolchain/bin/../lib/gcc/avr/4.9.2/../../../../avr/lib/avr5\libm.a(divsf3x.o) (__fp_pscB)
c:/program files (x86)/atmel/studio/7.0/toolchain/avr8/avr8-gnu-toolchain/bin/../lib/gcc/avr/4.9.2/../../../../avr/lib/avr5\libm.a(fp_round.o)
                              c:/program files (x86)/atmel/studio/7.0/toolchain/avr8/avr8-gnu-toolchain/bin/../lib/gcc/avr/4.9.2/../../../../avr/lib/avr5\libm.a(divsf3.o) (__fp_round)
c:/program files (x86)/atmel/studio/7.0/toolchain/avr8/avr8-gnu-toolchain/bin/../lib/gcc/avr/4.9.2/../../../../avr/lib/avr5\libm.a(fp_split3.o)
                              c:/program files (x86)/atmel/studio/7.0/toolchain/avr8/avr8-gnu-toolchain/bin/../lib/gcc/avr/4.9.2/../../../../avr/lib/avr5\libm.a(divsf3x.o) (__fp_split3)
c:/program files (x86)/atmel/studio/7.0/toolchain/avr8/avr8-gnu-toolchain/bin/../lib/gcc/avr/4.9.2/../../../../avr/lib/avr5\libm.a(fp_zero.o)
                              c:/program files (x86)/atmel/studio/7.0/toolchain/avr8/avr8-gnu-toolchain/bin/../lib/gcc/avr/4.9.2/../../../../avr/lib/avr5\libm.a(fixunssfsi.o) (__fp_zero)
c:/program files (x86)/atmel/studio/7.0/toolchain/avr8/avr8-gnu-toolchain/bin/../lib/gcc/avr/4.9.2/../../../../avr/lib/avr5\libm.a(mulsf3.o)
                              main.o (__mulsf3)
c:/program files (x86)/atmel/studio/7.0/toolchain/avr8/avr8-gnu-toolchain/bin/../lib/gcc/avr/4.9.2/../../../../avr/lib/avr5\libm.a(mulsf3x.o)
                              c:/program files (x86)/atmel/studio/7.0/toolchain/avr8/avr8-gnu-toolchain/bin/../lib/gcc/avr/4.9.2/../../../../avr/lib/avr5\libm.a(mulsf3.o) (__mulsf3x)
c:/program files (x86)/atmel/studio/7.0/toolchain/avr8/avr8-gnu-toolchain/bin/../lib/gcc/avr/4.9.2/avr5\libgcc.a(_exit.o)
                              C:/Program Files (x86)/Atmel/Studio/7.0/Packs/atmel/ATmega_DFP/1.0.90/gcc/dev/atmega16a/avr5/crtatmega16a.o (exit)
c:/program files (x86)/atmel/studio/7.0/toolchain/avr8/avr8-gnu-toolchain/bin/../lib/gcc/avr/4.9.2/avr5\libgcc.a(_copy_data.o)
                              main.o (__do_copy_data)
c:/program files (x86)/atmel/studio/7.0/toolchain/avr8/avr8-gnu-toolchain/bin/../lib/gcc/avr/4.9.2/avr5\libgcc.a(_clear_bss.o)
                              main.o (__do_clear_bss)
c:/program files (x86)/atmel/studio/7.0/toolchain/avr8/avr8-gnu-toolchain/bin/../lib/gcc/avr/4.9.2/avr5\libgcc.a(_ctors.o)
                              main.o (__do_global_ctors)
c:/program files (x86)/atmel/studio/7.0/toolchain/avr8/avr8-gnu-toolchain/bin/../lib/gcc/avr/4.9.2/avr5\libgcc.a(_dtors.o)
                              main.o (__do_global_dtors)
c:/program files (x86)/atmel/studio/7.0/toolchain/avr8/avr8-gnu-toolchain/bin/../lib/gcc/avr/4.9.2/avr5\libgcc.a(_tablejump2.o)
[...]
Memory Configuration

Name             Origin             Length             Attributes
text             0x00000000         0x00020000         xr
data             0x00800060         0x0000ffa0         rw !x
eeprom           0x00810000         0x00010000         rw !x
fuse             0x00820000         0x00000400         rw !x
lock             0x00830000         0x00000400         rw !x
signature        0x00840000         0x00000400         rw !x
user_signatures  0x00850000         0x00000400         rw !x
*default*        0x00000000         0xffffffff

Linker script and memory map

LOAD C:/Program Files (x86)/Atmel/Studio/7.0/Packs/atmel/ATmega_DFP/1.0.90/gcc/dev/atmega16a/avr5/crtatmega16a.o
LOAD AS5048A.o
LOAD Button.o
LOAD main.o
LOAD Sh1106Class.o
LOAD ShiftRegister.o
LOAD SPL/Atmega16A_SPL.o
LOAD SPL/Avr5Lib.o
LOAD TaskManager/MainAsyncChainedTaskManager.o
START GROUP
LOAD c:/program files (x86)/atmel/studio/7.0/toolchain/avr8/avr8-gnu-toolchain/bin/../lib/gcc/avr/4.9.2/../../../../avr/lib/avr5\libm.a
END GROUP
LOAD c:/program files (x86)/atmel/studio/7.0/toolchain/avr8/avr8-gnu-toolchain/bin/../lib/gcc/avr/4.9.2/avr5\libgcc.a
LOAD c:/program files (x86)/atmel/studio/7.0/toolchain/avr8/avr8-gnu-toolchain/bin/../lib/gcc/avr/4.9.2/../../../../avr/lib/avr5\libm.a
START GROUP
LOAD c:/program files (x86)/atmel/studio/7.0/toolchain/avr8/avr8-gnu-toolchain/bin/../lib/gcc/avr/4.9.2/avr5\libgcc.a
LOAD c:/program files (x86)/atmel/studio/7.0/toolchain/avr8/avr8-gnu-toolchain/bin/../lib/gcc/avr/4.9.2/../../../../avr/lib/avr5\libm.a
LOAD c:/program files (x86)/atmel/studio/7.0/toolchain/avr8/avr8-gnu-toolchain/bin/../lib/gcc/avr/4.9.2/../../../../avr/lib/avr5\libc.a
LOAD C:/Program Files (x86)/Atmel/Studio/7.0/Packs/atmel/ATmega_DFP/1.0.90/gcc/dev/atmega16a/avr5\libatmega16a.a
END GROUP

.hash
 *(.hash)

.dynsym
 *(.dynsym)

.dynstr
 *(.dynstr)

.gnu.version
 *(.gnu.version)

.gnu.version_d
 *(.gnu.version_d)

.gnu.version_r
 *(.gnu.version_r)

.rel.init
 *(.rel.init)

.rela.init
 *(.rela.init)

.rel.text
 *(.rel.text)
 *(.rel.text.*)
 *(.rel.gnu.linkonce.t*)

.rela.text
 *(.rela.text)
 *(.rela.text.*)
 *(.rela.gnu.linkonce.t*)

.rel.fini
 *(.rel.fini)

.rela.fini
 *(.rela.fini)

.rel.rodata
 *(.rel.rodata)
 *(.rel.rodata.*)
 *(.rel.gnu.linkonce.r*)

.rela.rodata
 *(.rela.rodata)
 *(.rela.rodata.*)
 *(.rela.gnu.linkonce.r*)

.rel.data
 *(.rel.data)
 *(.rel.data.*)
 *(.rel.gnu.linkonce.d*)

.rela.data
 *(.rela.data)
 *(.rela.data.*)
 *(.rela.gnu.linkonce.d*)

.rel.ctors
 *(.rel.ctors)

.rela.ctors
 *(.rela.ctors)

.rel.dtors
 *(.rel.dtors)

.rela.dtors
 *(.rela.dtors)

.rel.got
 *(.rel.got)

.rela.got
 *(.rela.got)

.rel.bss
 *(.rel.bss)

.rela.bss
 *(.rela.bss)

.rel.plt
 *(.rel.plt)

.rela.plt
 *(.rela.plt)

.text           0x00000000     0x1490
 *(.vectors)
 .vectors       0x00000000       0x54 C:/Program Files (x86)/Atmel/Studio/7.0/Packs/atmel/ATmega_DFP/1.0.90/gcc/dev/atmega16a/avr5/crtatmega16a.o
                0x00000000                __vector_default
                0x00000000                __vectors
 *(.vectors)
 *(.progmem.gcc*)
                0x00000054                . = ALIGN (0x2)
                0x00000054                __trampolines_start = .
 *(.trampolines)
 .trampolines   0x00000054        0x0 linker stubs
 *(.trampolines*)
                0x00000054                __trampolines_end = .
 *(.progmem*)
                0x00000054                . = ALIGN (0x2)
 *(.jumptables)
 *(.jumptables*)
 *(.lowtext)
 *(.lowtext*)
                0x00000054                __ctors_start = .
 *(.ctors)
 .ctors         0x00000054        0x2 main.o
                0x00000056                __ctors_end = .
                0x00000056                __dtors_start = .
 *(.dtors)
 .dtors         0x00000056        0x2 main.o
                0x00000058                __dtors_end = .
 SORT(*)(.ctors)
 SORT(*)(.dtors)
 *(.init0)
 .init0         0x00000058        0x0 C:/Program Files (x86)/Atmel/Studio/7.0/Packs/atmel/ATmega_DFP/1.0.90/gcc/dev/atmega16a/avr5/crtatmega16a.o
                0x00000058                __init
 *(.init0)
 *(.init1)
 *(.init1)
 *(.init2)
 .init2         0x00000058        0xc C:/Program Files (x86)/Atmel/Studio/7.0/Packs/atmel/ATmega_DFP/1.0.90/gcc/dev/atmega16a/avr5/crtatmega16a.o
 *(.init2)
 *(.init3)
 *(.init3)
 *(.init4)
 .init4         0x00000064       0x16 c:/program files (x86)/atmel/studio/7.0/toolchain/avr8/avr8-gnu-toolchain/bin/../lib/gcc/avr/4.9.2/avr5\libgcc.a(_copy_data.o)
                0x00000064                __do_copy_data
 .init4         0x0000007a       0x10 c:/program files (x86)/atmel/studio/7.0/toolchain/avr8/avr8-gnu-toolchain/bin/../lib/gcc/avr/4.9.2/avr5\libgcc.a(_clear_bss.o)
                0x0000007a                __do_clear_bss
 *(.init4)
 *(.init5)
 *(.init5)
 *(.init6)
 .init6         0x0000008a       0x16 c:/program files (x86)/atmel/studio/7.0/toolchain/avr8/avr8-gnu-toolchain/bin/../lib/gcc/avr/4.9.2/avr5\libgcc.a(_ctors.o)
                0x0000008a                __do_global_ctors
 *(.init6)
 *(.init7)
 *(.init7)
 *(.init8)
 *(.init8)
 *(.init9)
 .init9         0x000000a0        0x8 C:/Program Files (x86)/Atmel/Studio/7.0/Packs/atmel/ATmega_DFP/1.0.90/gcc/dev/atmega16a/avr5/crtatmega16a.o
 *(.init9)
 *(.text)
 .text          0x000000a8        0x4 C:/Program Files (x86)/Atmel/Studio/7.0/Packs/atmel/ATmega_DFP/1.0.90/gcc/dev/atmega16a/avr5/crtatmega16a.o
                0x000000a8                __vector_1
                0x000000a8                __vector_12
                0x000000a8                __bad_interrupt
                0x000000a8                __vector_6
                0x000000a8                __vector_3
                0x000000a8                __vector_11
                0x000000a8                __vector_13
                0x000000a8                __vector_17
                0x000000a8                __vector_7
                0x000000a8                __vector_5
                0x000000a8                __vector_4
                0x000000a8                __vector_9
                0x000000a8                __vector_2
                0x000000a8                __vector_15
                0x000000a8                __vector_8
                0x000000a8                __vector_14
                0x000000a8                __vector_10
                0x000000a8                __vector_16
                0x000000a8                __vector_18
                0x000000a8                __vector_20
 .text          0x000000ac      0x670 main.o
                0x000000ac                _Znwj
                0x000000b2                _ZdlPv
                0x000000b8                __vector_19
                0x00000132                _Z18NextCalibrateStagev
                0x000001b6                _Z15KeyboardHandlerP4Task
                0x000002de                _Z13RegisterTasksv
                0x00000334                _Z13PWMInitializev
                0x0000036e                _Z15InitializePortsv
                0x00000384                _Z17InitializeProgramv
                0x000004ee                main
                0x0000071c                . = ALIGN (0x2)
 *(.text.*)
 .text._ZN4PinSILh53ELh51ELh52ELh6EE5ClearEv
                0x0000071c        0x4 main.o
                0x0000071c                _ZN4PinSILh53ELh51ELh52ELh6EE5ClearEv
 .text._ZN4PinSILh53ELh51ELh52ELh7EE3SetEv
                0x00000720        0x4 main.o
                0x00000720                _ZN4PinSILh53ELh51ELh52ELh7EE3SetEv
 .text._ZN4PinSILh53ELh51ELh52ELh7EE5ClearEv
                0x00000724        0x4 main.o
                0x00000724                _ZN4PinSILh53ELh51ELh52ELh7EE5ClearEv
 .text._ZN4PinSILh53ELh51ELh52ELh6EE3SetEv
                0x00000728        0x4 main.o
                0x00000728                _ZN4PinSILh53ELh51ELh52ELh6EE3SetEv
 .text._ZN4PinSILh53ELh51ELh52ELh0EE7FastSetEv
                0x0000072c        0x4 main.o
                0x0000072c                _ZN4PinSILh53ELh51ELh52ELh0EE7FastSetEv
 .text._ZN4PinSILh53ELh51ELh52ELh1EE7FastSetEv
                0x00000730        0x4 main.o
                0x00000730                _ZN4PinSILh53ELh51ELh52ELh1EE7FastSetEv
 .text._ZN4PinSILh53ELh51ELh52ELh2EE7FastSetEv
                0x00000734        0x4 main.o
                0x00000734                _ZN4PinSILh53ELh51ELh52ELh2EE7FastSetEv
 .text._ZN4PinSILh53ELh51ELh52ELh3EE7FastSetEv
                0x00000738        0x4 main.o
                0x00000738                _ZN4PinSILh53ELh51ELh52ELh3EE7FastSetEv
 .text._ZN4PinSILh53ELh51ELh52ELh4EE7FastSetEv
                0x0000073c        0x4 main.o
                0x0000073c                _ZN4PinSILh53ELh51ELh52ELh4EE7FastSetEv
 .text._ZN4PinSILh53ELh51ELh52ELh5EE7FastSetEv
                0x00000740        0x4 main.o
                0x00000740                _ZN4PinSILh53ELh51ELh52ELh5EE7FastSetEv
 .text._ZN4PinSILh53ELh51ELh52ELh0EE5ClearEv
                0x00000744        0x4 main.o
                0x00000744                _ZN4PinSILh53ELh51ELh52ELh0EE5ClearEv
 .text._ZN4PinSILh53ELh51ELh52ELh1EE5ClearEv
                0x00000748        0x4 main.o
                0x00000748                _ZN4PinSILh53ELh51ELh52ELh1EE5ClearEv
 .text._ZN4PinSILh53ELh51ELh52ELh2EE5ClearEv
                0x0000074c        0x4 main.o
                0x0000074c                _ZN4PinSILh53ELh51ELh52ELh2EE5ClearEv
 .text._ZN4PinSILh53ELh51ELh52ELh3EE5ClearEv
                0x00000750        0x4 main.o
                0x00000750                _ZN4PinSILh53ELh51ELh52ELh3EE5ClearEv
 .text._ZN4PinSILh53ELh51ELh52ELh4EE5ClearEv
                0x00000754        0x4 main.o
                0x00000754                _ZN4PinSILh53ELh51ELh52ELh4EE5ClearEv
 .text._ZN4PinSILh53ELh51ELh52ELh5EE5ClearEv
                0x00000758        0x4 main.o
                0x00000758                _ZN4PinSILh53ELh51ELh52ELh5EE5ClearEv
 .text._ZN4PinSILh53ELh51ELh52ELh7EE8AsOutputEv
                0x0000075c        0x4 main.o
                0x0000075c                _ZN4PinSILh53ELh51ELh52ELh7EE8AsOutputEv
 .text._ZN4PinSILh53ELh51ELh52ELh6EE8AsOutputEv
                0x00000760        0x4 main.o
                0x00000760                _ZN4PinSILh53ELh51ELh52ELh6EE8AsOutputEv
 .text._ZN4PinSILh53ELh51ELh52ELh0EED2Ev
                0x00000764        0x2 main.o
                0x00000764                _ZN4PinSILh53ELh51ELh52ELh0EED1Ev
                0x00000764                _ZN4PinSILh53ELh51ELh52ELh0EED2Ev
 .text._ZN4PinSILh53ELh51ELh52ELh1EED2Ev
                0x00000766        0x2 main.o
                0x00000766                _ZN4PinSILh53ELh51ELh52ELh1EED1Ev
                0x00000766                _ZN4PinSILh53ELh51ELh52ELh1EED2Ev
 .text._ZN4PinSILh53ELh51ELh52ELh2EED2Ev
                0x00000768        0x2 main.o
                0x00000768                _ZN4PinSILh53ELh51ELh52ELh2EED2Ev
                0x00000768                _ZN4PinSILh53ELh51ELh52ELh2EED1Ev
 .text._ZN4PinSILh53ELh51ELh52ELh3EED2Ev
                0x0000076a        0x2 main.o
                0x0000076a                _ZN4PinSILh53ELh51ELh52ELh3EED1Ev
                0x0000076a                _ZN4PinSILh53ELh51ELh52ELh3EED2Ev
 .text._ZN4PinSILh53ELh51ELh52ELh4EED2Ev
                0x0000076c        0x2 main.o
                0x0000076c                _ZN4PinSILh53ELh51ELh52ELh4EED2Ev
                0x0000076c                _ZN4PinSILh53ELh51ELh52ELh4EED1Ev
 .text._ZN4PinSILh53ELh51ELh52ELh5EED2Ev
                0x0000076e        0x2 main.o
                0x0000076e                _ZN4PinSILh53ELh51ELh52ELh5EED2Ev
                0x0000076e                _ZN4PinSILh53ELh51ELh52ELh5EED1Ev
 .text._ZN4PinSILh53ELh51ELh52ELh6EED2Ev
                0x00000770        0x2 main.o
                0x00000770                _ZN4PinSILh53ELh51ELh52ELh6EED2Ev
                0x00000770                _ZN4PinSILh53ELh51ELh52ELh6EED1Ev
 .text._ZN4PinSILh53ELh51ELh52ELh7EED2Ev
                0x00000772        0x2 main.o
                0x00000772                _ZN4PinSILh53ELh51ELh52ELh7EED1Ev
                0x00000772                _ZN4PinSILh53ELh51ELh52ELh7EED2Ev
 .text._ZN4PinSILh56ELh54ELh55ELh7EED2Ev
                0x00000774        0x2 main.o
                0x00000774                _ZN4PinSILh56ELh54ELh55ELh7EED2Ev
                0x00000774                _ZN4PinSILh56ELh54ELh55ELh7EED1Ev
 .text._ZN4PinSILh56ELh54ELh55ELh6EED2Ev
                0x00000776        0x2 main.o
                0x00000776                _ZN4PinSILh56ELh54ELh55ELh6EED1Ev
                0x00000776                _ZN4PinSILh56ELh54ELh55ELh6EED2Ev
 .text._ZN4PinSILh56ELh54ELh55ELh5EED2Ev
                0x00000778        0x2 main.o
                0x00000778                _ZN4PinSILh56ELh54ELh55ELh5EED2Ev
                0x00000778                _ZN4PinSILh56ELh54ELh55ELh5EED1Ev
 .text._ZN4PinSILh56ELh54ELh55ELh4EED2Ev
                0x0000077a        0x2 main.o
                0x0000077a                _ZN4PinSILh56ELh54ELh55ELh4EED2Ev
                0x0000077a                _ZN4PinSILh56ELh54ELh55ELh4EED1Ev
 .text._ZN4PinSILh56ELh54ELh55ELh3EED2Ev
                0x0000077c        0x2 main.o
                0x0000077c                _ZN4PinSILh56ELh54ELh55ELh3EED1Ev
                0x0000077c                _ZN4PinSILh56ELh54ELh55ELh3EED2Ev
 .text._ZN4PinSILh56ELh54ELh55ELh2EED2Ev
                0x0000077e        0x2 main.o
                0x0000077e                _ZN4PinSILh56ELh54ELh55ELh2EED2Ev
                0x0000077e                _ZN4PinSILh56ELh54ELh55ELh2EED1Ev
 .text._ZN4PinSILh56ELh54ELh55ELh1EED2Ev
                0x00000780        0x2 main.o
                0x00000780                _ZN4PinSILh56ELh54ELh55ELh1EED1Ev
                0x00000780                _ZN4PinSILh56ELh54ELh55ELh1EED2Ev
 .text._ZN4PinSILh56ELh54ELh55ELh0EED2Ev
                0x00000782        0x2 main.o
                0x00000782                _ZN4PinSILh56ELh54ELh55ELh0EED1Ev
                0x00000782                _ZN4PinSILh56ELh54ELh55ELh0EED2Ev
 .text._ZN4PinSILh59ELh57ELh58ELh2EED2Ev
                0x00000784        0x2 main.o
                0x00000784                _ZN4PinSILh59ELh57ELh58ELh2EED2Ev
                0x00000784                _ZN4PinSILh59ELh57ELh58ELh2EED1Ev
 .text._ZN4PinSILh59ELh57ELh58ELh1EED2Ev
                0x00000786        0x2 main.o
                0x00000786                _ZN4PinSILh59ELh57ELh58ELh1EED2Ev
                0x00000786                _ZN4PinSILh59ELh57ELh58ELh1EED1Ev
 .text._ZN4PinSILh59ELh57ELh58ELh0EED2Ev
                0x00000788        0x2 main.o
                0x00000788                _ZN4PinSILh59ELh57ELh58ELh0EED1Ev
                0x00000788                _ZN4PinSILh59ELh57ELh58ELh0EED2Ev
 .text._ZN4PinSILh53ELh51ELh52ELh0EE9FastClearEv
                0x0000078a        0x4 main.o
                0x0000078a                _ZN4PinSILh53ELh51ELh52ELh0EE9FastClearEv
 .text._ZN4PinSILh53ELh51ELh52ELh0EE10FastToggleEv
                0x0000078e        0xa main.o
                0x0000078e                _ZN4PinSILh53ELh51ELh52ELh0EE10FastToggleEv
 .text._ZN4PinSILh53ELh51ELh52ELh0EE12FastAsOutputEv
                0x00000798        0x4 main.o
                0x00000798                _ZN4PinSILh53ELh51ELh52ELh0EE12FastAsOutputEv
 .text._ZN4PinSILh53ELh51ELh52ELh0EE11FastAsInputEv
                0x0000079c        0x4 main.o
                0x0000079c                _ZN4PinSILh53ELh51ELh52ELh0EE11FastAsInputEv
 .text._ZN4PinSILh53ELh51ELh52ELh0EE7BoolSetEb
                0x000007a0       0x24 main.o
                0x000007a0                _ZN4PinSILh53ELh51ELh52ELh0EE7BoolSetEb
 .text._ZN4PinSILh53ELh51ELh52ELh0EE5CheckEv
                0x000007c4        0x6 main.o
                0x000007c4                _ZN4PinSILh53ELh51ELh52ELh0EE5CheckEv
 .text._ZN4PinSILh53ELh51ELh52ELh0EE3SetEv
                0x000007ca        0x4 main.o
                0x000007ca                _ZN4PinSILh53ELh51ELh52ELh0EE3SetEv
 .text._ZN4PinSILh53ELh51ELh52ELh0EE6ToggleEv
                0x000007ce        0xa main.o
                0x000007ce                _ZN4PinSILh53ELh51ELh52ELh0EE6ToggleEv
 .text._ZN4PinSILh53ELh51ELh52ELh0EE8AsOutputEv
                0x000007d8        0x4 main.o
                0x000007d8                _ZN4PinSILh53ELh51ELh52ELh0EE8AsOutputEv
 .text._ZN4PinSILh53ELh51ELh52ELh0EE7AsInputEv
                0x000007dc        0x4 main.o
                0x000007dc                _ZN4PinSILh53ELh51ELh52ELh0EE7AsInputEv
 .text._ZN4PinSILh53ELh51ELh52ELh1EE9FastClearEv
                0x000007e0        0x4 main.o
                0x000007e0                _ZN4PinSILh53ELh51ELh52ELh1EE9FastClearEv
 .text._ZN4PinSILh53ELh51ELh52ELh1EE10FastToggleEv
                0x000007e4        0xa main.o
                0x000007e4                _ZN4PinSILh53ELh51ELh52ELh1EE10FastToggleEv
 .text._ZN4PinSILh53ELh51ELh52ELh1EE12FastAsOutputEv
                0x000007ee        0x4 main.o
                0x000007ee                _ZN4PinSILh53ELh51ELh52ELh1EE12FastAsOutputEv
 .text._ZN4PinSILh53ELh51ELh52ELh1EE11FastAsInputEv
                0x000007f2        0x4 main.o
                0x000007f2                _ZN4PinSILh53ELh51ELh52ELh1EE11FastAsInputEv
 .text._ZN4PinSILh53ELh51ELh52ELh1EE7BoolSetEb
                0x000007f6       0x24 main.o
                0x000007f6                _ZN4PinSILh53ELh51ELh52ELh1EE7BoolSetEb
 .text._ZN4PinSILh53ELh51ELh52ELh1EE5CheckEv
                0x0000081a        0x8 main.o
                0x0000081a                _ZN4PinSILh53ELh51ELh52ELh1EE5CheckEv
 .text._ZN4PinSILh53ELh51ELh52ELh1EE3SetEv
                0x00000822        0x4 main.o
                0x00000822                _ZN4PinSILh53ELh51ELh52ELh1EE3SetEv
 .text._ZN4PinSILh53ELh51ELh52ELh1EE6ToggleEv
                0x00000826        0xa main.o
                0x00000826                _ZN4PinSILh53ELh51ELh52ELh1EE6ToggleEv
 .text._ZN4PinSILh53ELh51ELh52ELh1EE8AsOutputEv
                0x00000830        0x4 main.o
                0x00000830                _ZN4PinSILh53ELh51ELh52ELh1EE8AsOutputEv
 .text._ZN4PinSILh53ELh51ELh52ELh1EE7AsInputEv
                0x00000834        0x4 main.o
                0x00000834                _ZN4PinSILh53ELh51ELh52ELh1EE7AsInputEv
 .text._ZN4PinSILh53ELh51ELh52ELh2EE9FastClearEv
                0x00000838        0x4 main.o
                0x00000838                _ZN4PinSILh53ELh51ELh52ELh2EE9FastClearEv
 .text._ZN4PinSILh53ELh51ELh52ELh2EE10FastToggleEv
                0x0000083c        0xa main.o
                0x0000083c                _ZN4PinSILh53ELh51ELh52ELh2EE10FastToggleEv
 .text._ZN4PinSILh53ELh51ELh52ELh2EE12FastAsOutputEv
                0x00000846        0x4 main.o
                0x00000846                _ZN4PinSILh53ELh51ELh52ELh2EE12FastAsOutputEv
 .text._ZN4PinSILh53ELh51ELh52ELh2EE11FastAsInputEv
                0x0000084a        0x4 main.o
                0x0000084a                _ZN4PinSILh53ELh51ELh52ELh2EE11FastAsInputEv
 .text._ZN4PinSILh53ELh51ELh52ELh2EE7BoolSetEb
                0x0000084e       0x24 main.o
                0x0000084e                _ZN4PinSILh53ELh51ELh52ELh2EE7BoolSetEb
 .text._ZN4PinSILh53ELh51ELh52ELh2EE5CheckEv
                0x00000872        0xa main.o
                0x00000872                _ZN4PinSILh53ELh51ELh52ELh2EE5CheckEv
 .text._ZN4PinSILh53ELh51ELh52ELh2EE3SetEv
                0x0000087c        0x4 main.o
                0x0000087c                _ZN4PinSILh53ELh51ELh52ELh2EE3SetEv
 .text._ZN4PinSILh53ELh51ELh52ELh2EE6ToggleEv
                0x00000880        0xa main.o
                0x00000880                _ZN4PinSILh53ELh51ELh52ELh2EE6ToggleEv
 .text._ZN4PinSILh53ELh51ELh52ELh2EE8AsOutputEv
                0x0000088a        0x4 main.o
                0x0000088a                _ZN4PinSILh53ELh51ELh52ELh2EE8AsOutputEv
 .text._ZN4PinSILh53ELh51ELh52ELh2EE7AsInputEv
                0x0000088e        0x4 main.o
                0x0000088e                _ZN4PinSILh53ELh51ELh52ELh2EE7AsInputEv
 .text._ZN4PinSILh53ELh51ELh52ELh3EE9FastClearEv
                0x00000892        0x4 main.o
                0x00000892                _ZN4PinSILh53ELh51ELh52ELh3EE9FastClearEv
 .text._ZN4PinSILh53ELh51ELh52ELh3EE10FastToggleEv
                0x00000896        0xa main.o
                0x00000896                _ZN4PinSILh53ELh51ELh52ELh3EE10FastToggleEv
 .text._ZN4PinSILh53ELh51ELh52ELh3EE12FastAsOutputEv
                0x000008a0        0x4 main.o
                0x000008a0                _ZN4PinSILh53ELh51ELh52ELh3EE12FastAsOutputEv
 .text._ZN4PinSILh53ELh51ELh52ELh3EE11FastAsInputEv
                0x000008a4        0x4 main.o
                0x000008a4                _ZN4PinSILh53ELh51ELh52ELh3EE11FastAsInputEv
 .text._ZN4PinSILh53ELh51ELh52ELh3EE7BoolSetEb
                0x000008a8       0x24 main.o
                0x000008a8                _ZN4PinSILh53ELh51ELh52ELh3EE7BoolSetEb
 .text._ZN4PinSILh53ELh51ELh52ELh3EE5CheckEv
                0x000008cc        0xa main.o
                0x000008cc                _ZN4PinSILh53ELh51ELh52ELh3EE5CheckEv
 .text._ZN4PinSILh53ELh51ELh52ELh3EE3SetEv
                0x000008d6        0x4 main.o
                0x000008d6                _ZN4PinSILh53ELh51ELh52ELh3EE3SetEv
 .text._ZN4PinSILh53ELh51ELh52ELh3EE6ToggleEv
                0x000008da        0xa main.o
                0x000008da                _ZN4PinSILh53ELh51ELh52ELh3EE6ToggleEv
 .text._ZN4PinSILh53ELh51ELh52ELh3EE8AsOutputEv
                0x000008e4        0x4 main.o
                0x000008e4                _ZN4PinSILh53ELh51ELh52ELh3EE8AsOutputEv
 .text._ZN4PinSILh53ELh51ELh52ELh3EE7AsInputEv
                0x000008e8        0x4 main.o
                0x000008e8                _ZN4PinSILh53ELh51ELh52ELh3EE7AsInputEv
 .text._ZN4PinSILh53ELh51ELh52ELh4EE9FastClearEv
                0x000008ec        0x4 main.o
                0x000008ec                _ZN4PinSILh53ELh51ELh52ELh4EE9FastClearEv
 .text._ZN4PinSILh53ELh51ELh52ELh4EE10FastToggleEv
                0x000008f0        0xa main.o
                0x000008f0                _ZN4PinSILh53ELh51ELh52ELh4EE10FastToggleEv
 .text._ZN4PinSILh53ELh51ELh52ELh4EE12FastAsOutputEv
                0x000008fa        0x4 main.o
                0x000008fa                _ZN4PinSILh53ELh51ELh52ELh4EE12FastAsOutputEv
 .text._ZN4PinSILh53ELh51ELh52ELh4EE11FastAsInputEv
                0x000008fe        0x4 main.o
                0x000008fe                _ZN4PinSILh53ELh51ELh52ELh4EE11FastAsInputEv
 .text._ZN4PinSILh53ELh51ELh52ELh4EE7BoolSetEb
                0x00000902       0x24 main.o
                0x00000902                _ZN4PinSILh53ELh51ELh52ELh4EE7BoolSetEb
 .text._ZN4PinSILh53ELh51ELh52ELh4EE5CheckEv
                0x00000926        0x8 main.o
                0x00000926                _ZN4PinSILh53ELh51ELh52ELh4EE5CheckEv
 .text._ZN4PinSILh53ELh51ELh52ELh4EE3SetEv
                0x0000092e        0x4 main.o
                0x0000092e                _ZN4PinSILh53ELh51ELh52ELh4EE3SetEv
 .text._ZN4PinSILh53ELh51ELh52ELh4EE6ToggleEv
                0x00000932        0xa main.o
                0x00000932                _ZN4PinSILh53ELh51ELh52ELh4EE6ToggleEv
 .text._ZN4PinSILh53ELh51ELh52ELh4EE8AsOutputEv
                0x0000093c        0x4 main.o
                0x0000093c                _ZN4PinSILh53ELh51ELh52ELh4EE8AsOutputEv
 .text._ZN4PinSILh53ELh51ELh52ELh4EE7AsInputEv
                0x00000940        0x4 main.o
                0x00000940                _ZN4PinSILh53ELh51ELh52ELh4EE7AsInputEv
 .text._ZN4PinSILh53ELh51ELh52ELh5EE9FastClearEv
                0x00000944        0x4 main.o
                0x00000944                _ZN4PinSILh53ELh51ELh52ELh5EE9FastClearEv
 .text._ZN4PinSILh53ELh51ELh52ELh5EE10FastToggleEv
                0x00000948        0xa main.o
                0x00000948                _ZN4PinSILh53ELh51ELh52ELh5EE10FastToggleEv
 .text._ZN4PinSILh53ELh51ELh52ELh5EE12FastAsOutputEv
                0x00000952        0x4 main.o
                0x00000952                _ZN4PinSILh53ELh51ELh52ELh5EE12FastAsOutputEv
 .text._ZN4PinSILh53ELh51ELh52ELh5EE11FastAsInputEv
                0x00000956        0x4 main.o
                0x00000956                _ZN4PinSILh53ELh51ELh52ELh5EE11FastAsInputEv
 .text._ZN4PinSILh53ELh51ELh52ELh5EE7BoolSetEb
                0x0000095a       0x24 main.o
                0x0000095a                _ZN4PinSILh53ELh51ELh52ELh5EE7BoolSetEb
 .text._ZN4PinSILh53ELh51ELh52ELh5EE5CheckEv
                0x0000097e        0xa main.o
                0x0000097e                _ZN4PinSILh53ELh51ELh52ELh5EE5CheckEv
 .text._ZN4PinSILh53ELh51ELh52ELh5EE3SetEv
                0x00000988        0x4 main.o
                0x00000988                _ZN4PinSILh53ELh51ELh52ELh5EE3SetEv
 .text._ZN4PinSILh53ELh51ELh52ELh5EE6ToggleEv
                0x0000098c        0xa main.o
                0x0000098c                _ZN4PinSILh53ELh51ELh52ELh5EE6ToggleEv
 .text._ZN4PinSILh53ELh51ELh52ELh5EE8AsOutputEv
                0x00000996        0x4 main.o
                0x00000996                _ZN4PinSILh53ELh51ELh52ELh5EE8AsOutputEv
 .text._ZN4PinSILh53ELh51ELh52ELh5EE7AsInputEv
                0x0000099a        0x4 main.o
                0x0000099a                _ZN4PinSILh53ELh51ELh52ELh5EE7AsInputEv
 .text._ZN4PinSILh53ELh51ELh52ELh6EE7FastSetEv
                0x0000099e        0x4 main.o
                0x0000099e                _ZN4PinSILh53ELh51ELh52ELh6EE7FastSetEv
 .text._ZN4PinSILh53ELh51ELh52ELh6EE9FastClearEv
                0x000009a2        0x4 main.o
                0x000009a2                _ZN4PinSILh53ELh51ELh52ELh6EE9FastClearEv
 .text._ZN4PinSILh53ELh51ELh52ELh6EE10FastToggleEv
                0x000009a6        0xa main.o
                0x000009a6                _ZN4PinSILh53ELh51ELh52ELh6EE10FastToggleEv
 .text._ZN4PinSILh53ELh51ELh52ELh6EE12FastAsOutputEv
                0x000009b0        0x4 main.o
                0x000009b0                _ZN4PinSILh53ELh51ELh52ELh6EE12FastAsOutputEv
 .text._ZN4PinSILh53ELh51ELh52ELh6EE11FastAsInputEv
                0x000009b4        0x4 main.o
                0x000009b4                _ZN4PinSILh53ELh51ELh52ELh6EE11FastAsInputEv
 .text._ZN4PinSILh53ELh51ELh52ELh6EE7BoolSetEb
                0x000009b8       0x24 main.o
                0x000009b8                _ZN4PinSILh53ELh51ELh52ELh6EE7BoolSetEb
 .text._ZN4PinSILh53ELh51ELh52ELh6EE5CheckEv
                0x000009dc        0xa main.o
                0x000009dc                _ZN4PinSILh53ELh51ELh52ELh6EE5CheckEv
 .text._ZN4PinSILh53ELh51ELh52ELh6EE6ToggleEv
                0x000009e6        0xa main.o
                0x000009e6                _ZN4PinSILh53ELh51ELh52ELh6EE6ToggleEv
 .text._ZN4PinSILh53ELh51ELh52ELh6EE7AsInputEv
                0x000009f0        0x4 main.o
                0x000009f0                _ZN4PinSILh53ELh51ELh52ELh6EE7AsInputEv
 .text._ZN4PinSILh53ELh51ELh52ELh7EE7FastSetEv
                0x000009f4        0x4 main.o
                0x000009f4                _ZN4PinSILh53ELh51ELh52ELh7EE7FastSetEv
 .text._ZN4PinSILh53ELh51ELh52ELh7EE9FastClearEv
                0x000009f8        0x4 main.o
                0x000009f8                _ZN4PinSILh53ELh51ELh52ELh7EE9FastClearEv
 .text._ZN4PinSILh53ELh51ELh52ELh7EE10FastToggleEv
                0x000009fc        0x8 main.o
                0x000009fc                _ZN4PinSILh53ELh51ELh52ELh7EE10FastToggleEv
 .text._ZN4PinSILh53ELh51ELh52ELh7EE12FastAsOutputEv
                0x00000a04        0x4 main.o
                0x00000a04                _ZN4PinSILh53ELh51ELh52ELh7EE12FastAsOutputEv
 .text._ZN4PinSILh53ELh51ELh52ELh7EE11FastAsInputEv
                0x00000a08        0x4 main.o
                0x00000a08                _ZN4PinSILh53ELh51ELh52ELh7EE11FastAsInputEv
 .text._ZN4PinSILh53ELh51ELh52ELh7EE7BoolSetEb
                0x00000a0c       0x24 main.o
                0x00000a0c                _ZN4PinSILh53ELh51ELh52ELh7EE7BoolSetEb
 .text._ZN4PinSILh53ELh51ELh52ELh7EE5CheckEv
                0x00000a30        0x8 main.o
                0x00000a30                _ZN4PinSILh53ELh51ELh52ELh7EE5CheckEv
 .text._ZN4PinSILh53ELh51ELh52ELh7EE6ToggleEv
                0x00000a38        0x8 main.o
                0x00000a38                _ZN4PinSILh53ELh51ELh52ELh7EE6ToggleEv
 .text._ZN4PinSILh53ELh51ELh52ELh7EE7AsInputEv
                0x00000a40        0x4 main.o
                0x00000a40                _ZN4PinSILh53ELh51ELh52ELh7EE7AsInputEv
 .text._ZN4PinSILh56ELh54ELh55ELh7EE7FastSetEv
                0x00000a44        0x4 main.o
                0x00000a44                _ZN4PinSILh56ELh54ELh55ELh7EE7FastSetEv
 .text._ZN4PinSILh56ELh54ELh55ELh7EE9FastClearEv
                0x00000a48        0x4 main.o
                0x00000a48                _ZN4PinSILh56ELh54ELh55ELh7EE9FastClearEv
 .text._ZN4PinSILh56ELh54ELh55ELh7EE10FastToggleEv
                0x00000a4c        0x8 main.o
                0x00000a4c                _ZN4PinSILh56ELh54ELh55ELh7EE10FastToggleEv
 .text._ZN4PinSILh56ELh54ELh55ELh7EE12FastAsOutputEv
                0x00000a54        0x4 main.o
                0x00000a54                _ZN4PinSILh56ELh54ELh55ELh7EE12FastAsOutputEv
 .text._ZN4PinSILh56ELh54ELh55ELh7EE11FastAsInputEv
                0x00000a58        0x4 main.o
                0x00000a58                _ZN4PinSILh56ELh54ELh55ELh7EE11FastAsInputEv
 .text._ZN4PinSILh56ELh54ELh55ELh7EE7BoolSetEb
                0x00000a5c       0x24 main.o
                0x00000a5c                _ZN4PinSILh56ELh54ELh55ELh7EE7BoolSetEb
 .text._ZN4PinSILh56ELh54ELh55ELh7EE5CheckEv
                0x00000a80        0x8 main.o
                0x00000a80                _ZN4PinSILh56ELh54ELh55ELh7EE5CheckEv
 .text._ZN4PinSILh56ELh54ELh55ELh7EE3SetEv
                0x00000a88        0x4 main.o
                0x00000a88                _ZN4PinSILh56ELh54ELh55ELh7EE3SetEv
 .text._ZN4PinSILh56ELh54ELh55ELh7EE5ClearEv
                0x00000a8c        0x4 main.o
                0x00000a8c                _ZN4PinSILh56ELh54ELh55ELh7EE5ClearEv
 .text._ZN4PinSILh56ELh54ELh55ELh7EE6ToggleEv
                0x00000a90        0x8 main.o
                0x00000a90                _ZN4PinSILh56ELh54ELh55ELh7EE6ToggleEv
 .text._ZN4PinSILh56ELh54ELh55ELh7EE8AsOutputEv
                0x00000a98        0x4 main.o
                0x00000a98                _ZN4PinSILh56ELh54ELh55ELh7EE8AsOutputEv
 .text._ZN4PinSILh56ELh54ELh55ELh7EE7AsInputEv
                0x00000a9c        0x4 main.o
                0x00000a9c                _ZN4PinSILh56ELh54ELh55ELh7EE7AsInputEv
 .text._ZN4PinSILh56ELh54ELh55ELh6EE7FastSetEv
                0x00000aa0        0x4 main.o
                0x00000aa0                _ZN4PinSILh56ELh54ELh55ELh6EE7FastSetEv
 .text._ZN4PinSILh56ELh54ELh55ELh6EE9FastClearEv
                0x00000aa4        0x4 main.o
                0x00000aa4                _ZN4PinSILh56ELh54ELh55ELh6EE9FastClearEv
 .text._ZN4PinSILh56ELh54ELh55ELh6EE10FastToggleEv
                0x00000aa8        0xa main.o
                0x00000aa8                _ZN4PinSILh56ELh54ELh55ELh6EE10FastToggleEv
 .text._ZN4PinSILh56ELh54ELh55ELh6EE12FastAsOutputEv
                0x00000ab2        0x4 main.o
                0x00000ab2                _ZN4PinSILh56ELh54ELh55ELh6EE12FastAsOutputEv
 .text._ZN4PinSILh56ELh54ELh55ELh6EE11FastAsInputEv
                0x00000ab6        0x4 main.o
                0x00000ab6                _ZN4PinSILh56ELh54ELh55ELh6EE11FastAsInputEv
 .text._ZN4PinSILh56ELh54ELh55ELh6EE7BoolSetEb
                0x00000aba       0x24 main.o
                0x00000aba                _ZN4PinSILh56ELh54ELh55ELh6EE7BoolSetEb
 .text._ZN4PinSILh56ELh54ELh55ELh6EE5CheckEv
                0x00000ade        0xa main.o
                0x00000ade                _ZN4PinSILh56ELh54ELh55ELh6EE5CheckEv
 .text._ZN4PinSILh56ELh54ELh55ELh6EE3SetEv
                0x00000ae8        0x4 main.o
                0x00000ae8                _ZN4PinSILh56ELh54ELh55ELh6EE3SetEv
 .text._ZN4PinSILh56ELh54ELh55ELh6EE5ClearEv
                0x00000aec        0x4 main.o
                0x00000aec                _ZN4PinSILh56ELh54ELh55ELh6EE5ClearEv
 .text._ZN4PinSILh56ELh54ELh55ELh6EE6ToggleEv
                0x00000af0        0xa main.o
                0x00000af0                _ZN4PinSILh56ELh54ELh55ELh6EE6ToggleEv
 .text._ZN4PinSILh56ELh54ELh55ELh6EE8AsOutputEv
                0x00000afa        0x4 main.o
                0x00000afa                _ZN4PinSILh56ELh54ELh55ELh6EE8AsOutputEv
 .text._ZN4PinSILh56ELh54ELh55ELh6EE7AsInputEv
                0x00000afe        0x4 main.o
                0x00000afe                _ZN4PinSILh56ELh54ELh55ELh6EE7AsInputEv
 .text._ZN4PinSILh56ELh54ELh55ELh5EE7FastSetEv
                0x00000b02        0x4 main.o
                0x00000b02                _ZN4PinSILh56ELh54ELh55ELh5EE7FastSetEv
 .text._ZN4PinSILh56ELh54ELh55ELh5EE9FastClearEv
                0x00000b06        0x4 main.o
                0x00000b06                _ZN4PinSILh56ELh54ELh55ELh5EE9FastClearEv
 .text._ZN4PinSILh56ELh54ELh55ELh5EE10FastToggleEv
                0x00000b0a        0xa main.o
                0x00000b0a                _ZN4PinSILh56ELh54ELh55ELh5EE10FastToggleEv
 .text._ZN4PinSILh56ELh54ELh55ELh5EE12FastAsOutputEv
                0x00000b14        0x4 main.o
                0x00000b14                _ZN4PinSILh56ELh54ELh55ELh5EE12FastAsOutputEv
 .text._ZN4PinSILh56ELh54ELh55ELh5EE11FastAsInputEv
                0x00000b18        0x4 main.o
                0x00000b18                _ZN4PinSILh56ELh54ELh55ELh5EE11FastAsInputEv
 .text._ZN4PinSILh56ELh54ELh55ELh5EE7BoolSetEb
                0x00000b1c       0x24 main.o
                0x00000b1c                _ZN4PinSILh56ELh54ELh55ELh5EE7BoolSetEb
 .text._ZN4PinSILh56ELh54ELh55ELh5EE5CheckEv
                0x00000b40        0xa main.o
                0x00000b40                _ZN4PinSILh56ELh54ELh55ELh5EE5CheckEv
 .text._ZN4PinSILh56ELh54ELh55ELh5EE3SetEv
                0x00000b4a        0x4 main.o
                0x00000b4a                _ZN4PinSILh56ELh54ELh55ELh5EE3SetEv
 .text._ZN4PinSILh56ELh54ELh55ELh5EE5ClearEv
                0x00000b4e        0x4 main.o
                0x00000b4e                _ZN4PinSILh56ELh54ELh55ELh5EE5ClearEv
 .text._ZN4PinSILh56ELh54ELh55ELh5EE6ToggleEv
                0x00000b52        0xa main.o
                0x00000b52                _ZN4PinSILh56ELh54ELh55ELh5EE6ToggleEv
 .text._ZN4PinSILh56ELh54ELh55ELh5EE8AsOutputEv
                0x00000b5c        0x4 main.o
                0x00000b5c                _ZN4PinSILh56ELh54ELh55ELh5EE8AsOutputEv
 .text._ZN4PinSILh56ELh54ELh55ELh5EE7AsInputEv
                0x00000b60        0x4 main.o
                0x00000b60                _ZN4PinSILh56ELh54ELh55ELh5EE7AsInputEv
 .text._ZN4PinSILh56ELh54ELh55ELh4EE7FastSetEv
                0x00000b64        0x4 main.o
                0x00000b64                _ZN4PinSILh56ELh54ELh55ELh4EE7FastSetEv
 .text._ZN4PinSILh56ELh54ELh55ELh4EE9FastClearEv
                0x00000b68        0x4 main.o
                0x00000b68                _ZN4PinSILh56ELh54ELh55ELh4EE9FastClearEv
 .text._ZN4PinSILh56ELh54ELh55ELh4EE10FastToggleEv
                0x00000b6c        0xa main.o
                0x00000b6c                _ZN4PinSILh56ELh54ELh55ELh4EE10FastToggleEv
 .text._ZN4PinSILh56ELh54ELh55ELh4EE12FastAsOutputEv
                0x00000b76        0x4 main.o
                0x00000b76                _ZN4PinSILh56ELh54ELh55ELh4EE12FastAsOutputEv
 .text._ZN4PinSILh56ELh54ELh55ELh4EE11FastAsInputEv
                0x00000b7a        0x4 main.o
                0x00000b7a                _ZN4PinSILh56ELh54ELh55ELh4EE11FastAsInputEv
 .text._ZN4PinSILh56ELh54ELh55ELh4EE7BoolSetEb
                0x00000b7e       0x24 main.o
                0x00000b7e                _ZN4PinSILh56ELh54ELh55ELh4EE7BoolSetEb
 .text._ZN4PinSILh56ELh54ELh55ELh4EE5CheckEv
                0x00000ba2        0x8 main.o
                0x00000ba2                _ZN4PinSILh56ELh54ELh55ELh4EE5CheckEv
 .text._ZN4PinSILh56ELh54ELh55ELh4EE3SetEv
                0x00000baa        0x4 main.o
                0x00000baa                _ZN4PinSILh56ELh54ELh55ELh4EE3SetEv
 .text._ZN4PinSILh56ELh54ELh55ELh4EE5ClearEv
                0x00000bae        0x4 main.o
                0x00000bae                _ZN4PinSILh56ELh54ELh55ELh4EE5ClearEv
 .text._ZN4PinSILh56ELh54ELh55ELh4EE6ToggleEv
                0x00000bb2        0xa main.o
                0x00000bb2                _ZN4PinSILh56ELh54ELh55ELh4EE6ToggleEv
 .text._ZN4PinSILh56ELh54ELh55ELh4EE8AsOutputEv
                0x00000bbc        0x4 main.o
                0x00000bbc                _ZN4PinSILh56ELh54ELh55ELh4EE8AsOutputEv
 .text._ZN4PinSILh56ELh54ELh55ELh4EE7AsInputEv
                0x00000bc0        0x4 main.o
                0x00000bc0                _ZN4PinSILh56ELh54ELh55ELh4EE7AsInputEv
 .text._ZN4PinSILh56ELh54ELh55ELh3EE7FastSetEv
                0x00000bc4        0x4 main.o
                0x00000bc4                _ZN4PinSILh56ELh54ELh55ELh3EE7FastSetEv
 .text._ZN4PinSILh56ELh54ELh55ELh3EE9FastClearEv
                0x00000bc8        0x4 main.o
                0x00000bc8                _ZN4PinSILh56ELh54ELh55ELh3EE9FastClearEv
 .text._ZN4PinSILh56ELh54ELh55ELh3EE10FastToggleEv
                0x00000bcc        0xa main.o
                0x00000bcc                _ZN4PinSILh56ELh54ELh55ELh3EE10FastToggleEv
 .text._ZN4PinSILh56ELh54ELh55ELh3EE12FastAsOutputEv
                0x00000bd6        0x4 main.o
                0x00000bd6                _ZN4PinSILh56ELh54ELh55ELh3EE12FastAsOutputEv
 .text._ZN4PinSILh56ELh54ELh55ELh3EE11FastAsInputEv
                0x00000bda        0x4 main.o
                0x00000bda                _ZN4PinSILh56ELh54ELh55ELh3EE11FastAsInputEv
 .text._ZN4PinSILh56ELh54ELh55ELh3EE7BoolSetEb
                0x00000bde       0x24 main.o
                0x00000bde                _ZN4PinSILh56ELh54ELh55ELh3EE7BoolSetEb
 .text._ZN4PinSILh56ELh54ELh55ELh3EE5CheckEv
                0x00000c02        0xa main.o
                0x00000c02                _ZN4PinSILh56ELh54ELh55ELh3EE5CheckEv
 .text._ZN4PinSILh56ELh54ELh55ELh3EE3SetEv
                0x00000c0c        0x4 main.o
                0x00000c0c                _ZN4PinSILh56ELh54ELh55ELh3EE3SetEv
 .text._ZN4PinSILh56ELh54ELh55ELh3EE5ClearEv
                0x00000c10        0x4 main.o
                0x00000c10                _ZN4PinSILh56ELh54ELh55ELh3EE5ClearEv
 .text._ZN4PinSILh56ELh54ELh55ELh3EE6ToggleEv
                0x00000c14        0xa main.o
                0x00000c14                _ZN4PinSILh56ELh54ELh55ELh3EE6ToggleEv
 .text._ZN4PinSILh56ELh54ELh55ELh3EE8AsOutputEv
                0x00000c1e        0x4 main.o
                0x00000c1e                _ZN4PinSILh56ELh54ELh55ELh3EE8AsOutputEv
 .text._ZN4PinSILh56ELh54ELh55ELh3EE7AsInputEv
                0x00000c22        0x4 main.o
                0x00000c22                _ZN4PinSILh56ELh54ELh55ELh3EE7AsInputEv
 .text._ZN4PinSILh56ELh54ELh55ELh2EE7FastSetEv
                0x00000c26        0x4 main.o
                0x00000c26                _ZN4PinSILh56ELh54ELh55ELh2EE7FastSetEv
 .text._ZN4PinSILh56ELh54ELh55ELh2EE9FastClearEv
                0x00000c2a        0x4 main.o
                0x00000c2a                _ZN4PinSILh56ELh54ELh55ELh2EE9FastClearEv
 .text._ZN4PinSILh56ELh54ELh55ELh2EE10FastToggleEv
                0x00000c2e        0xa main.o
                0x00000c2e                _ZN4PinSILh56ELh54ELh55ELh2EE10FastToggleEv
 .text._ZN4PinSILh56ELh54ELh55ELh2EE12FastAsOutputEv
                0x00000c38        0x4 main.o
                0x00000c38                _ZN4PinSILh56ELh54ELh55ELh2EE12FastAsOutputEv
 .text._ZN4PinSILh56ELh54ELh55ELh2EE11FastAsInputEv
                0x00000c3c        0x4 main.o
                0x00000c3c                _ZN4PinSILh56ELh54ELh55ELh2EE11FastAsInputEv
 .text._ZN4PinSILh56ELh54ELh55ELh2EE7BoolSetEb
                0x00000c40       0x24 main.o
                0x00000c40                _ZN4PinSILh56ELh54ELh55ELh2EE7BoolSetEb
 .text._ZN4PinSILh56ELh54ELh55ELh2EE5CheckEv
                0x00000c64        0xa main.o
                0x00000c64                _ZN4PinSILh56ELh54ELh55ELh2EE5CheckEv
 .text._ZN4PinSILh56ELh54ELh55ELh2EE3SetEv
                0x00000c6e        0x4 main.o
                0x00000c6e                _ZN4PinSILh56ELh54ELh55ELh2EE3SetEv
 .text._ZN4PinSILh56ELh54ELh55ELh2EE5ClearEv
                0x00000c72        0x4 main.o
                0x00000c72                _ZN4PinSILh56ELh54ELh55ELh2EE5ClearEv
 .text._ZN4PinSILh56ELh54ELh55ELh2EE6ToggleEv
                0x00000c76        0xa main.o
                0x00000c76                _ZN4PinSILh56ELh54ELh55ELh2EE6ToggleEv
 .text._ZN4PinSILh56ELh54ELh55ELh2EE8AsOutputEv
                0x00000c80        0x4 main.o
                0x00000c80                _ZN4PinSILh56ELh54ELh55ELh2EE8AsOutputEv
 .text._ZN4PinSILh56ELh54ELh55ELh2EE7AsInputEv
                0x00000c84        0x4 main.o
                0x00000c84                _ZN4PinSILh56ELh54ELh55ELh2EE7AsInputEv
 .text._ZN4PinSILh56ELh54ELh55ELh1EE7FastSetEv
                0x00000c88        0x4 main.o
                0x00000c88                _ZN4PinSILh56ELh54ELh55ELh1EE7FastSetEv
 .text._ZN4PinSILh56ELh54ELh55ELh1EE9FastClearEv
                0x00000c8c        0x4 main.o
                0x00000c8c                _ZN4PinSILh56ELh54ELh55ELh1EE9FastClearEv
 .text._ZN4PinSILh56ELh54ELh55ELh1EE10FastToggleEv
                0x00000c90        0xa main.o
                0x00000c90                _ZN4PinSILh56ELh54ELh55ELh1EE10FastToggleEv
 .text._ZN4PinSILh56ELh54ELh55ELh1EE12FastAsOutputEv
                0x00000c9a        0x4 main.o
                0x00000c9a                _ZN4PinSILh56ELh54ELh55ELh1EE12FastAsOutputEv
 .text._ZN4PinSILh56ELh54ELh55ELh1EE11FastAsInputEv
                0x00000c9e        0x4 main.o
                0x00000c9e                _ZN4PinSILh56ELh54ELh55ELh1EE11FastAsInputEv
 .text._ZN4PinSILh56ELh54ELh55ELh1EE7BoolSetEb
                0x00000ca2       0x24 main.o
                0x00000ca2                _ZN4PinSILh56ELh54ELh55ELh1EE7BoolSetEb
 .text._ZN4PinSILh56ELh54ELh55ELh1EE5CheckEv
                0x00000cc6        0x8 main.o
                0x00000cc6                _ZN4PinSILh56ELh54ELh55ELh1EE5CheckEv
 .text._ZN4PinSILh56ELh54ELh55ELh1EE3SetEv
                0x00000cce        0x4 main.o
                0x00000cce                _ZN4PinSILh56ELh54ELh55ELh1EE3SetEv
 .text._ZN4PinSILh56ELh54ELh55ELh1EE5ClearEv
                0x00000cd2        0x4 main.o
                0x00000cd2                _ZN4PinSILh56ELh54ELh55ELh1EE5ClearEv
 .text._ZN4PinSILh56ELh54ELh55ELh1EE6ToggleEv
                0x00000cd6        0xa main.o
                0x00000cd6                _ZN4PinSILh56ELh54ELh55ELh1EE6ToggleEv
 .text._ZN4PinSILh56ELh54ELh55ELh1EE8AsOutputEv
                0x00000ce0        0x4 main.o
                0x00000ce0                _ZN4PinSILh56ELh54ELh55ELh1EE8AsOutputEv
 .text._ZN4PinSILh56ELh54ELh55ELh1EE7AsInputEv
                0x00000ce4        0x4 main.o
                0x00000ce4                _ZN4PinSILh56ELh54ELh55ELh1EE7AsInputEv
 .text._ZN4PinSILh56ELh54ELh55ELh0EE7FastSetEv
                0x00000ce8        0x4 main.o
                0x00000ce8                _ZN4PinSILh56ELh54ELh55ELh0EE7FastSetEv
 .text._ZN4PinSILh56ELh54ELh55ELh0EE9FastClearEv
                0x00000cec        0x4 main.o
                0x00000cec                _ZN4PinSILh56ELh54ELh55ELh0EE9FastClearEv
 .text._ZN4PinSILh56ELh54ELh55ELh0EE10FastToggleEv
                0x00000cf0        0xa main.o
                0x00000cf0                _ZN4PinSILh56ELh54ELh55ELh0EE10FastToggleEv
 .text._ZN4PinSILh56ELh54ELh55ELh0EE12FastAsOutputEv
                0x00000cfa        0x4 main.o
                0x00000cfa                _ZN4PinSILh56ELh54ELh55ELh0EE12FastAsOutputEv
 .text._ZN4PinSILh56ELh54ELh55ELh0EE11FastAsInputEv
                0x00000cfe        0x4 main.o
                0x00000cfe                _ZN4PinSILh56ELh54ELh55ELh0EE11FastAsInputEv
 .text._ZN4PinSILh56ELh54ELh55ELh0EE7BoolSetEb
                0x00000d02       0x24 main.o
                0x00000d02                _ZN4PinSILh56ELh54ELh55ELh0EE7BoolSetEb
 .text._ZN4PinSILh56ELh54ELh55ELh0EE5CheckEv
                0x00000d26        0x6 main.o
                0x00000d26                _ZN4PinSILh56ELh54ELh55ELh0EE5CheckEv
 .text._ZN4PinSILh56ELh54ELh55ELh0EE3SetEv
                0x00000d2c        0x4 main.o
                0x00000d2c                _ZN4PinSILh56ELh54ELh55ELh0EE3SetEv
 .text._ZN4PinSILh56ELh54ELh55ELh0EE5ClearEv
                0x00000d30        0x4 main.o
                0x00000d30                _ZN4PinSILh56ELh54ELh55ELh0EE5ClearEv
 .text._ZN4PinSILh56ELh54ELh55ELh0EE6ToggleEv
                0x00000d34        0xa main.o
                0x00000d34                _ZN4PinSILh56ELh54ELh55ELh0EE6ToggleEv
 .text._ZN4PinSILh56ELh54ELh55ELh0EE8AsOutputEv
                0x00000d3e        0x4 main.o
                0x00000d3e                _ZN4PinSILh56ELh54ELh55ELh0EE8AsOutputEv
 .text._ZN4PinSILh56ELh54ELh55ELh0EE7AsInputEv
                0x00000d42        0x4 main.o
                0x00000d42                _ZN4PinSILh56ELh54ELh55ELh0EE7AsInputEv
 .text._ZN4PinSILh59ELh57ELh58ELh2EE7FastSetEv
                0x00000d46        0x4 main.o
                0x00000d46                _ZN4PinSILh59ELh57ELh58ELh2EE7FastSetEv
 .text._ZN4PinSILh59ELh57ELh58ELh2EE9FastClearEv
                0x00000d4a        0x4 main.o
                0x00000d4a                _ZN4PinSILh59ELh57ELh58ELh2EE9FastClearEv
 .text._ZN4PinSILh59ELh57ELh58ELh2EE10FastToggleEv
                0x00000d4e        0xa main.o
                0x00000d4e                _ZN4PinSILh59ELh57ELh58ELh2EE10FastToggleEv
 .text._ZN4PinSILh59ELh57ELh58ELh2EE12FastAsOutputEv
                0x00000d58        0x4 main.o
                0x00000d58                _ZN4PinSILh59ELh57ELh58ELh2EE12FastAsOutputEv
 .text._ZN4PinSILh59ELh57ELh58ELh2EE11FastAsInputEv
                0x00000d5c        0x4 main.o
                0x00000d5c                _ZN4PinSILh59ELh57ELh58ELh2EE11FastAsInputEv
 .text._ZN4PinSILh59ELh57ELh58ELh2EE7BoolSetEb
                0x00000d60       0x24 main.o
                0x00000d60                _ZN4PinSILh59ELh57ELh58ELh2EE7BoolSetEb
 .text._ZN4PinSILh59ELh57ELh58ELh2EE5CheckEv
                0x00000d84        0xa main.o
                0x00000d84                _ZN4PinSILh59ELh57ELh58ELh2EE5CheckEv
 .text._ZN4PinSILh59ELh57ELh58ELh2EE3SetEv
                0x00000d8e        0x4 main.o
                0x00000d8e                _ZN4PinSILh59ELh57ELh58ELh2EE3SetEv
 .text._ZN4PinSILh59ELh57ELh58ELh2EE5ClearEv
                0x00000d92        0x4 main.o
                0x00000d92                _ZN4PinSILh59ELh57ELh58ELh2EE5ClearEv
 .text._ZN4PinSILh59ELh57ELh58ELh2EE6ToggleEv
                0x00000d96        0xa main.o
                0x00000d96                _ZN4PinSILh59ELh57ELh58ELh2EE6ToggleEv
 .text._ZN4PinSILh59ELh57ELh58ELh2EE8AsOutputEv
                0x00000da0        0x4 main.o
                0x00000da0                _ZN4PinSILh59ELh57ELh58ELh2EE8AsOutputEv
 .text._ZN4PinSILh59ELh57ELh58ELh2EE7AsInputEv
                0x00000da4        0x4 main.o
                0x00000da4                _ZN4PinSILh59ELh57ELh58ELh2EE7AsInputEv
 .text._ZN4PinSILh59ELh57ELh58ELh1EE7FastSetEv
                0x00000da8        0x4 main.o
                0x00000da8                _ZN4PinSILh59ELh57ELh58ELh1EE7FastSetEv
 .text._ZN4PinSILh59ELh57ELh58ELh1EE9FastClearEv
                0x00000dac        0x4 main.o
                0x00000dac                _ZN4PinSILh59ELh57ELh58ELh1EE9FastClearEv
 .text._ZN4PinSILh59ELh57ELh58ELh1EE10FastToggleEv
                0x00000db0        0xa main.o
                0x00000db0                _ZN4PinSILh59ELh57ELh58ELh1EE10FastToggleEv
 .text._ZN4PinSILh59ELh57ELh58ELh1EE12FastAsOutputEv
                0x00000dba        0x4 main.o
                0x00000dba                _ZN4PinSILh59ELh57ELh58ELh1EE12FastAsOutputEv
 .text._ZN4PinSILh59ELh57ELh58ELh1EE11FastAsInputEv
                0x00000dbe        0x4 main.o
                0x00000dbe                _ZN4PinSILh59ELh57ELh58ELh1EE11FastAsInputEv
 .text._ZN4PinSILh59ELh57ELh58ELh1EE7BoolSetEb
                0x00000dc2       0x24 main.o
                0x00000dc2                _ZN4PinSILh59ELh57ELh58ELh1EE7BoolSetEb
 .text._ZN4PinSILh59ELh57ELh58ELh1EE5CheckEv
                0x00000de6        0x8 main.o
                0x00000de6                _ZN4PinSILh59ELh57ELh58ELh1EE5CheckEv
 .text._ZN4PinSILh59ELh57ELh58ELh1EE3SetEv
                0x00000dee        0x4 main.o
                0x00000dee                _ZN4PinSILh59ELh57ELh58ELh1EE3SetEv
 .text._ZN4PinSILh59ELh57ELh58ELh1EE5ClearEv
                0x00000df2        0x4 main.o
                0x00000df2                _ZN4PinSILh59ELh57ELh58ELh1EE5ClearEv
 .text._ZN4PinSILh59ELh57ELh58ELh1EE6ToggleEv
                0x00000df6        0xa main.o
                0x00000df6                _ZN4PinSILh59ELh57ELh58ELh1EE6ToggleEv
 .text._ZN4PinSILh59ELh57ELh58ELh1EE8AsOutputEv
                0x00000e00        0x4 main.o
                0x00000e00                _ZN4PinSILh59ELh57ELh58ELh1EE8AsOutputEv
 .text._ZN4PinSILh59ELh57ELh58ELh1EE7AsInputEv
                0x00000e04        0x4 main.o
                0x00000e04                _ZN4PinSILh59ELh57ELh58ELh1EE7AsInputEv
 .text._ZN4PinSILh59ELh57ELh58ELh0EE7FastSetEv
                0x00000e08        0x4 main.o
                0x00000e08                _ZN4PinSILh59ELh57ELh58ELh0EE7FastSetEv
 .text._ZN4PinSILh59ELh57ELh58ELh0EE9FastClearEv
                0x00000e0c        0x4 main.o
                0x00000e0c                _ZN4PinSILh59ELh57ELh58ELh0EE9FastClearEv
 .text._ZN4PinSILh59ELh57ELh58ELh0EE10FastToggleEv
                0x00000e10        0xa main.o
                0x00000e10                _ZN4PinSILh59ELh57ELh58ELh0EE10FastToggleEv
 .text._ZN4PinSILh59ELh57ELh58ELh0EE12FastAsOutputEv
                0x00000e1a        0x4 main.o
                0x00000e1a                _ZN4PinSILh59ELh57ELh58ELh0EE12FastAsOutputEv
 .text._ZN4PinSILh59ELh57ELh58ELh0EE11FastAsInputEv
                0x00000e1e        0x4 main.o
                0x00000e1e                _ZN4PinSILh59ELh57ELh58ELh0EE11FastAsInputEv
 .text._ZN4PinSILh59ELh57ELh58ELh0EE7BoolSetEb
                0x00000e22       0x24 main.o
                0x00000e22                _ZN4PinSILh59ELh57ELh58ELh0EE7BoolSetEb
 .text._ZN4PinSILh59ELh57ELh58ELh0EE5CheckEv
                0x00000e46        0x6 main.o
                0x00000e46                _ZN4PinSILh59ELh57ELh58ELh0EE5CheckEv
 .text._ZN4PinSILh59ELh57ELh58ELh0EE3SetEv
                0x00000e4c        0x4 main.o
                0x00000e4c                _ZN4PinSILh59ELh57ELh58ELh0EE3SetEv
 .text._ZN4PinSILh59ELh57ELh58ELh0EE5ClearEv
                0x00000e50        0x4 main.o
                0x00000e50                _ZN4PinSILh59ELh57ELh58ELh0EE5ClearEv
 .text._ZN4PinSILh59ELh57ELh58ELh0EE6ToggleEv
                0x00000e54        0xa main.o
                0x00000e54                _ZN4PinSILh59ELh57ELh58ELh0EE6ToggleEv
 .text._ZN4PinSILh59ELh57ELh58ELh0EE8AsOutputEv
                0x00000e5e        0x4 main.o
                0x00000e5e                _ZN4PinSILh59ELh57ELh58ELh0EE8AsOutputEv
 .text._ZN4PinSILh59ELh57ELh58ELh0EE7AsInputEv
                0x00000e62        0x4 main.o
                0x00000e62                _ZN4PinSILh59ELh57ELh58ELh0EE7AsInputEv
 .text._ZN4PinSILh53ELh51ELh52ELh0EED0Ev
                0x00000e66        0x6 main.o
                0x00000e66                _ZN4PinSILh53ELh51ELh52ELh0EED0Ev
 .text._ZN4PinSILh53ELh51ELh52ELh1EED0Ev
                0x00000e6c        0x6 main.o
                0x00000e6c                _ZN4PinSILh53ELh51ELh52ELh1EED0Ev
 .text._ZN4PinSILh53ELh51ELh52ELh2EED0Ev
                0x00000e72        0x6 main.o
                0x00000e72                _ZN4PinSILh53ELh51ELh52ELh2EED0Ev
 .text._ZN4PinSILh53ELh51ELh52ELh3EED0Ev
                0x00000e78        0x6 main.o
                0x00000e78                _ZN4PinSILh53ELh51ELh52ELh3EED0Ev
 .text._ZN4PinSILh53ELh51ELh52ELh4EED0Ev
                0x00000e7e        0x6 main.o
                0x00000e7e                _ZN4PinSILh53ELh51ELh52ELh4EED0Ev
 .text._ZN4PinSILh53ELh51ELh52ELh5EED0Ev
                0x00000e84        0x6 main.o
                0x00000e84                _ZN4PinSILh53ELh51ELh52ELh5EED0Ev
 .text._ZN4PinSILh53ELh51ELh52ELh6EED0Ev
                0x00000e8a        0x6 main.o
                0x00000e8a                _ZN4PinSILh53ELh51ELh52ELh6EED0Ev
 .text._ZN4PinSILh53ELh51ELh52ELh7EED0Ev
                0x00000e90        0x6 main.o
                0x00000e90                _ZN4PinSILh53ELh51ELh52ELh7EED0Ev
 .text._ZN4PinSILh56ELh54ELh55ELh7EED0Ev
                0x00000e96        0x6 main.o
                0x00000e96                _ZN4PinSILh56ELh54ELh55ELh7EED0Ev
 .text._ZN4PinSILh56ELh54ELh55ELh6EED0Ev
                0x00000e9c        0x6 main.o
                0x00000e9c                _ZN4PinSILh56ELh54ELh55ELh6EED0Ev
 .text._ZN4PinSILh56ELh54ELh55ELh5EED0Ev
                0x00000ea2        0x6 main.o
                0x00000ea2                _ZN4PinSILh56ELh54ELh55ELh5EED0Ev
 .text._ZN4PinSILh56ELh54ELh55ELh4EED0Ev
                0x00000ea8        0x6 main.o
                0x00000ea8                _ZN4PinSILh56ELh54ELh55ELh4EED0Ev
 .text._ZN4PinSILh56ELh54ELh55ELh3EED0Ev
                0x00000eae        0x6 main.o
                0x00000eae                _ZN4PinSILh56ELh54ELh55ELh3EED0Ev
 .text._ZN4PinSILh56ELh54ELh55ELh2EED0Ev
                0x00000eb4        0x6 main.o
                0x00000eb4                _ZN4PinSILh56ELh54ELh55ELh2EED0Ev
 .text._ZN4PinSILh56ELh54ELh55ELh1EED0Ev
                0x00000eba        0x6 main.o
                0x00000eba                _ZN4PinSILh56ELh54ELh55ELh1EED0Ev
 .text._ZN4PinSILh56ELh54ELh55ELh0EED0Ev
                0x00000ec0        0x6 main.o
                0x00000ec0                _ZN4PinSILh56ELh54ELh55ELh0EED0Ev
 .text._ZN4PinSILh59ELh57ELh58ELh2EED0Ev
                0x00000ec6        0x6 main.o
                0x00000ec6                _ZN4PinSILh59ELh57ELh58ELh2EED0Ev
 .text._ZN4PinSILh59ELh57ELh58ELh1EED0Ev
                0x00000ecc        0x6 main.o
                0x00000ecc                _ZN4PinSILh59ELh57ELh58ELh1EED0Ev
 .text._ZN4PinSILh59ELh57ELh58ELh0EED0Ev
                0x00000ed2        0x6 main.o
                0x00000ed2                _ZN4PinSILh59ELh57ELh58ELh0EED0Ev
 .text.avr-libc.fplib
                0x00000ed8        0x8 c:/program files (x86)/atmel/studio/7.0/toolchain/avr8/avr8-gnu-toolchain/bin/../lib/gcc/avr/4.9.2/../../../../avr/lib/avr5\libm.a(divsf3.o)
                0x00000ed8                __divsf3
 .text.avr-libc.fplib
                0x00000ee0       0xdc c:/program files (x86)/atmel/studio/7.0/toolchain/avr8/avr8-gnu-toolchain/bin/../lib/gcc/avr/4.9.2/../../../../avr/lib/avr5\libm.a(divsf3x.o)
                0x00000f00                __divsf3x
                0x00000f06                __divsf3_pse
 .text.avr-libc.fplib
                0x00000fbc       0x5e c:/program files (x86)/atmel/studio/7.0/toolchain/avr8/avr8-gnu-toolchain/bin/../lib/gcc/avr/4.9.2/../../../../avr/lib/avr5\libm.a(fixunssfsi.o)
                0x00000fbc                __fixunssfsi
 .text.avr-libc.fplib
                0x0000101a       0x7a c:/program files (x86)/atmel/studio/7.0/toolchain/avr8/avr8-gnu-toolchain/bin/../lib/gcc/avr/4.9.2/../../../../avr/lib/avr5\libm.a(floatsisf.o)
                0x0000101a                __floatunsisf
                0x0000101e                __floatsisf
 .text.avr-libc.fplib
                0x00001094        0xc c:/program files (x86)/atmel/studio/7.0/toolchain/avr8/avr8-gnu-toolchain/bin/../lib/gcc/avr/4.9.2/../../../../avr/lib/avr5\libm.a(fp_inf.o)
                0x00001094                __fp_inf
 .text.avr-libc.fplib
                0x000010a0        0x6 c:/program files (x86)/atmel/studio/7.0/toolchain/avr8/avr8-gnu-toolchain/bin/../lib/gcc/avr/4.9.2/../../../../avr/lib/avr5\libm.a(fp_nan.o)
                0x000010a0                __fp_nan
 .text.avr-libc.fplib
                0x000010a6        0xe c:/program files (x86)/atmel/studio/7.0/toolchain/avr8/avr8-gnu-toolchain/bin/../lib/gcc/avr/4.9.2/../../../../avr/lib/avr5\libm.a(fp_pscA.o)
                0x000010a6                __fp_pscA
 .text.avr-libc.fplib
                0x000010b4        0xe c:/program files (x86)/atmel/studio/7.0/toolchain/avr8/avr8-gnu-toolchain/bin/../lib/gcc/avr/4.9.2/../../../../avr/lib/avr5\libm.a(fp_pscB.o)
                0x000010b4                __fp_pscB
 .text.avr-libc.fplib
                0x000010c2       0x22 c:/program files (x86)/atmel/studio/7.0/toolchain/avr8/avr8-gnu-toolchain/bin/../lib/gcc/avr/4.9.2/../../../../avr/lib/avr5\libm.a(fp_round.o)
                0x000010c2                __fp_round
 .text.avr-libc.fplib
                0x000010e4       0x44 c:/program files (x86)/atmel/studio/7.0/toolchain/avr8/avr8-gnu-toolchain/bin/../lib/gcc/avr/4.9.2/../../../../avr/lib/avr5\libm.a(fp_split3.o)
                0x000010e4                __fp_split3
                0x000010f4                __fp_splitA
 .text.avr-libc.fplib
                0x00001128        0xe c:/program files (x86)/atmel/studio/7.0/toolchain/avr8/avr8-gnu-toolchain/bin/../lib/gcc/avr/4.9.2/../../../../avr/lib/avr5\libm.a(fp_zero.o)
                0x00001128                __fp_zero
                0x0000112a                __fp_szero
 .text.avr-libc.fplib
                0x00001136        0x8 c:/program files (x86)/atmel/studio/7.0/toolchain/avr8/avr8-gnu-toolchain/bin/../lib/gcc/avr/4.9.2/../../../../avr/lib/avr5\libm.a(mulsf3.o)
                0x00001136                __mulsf3
 .text.avr-libc.fplib
                0x0000113e       0xd2 c:/program files (x86)/atmel/studio/7.0/toolchain/avr8/avr8-gnu-toolchain/bin/../lib/gcc/avr/4.9.2/../../../../avr/lib/avr5\libm.a(mulsf3x.o)
                0x0000115c                __mulsf3x
                0x00001162                __mulsf3_pse
 .text.libgcc   0x00001210        0xc c:/program files (x86)/atmel/studio/7.0/toolchain/avr8/avr8-gnu-toolchain/bin/../lib/gcc/avr/4.9.2/avr5\libgcc.a(_tablejump2.o)
                0x00001210                __tablejump2__
 .text.avr-libc
                0x0000121c      0x25a c:/program files (x86)/atmel/studio/7.0/toolchain/avr8/avr8-gnu-toolchain/bin/../lib/gcc/avr/4.9.2/../../../../avr/lib/avr5\libc.a(malloc.o)
                0x0000121c                malloc
                0x00001346                free
                0x00001476                . = ALIGN (0x2)
 *(.fini9)
 .fini9         0x00001476        0x0 c:/program files (x86)/atmel/studio/7.0/toolchain/avr8/avr8-gnu-toolchain/bin/../lib/gcc/avr/4.9.2/avr5\libgcc.a(_exit.o)
                0x00001476                _exit
                0x00001476                exit
 *(.fini9)
 *(.fini8)
 *(.fini8)
 *(.fini7)
 *(.fini7)
 *(.fini6)
 .fini6         0x00001476       0x16 c:/program files (x86)/atmel/studio/7.0/toolchain/avr8/avr8-gnu-toolchain/bin/../lib/gcc/avr/4.9.2/avr5\libgcc.a(_dtors.o)
                0x00001476                __do_global_dtors
 *(.fini6)
 *(.fini5)
 *(.fini5)
 *(.fini4)
 *(.fini4)
 *(.fini3)
 *(.fini3)
 *(.fini2)
 *(.fini2)
 *(.fini1)
 *(.fini1)
 *(.fini0)
 .fini0         0x0000148c        0x4 c:/program files (x86)/atmel/studio/7.0/toolchain/avr8/avr8-gnu-toolchain/bin/../lib/gcc/avr/4.9.2/avr5\libgcc.a(_exit.o)
 *(.fini0)
                0x00001490                _etext = .

.data           0x00800060      0x28c load address 0x00001490
                0x00800060                PROVIDE (__data_start, .)
 *(.data)
 .data          0x00800060       0x26 main.o
                0x00800060                MjoyButton0
                0x00800062                MjoyButton1
                0x00800064                MjoyButton2
                0x00800066                MjoyButton3
                0x00800068                MjoyButton4
                0x0080006a                MjoyButton5
                0x0080006c                GreenLed
                0x0080006e                RedLed
                0x00800070                SPISck
                0x00800072                SPIMiso
                0x00800074                SPIMosi
                0x00800076                SPISS
                0x00800078                AngleInterfaceChipSelect
                0x0080007a                OledChipSelect
                0x0080007c                DataCommand
                0x0080007e                Reset
                0x00800080                WheelCLK
                0x00800082                WheelPL
                0x00800084                WheelQ
 .data          0x00800086        0x6 c:/program files (x86)/atmel/studio/7.0/toolchain/avr8/avr8-gnu-toolchain/bin/../lib/gcc/avr/4.9.2/../../../../avr/lib/avr5\libc.a(malloc.o)
                0x00800086                __malloc_heap_end
                0x00800088                __malloc_heap_start
                0x0080008a                __malloc_margin
 *(.data*)
 *(.rodata)
 *(.rodata*)
 .rodata._ZTV4PinSILh59ELh57ELh58ELh0EE
                0x0080008c       0x20 main.o
                0x0080008c                _ZTV4PinSILh59ELh57ELh58ELh0EE
 .rodata._ZTV4PinSILh59ELh57ELh58ELh1EE
                0x008000ac       0x20 main.o
                0x008000ac                _ZTV4PinSILh59ELh57ELh58ELh1EE
 .rodata._ZTV4PinSILh59ELh57ELh58ELh2EE
                0x008000cc       0x20 main.o
                0x008000cc                _ZTV4PinSILh59ELh57ELh58ELh2EE
 .rodata._ZTV4PinSILh56ELh54ELh55ELh0EE
                0x008000ec       0x20 main.o
                0x008000ec                _ZTV4PinSILh56ELh54ELh55ELh0EE
 .rodata._ZTV4PinSILh56ELh54ELh55ELh1EE
                0x0080010c       0x20 main.o
                0x0080010c                _ZTV4PinSILh56ELh54ELh55ELh1EE
 .rodata._ZTV4PinSILh56ELh54ELh55ELh2EE
                0x0080012c       0x20 main.o
                0x0080012c                _ZTV4PinSILh56ELh54ELh55ELh2EE
 .rodata._ZTV4PinSILh56ELh54ELh55ELh3EE
                0x0080014c       0x20 main.o
                0x0080014c                _ZTV4PinSILh56ELh54ELh55ELh3EE
 .rodata._ZTV4PinSILh56ELh54ELh55ELh4EE
                0x0080016c       0x20 main.o
                0x0080016c                _ZTV4PinSILh56ELh54ELh55ELh4EE
 .rodata._ZTV4PinSILh56ELh54ELh55ELh5EE
                0x0080018c       0x20 main.o
                0x0080018c                _ZTV4PinSILh56ELh54ELh55ELh5EE
 .rodata._ZTV4PinSILh56ELh54ELh55ELh6EE
                0x008001ac       0x20 main.o
                0x008001ac                _ZTV4PinSILh56ELh54ELh55ELh6EE
 .rodata._ZTV4PinSILh56ELh54ELh55ELh7EE
                0x008001cc       0x20 main.o
                0x008001cc                _ZTV4PinSILh56ELh54ELh55ELh7EE
 .rodata._ZTV4PinSILh53ELh51ELh52ELh7EE
                0x008001ec       0x20 main.o
                0x008001ec                _ZTV4PinSILh53ELh51ELh52ELh7EE
 .rodata._ZTV4PinSILh53ELh51ELh52ELh6EE
                0x0080020c       0x20 main.o
                0x0080020c                _ZTV4PinSILh53ELh51ELh52ELh6EE
 .rodata._ZTV4PinSILh53ELh51ELh52ELh5EE
                0x0080022c       0x20 main.o
                0x0080022c                _ZTV4PinSILh53ELh51ELh52ELh5EE
 .rodata._ZTV4PinSILh53ELh51ELh52ELh4EE
                0x0080024c       0x20 main.o
                0x0080024c                _ZTV4PinSILh53ELh51ELh52ELh4EE
 .rodata._ZTV4PinSILh53ELh51ELh52ELh3EE
                0x0080026c       0x20 main.o
                0x0080026c                _ZTV4PinSILh53ELh51ELh52ELh3EE
 .rodata._ZTV4PinSILh53ELh51ELh52ELh2EE
                0x0080028c       0x20 main.o
                0x0080028c                _ZTV4PinSILh53ELh51ELh52ELh2EE
 .rodata._ZTV4PinSILh53ELh51ELh52ELh1EE
                0x008002ac       0x20 main.o
                0x008002ac                _ZTV4PinSILh53ELh51ELh52ELh1EE
 .rodata._ZTV4PinSILh53ELh51ELh52ELh0EE
                0x008002cc       0x20 main.o
                0x008002cc                _ZTV4PinSILh53ELh51ELh52ELh0EE
 *(.gnu.linkonce.d*)
                0x008002ec                . = ALIGN (0x2)
                0x008002ec                _edata = .
                0x008002ec                PROVIDE (__data_end, .)

.bss            0x008002ec       0x6c
                0x008002ec                PROVIDE (__bss_start, .)
 *(.bss)
 .bss           0x008002ec       0x68 main.o
                0x008002ec                calibrateStage
                0x008002ee                keyboardTask
                0x008002f2                wheelButtons
                0x008002fa                AS5048AChip
                0x0080030a                debugDisplay
 *(.bss*)
 *(COMMON)
 COMMON         0x00800354        0x4 c:/program files (x86)/atmel/studio/7.0/toolchain/avr8/avr8-gnu-toolchain/bin/../lib/gcc/avr/4.9.2/../../../../avr/lib/avr5\libc.a(malloc.o)
                0x00800354                __brkval
                0x00800356                __flp
                0x00800358                PROVIDE (__bss_end, .)
                0x00001490                __data_load_start = LOADADDR (.data)
                0x0000171c                __data_load_end = (__data_load_start + SIZEOF (.data))

.noinit         0x00800358        0x0
                0x00800358                PROVIDE (__noinit_start, .)
 *(.noinit*)
                0x00800358                PROVIDE (__noinit_end, .)
                0x00800358                _end = .
                0x00800358                PROVIDE (__heap_start, .)

.eeprom         0x00810000        0x0
 *(.eeprom*)
                0x00810000                __eeprom_end = .

.fuse
 *(.fuse)
 *(.lfuse)
 *(.hfuse)
 *(.efuse)

.lock
 *(.lock*)

.signature
 *(.signature*)

.user_signatures
 *(.user_signatures*)

.stab
 *(.stab)

.stabstr
 *(.stabstr)

.stab.excl
 *(.stab.excl)

.stab.exclstr
 *(.stab.exclstr)

.stab.index
 *(.stab.index)

.stab.indexstr
 *(.stab.indexstr)

.comment        0x00000000       0x30
 *(.comment)
 .comment       0x00000000       0x30 main.o
                                 0x31 (size before relaxing)
 .comment       0x00000030       0x31 c:/program files (x86)/atmel/studio/7.0/toolchain/avr8/avr8-gnu-toolchain/bin/../lib/gcc/avr/4.9.2/../../../../avr/lib/avr5\libc.a(malloc.o)

.note.gnu.avr.deviceinfo
                0x00000000       0x3c
 .note.gnu.avr.deviceinfo
                0x00000000       0x3c C:/Program Files (x86)/Atmel/Studio/7.0/Packs/atmel/ATmega_DFP/1.0.90/gcc/dev/atmega16a/avr5/crtatmega16a.o

.note.gnu.build-id
 *(.note.gnu.build-id)

.debug
 *(.debug)

.line
 *(.line)

.debug_srcinfo
 *(.debug_srcinfo)

.debug_sfnames
 *(.debug_sfnames)

.debug_aranges  0x00000000      0x8e0
 *(.debug_aranges)
 .debug_aranges
                0x00000000      0x8e0 main.o

.debug_pubnames
 *(.debug_pubnames)

.debug_info     0x00000000     0x8c8f
 *(.debug_info .gnu.linkonce.wi.*)
 .debug_info    0x00000000     0x8c8f main.o

.debug_abbrev   0x00000000      0x64c
 *(.debug_abbrev)
 .debug_abbrev  0x00000000      0x64c main.o

.debug_line     0x00000000     0x1808
 *(.debug_line .debug_line.* .debug_line_end)
 .debug_line    0x00000000     0x1808 main.o

.debug_frame    0x00000000     0x12bc
 *(.debug_frame)
 .debug_frame   0x00000000     0x12bc main.o

.debug_str      0x00000000     0xc102
 *(.debug_str)
 .debug_str     0x00000000     0xc102 main.o
                               0xc3b3 (size before relaxing)

.debug_loc      0x00000000     0x173e
 *(.debug_loc)
 .debug_loc     0x00000000     0x173e main.o

.debug_macinfo
 *(.debug_macinfo)

.debug_weaknames
 *(.debug_weaknames)

.debug_funcnames
 *(.debug_funcnames)

.debug_typenames
 *(.debug_typenames)

.debug_varnames
 *(.debug_varnames)

.debug_pubtypes
 *(.debug_pubtypes)

.debug_ranges   0x00000000      0x8e8
 *(.debug_ranges)
 .debug_ranges  0x00000000      0x8e8 main.o

.debug_macro    0x00000000      0x4ba
 *(.debug_macro)
 .debug_macro   0x00000000      0x1a6 main.o
 .debug_macro   0x000001a6       0x10 main.o
 .debug_macro   0x000001b6       0x9e main.o
 .debug_macro   0x00000254       0x16 main.o
 .debug_macro   0x0000026a       0x10 main.o
 .debug_macro   0x0000027a      0x160 main.o
 .debug_macro   0x000003da       0x10 main.o
 .debug_macro   0x000003ea       0x10 main.o
 .debug_macro   0x000003fa       0x8d main.o
 .debug_macro   0x00000487       0x33 main.o
OUTPUT(MotorServoController.elf elf32-avr)
LOAD linker stubs
