Archive member included to satisfy reference by file (symbol)

c:/program files (x86)/atmel/studio/7.0/toolchain/avr8/avr8-gnu-toolchain/bin/../lib/gcc/avr/4.9.2/../../../../avr/lib/avr5\libm.a(divsf3.o)
                              main.o (__divsf3)
c:/program files (x86)/atmel/studio/7.0/toolchain/avr8/avr8-gnu-toolchain/bin/../lib/gcc/avr/4.9.2/../../../../avr/lib/avr5\libm.a(divsf3x.o)
                              c:/program files (x86)/atmel/studio/7.0/toolchain/avr8/avr8-gnu-toolchain/bin/../lib/gcc/avr/4.9.2/../../../../avr/lib/avr5\libm.a(divsf3.o) (__divsf3x)
c:/program files (x86)/atmel/studio/7.0/toolchain/avr8/avr8-gnu-toolchain/bin/../lib/gcc/avr/4.9.2/../../../../avr/lib/avr5\libm.a(fixunssfsi.o)
                              main.o (__fixunssfsi)
c:/program files (x86)/atmel/studio/7.0/toolchain/avr8/avr8-gnu-toolchain/bin/../lib/gcc/avr/4.9.2/../../../../avr/lib/avr5\libm.a(floatsisf.o)
                              main.o (__floatunsisf)
c:/program files (x86)/atmel/studio/7.0/toolchain/avr8/avr8-gnu-toolchain/bin/../lib/gcc/avr/4.9.2/../../../../avr/lib/avr5\libm.a(fp_inf.o)
                              c:/program files (x86)/atmel/studio/7.0/toolchain/avr8/avr8-gnu-toolchain/bin/../lib/gcc/avr/4.9.2/../../../../avr/lib/avr5\libm.a(divsf3x.o) (__fp_inf)
c:/program files (x86)/atmel/studio/7.0/toolchain/avr8/avr8-gnu-toolchain/bin/../lib/gcc/avr/4.9.2/../../../../avr/lib/avr5\libm.a(fp_nan.o)
                              c:/program files (x86)/atmel/studio/7.0/toolchain/avr8/avr8-gnu-toolchain/bin/../lib/gcc/avr/4.9.2/../../../../avr/lib/avr5\libm.a(divsf3x.o) (__fp_nan)
c:/program files (x86)/atmel/studio/7.0/toolchain/avr8/avr8-gnu-toolchain/bin/../lib/gcc/avr/4.9.2/../../../../avr/lib/avr5\libm.a(fp_pscA.o)
                              c:/program files (x86)/atmel/studio/7.0/toolchain/avr8/avr8-gnu-toolchain/bin/../lib/gcc/avr/4.9.2/../../../../avr/lib/avr5\libm.a(divsf3x.o) (__fp_pscA)
c:/program files (x86)/atmel/studio/7.0/toolchain/avr8/avr8-gnu-toolchain/bin/../lib/gcc/avr/4.9.2/../../../../avr/lib/avr5\libm.a(fp_pscB.o)
                              c:/program files (x86)/atmel/studio/7.0/toolchain/avr8/avr8-gnu-toolchain/bin/../lib/gcc/avr/4.9.2/../../../../avr/lib/avr5\libm.a(divsf3x.o) (__fp_pscB)
c:/program files (x86)/atmel/studio/7.0/toolchain/avr8/avr8-gnu-toolchain/bin/../lib/gcc/avr/4.9.2/../../../../avr/lib/avr5\libm.a(fp_round.o)
                              c:/program files (x86)/atmel/studio/7.0/toolchain/avr8/avr8-gnu-toolchain/bin/../lib/gcc/avr/4.9.2/../../../../avr/lib/avr5\libm.a(divsf3.o) (__fp_round)
c:/program files (x86)/atmel/studio/7.0/toolchain/avr8/avr8-gnu-toolchain/bin/../lib/gcc/avr/4.9.2/../../../../avr/lib/avr5\libm.a(fp_split3.o)
                              c:/program files (x86)/atmel/studio/7.0/toolchain/avr8/avr8-gnu-toolchain/bin/../lib/gcc/avr/4.9.2/../../../../avr/lib/avr5\libm.a(divsf3x.o) (__fp_split3)
c:/program files (x86)/atmel/studio/7.0/toolchain/avr8/avr8-gnu-toolchain/bin/../lib/gcc/avr/4.9.2/../../../../avr/lib/avr5\libm.a(fp_zero.o)
                              c:/program files (x86)/atmel/studio/7.0/toolchain/avr8/avr8-gnu-toolchain/bin/../lib/gcc/avr/4.9.2/../../../../avr/lib/avr5\libm.a(fixunssfsi.o) (__fp_zero)
c:/program files (x86)/atmel/studio/7.0/toolchain/avr8/avr8-gnu-toolchain/bin/../lib/gcc/avr/4.9.2/../../../../avr/lib/avr5\libm.a(mulsf3.o)
                              main.o (__mulsf3)
c:/program files (x86)/atmel/studio/7.0/toolchain/avr8/avr8-gnu-toolchain/bin/../lib/gcc/avr/4.9.2/../../../../avr/lib/avr5\libm.a(mulsf3x.o)
                              c:/program files (x86)/atmel/studio/7.0/toolchain/avr8/avr8-gnu-toolchain/bin/../lib/gcc/avr/4.9.2/../../../../avr/lib/avr5\libm.a(mulsf3.o) (__mulsf3x)
c:/program files (x86)/atmel/studio/7.0/toolchain/avr8/avr8-gnu-toolchain/bin/../lib/gcc/avr/4.9.2/avr5\libgcc.a(_exit.o)
                              c:/program files (x86)/atmel/studio/7.0/toolchain/avr8/avr8-gnu-toolchain/bin/../lib/gcc/avr/4.9.2/../../../../avr/lib/avr5/crtatmega16a.o (exit)
c:/program files (x86)/atmel/studio/7.0/toolchain/avr8/avr8-gnu-toolchain/bin/../lib/gcc/avr/4.9.2/avr5\libgcc.a(_tablejump2.o)
                              main.o (__tablejump2__)
c:/program files (x86)/atmel/studio/7.0/toolchain/avr8/avr8-gnu-toolchain/bin/../lib/gcc/avr/4.9.2/avr5\libgcc.a(_copy_data.o)
                              main.o (__do_copy_data)
c:/program files (x86)/atmel/studio/7.0/toolchain/avr8/avr8-gnu-toolchain/bin/../lib/gcc/avr/4.9.2/avr5\libgcc.a(_clear_bss.o)
                              main.o (__do_clear_bss)
c:/program files (x86)/atmel/studio/7.0/toolchain/avr8/avr8-gnu-toolchain/bin/../lib/gcc/avr/4.9.2/avr5\libgcc.a(_ctors.o)
                              main.o (__do_global_ctors)
c:/program files (x86)/atmel/studio/7.0/toolchain/avr8/avr8-gnu-toolchain/bin/../lib/gcc/avr/4.9.2/avr5\libgcc.a(_dtors.o)
                              main.o (__do_global_dtors)
c:/program files (x86)/atmel/studio/7.0/toolchain/avr8/avr8-gnu-toolchain/bin/../lib/gcc/avr/4.9.2/../../../../avr/lib/avr5\libc.a(malloc.o)
                              main.o (malloc)
c:/program files (x86)/atmel/studio/7.0/toolchain/avr8/avr8-gnu-toolchain/bin/../lib/gcc/avr/4.9.2/../../../../avr/lib/avr5\libatmega16a.a(eerd_block.o)
                              main.o (eeprom_read_block)
c:/program files (x86)/atmel/studio/7.0/toolchain/avr8/avr8-gnu-toolchain/bin/../lib/gcc/avr/4.9.2/../../../../avr/lib/avr5\libatmega16a.a(eerd_byte.o)
                              main.o (eeprom_read_byte)

Allocating common symbols
Common symbol       size              file

__brkval            0x2               c:/program files (x86)/atmel/studio/7.0/toolchain/avr8/avr8-gnu-toolchain/bin/../lib/gcc/avr/4.9.2/../../../../avr/lib/avr5\libc.a(malloc.o)
__flp               0x2               c:/program files (x86)/atmel/studio/7.0/toolchain/avr8/avr8-gnu-toolchain/bin/../lib/gcc/avr/4.9.2/../../../../avr/lib/avr5\libc.a(malloc.o)

Discarded input sections

 .data          0x00000000        0x0 c:/program files (x86)/atmel/studio/7.0/toolchain/avr8/avr8-gnu-toolchain/bin/../lib/gcc/avr/4.9.2/../../../../avr/lib/avr5/crtatmega16a.o
 .bss           0x00000000        0x0 c:/program files (x86)/atmel/studio/7.0/toolchain/avr8/avr8-gnu-toolchain/bin/../lib/gcc/avr/4.9.2/../../../../avr/lib/avr5/crtatmega16a.o
 .text          0x00000000        0x0 AS5048A.o
 .data          0x00000000        0x0 AS5048A.o
 .bss           0x00000000        0x0 AS5048A.o
 .comment       0x00000000       0x31 AS5048A.o
 .text          0x00000000        0x0 Button.o
 .data          0x00000000        0x0 Button.o
 .bss           0x00000000        0x0 Button.o
 .comment       0x00000000       0x31 Button.o
 .group         0x00000000        0x8 main.o
 .group         0x00000000        0x8 main.o
 .group         0x00000000        0x8 main.o
 .group         0x00000000        0x8 main.o
 .group         0x00000000        0x8 main.o
 .group         0x00000000        0x8 main.o
 .group         0x00000000        0x8 main.o
 .group         0x00000000        0x8 main.o
 .group         0x00000000        0x8 main.o
 .group         0x00000000        0x8 main.o
 .group         0x00000000        0x8 main.o
 .group         0x00000000        0x8 main.o
 .group         0x00000000        0xc main.o
 .group         0x00000000        0x8 main.o
 .group         0x00000000        0x8 main.o
 .group         0x00000000        0x8 main.o
 .group         0x00000000        0xc main.o
 .group         0x00000000        0xc main.o
 .group         0x00000000        0xc main.o
 .group         0x00000000        0xc main.o
 .group         0x00000000        0xc main.o
 .group         0x00000000        0xc main.o
 .group         0x00000000        0xc main.o
 .group         0x00000000        0xc main.o
 .group         0x00000000        0xc main.o
 .group         0x00000000        0xc main.o
 .group         0x00000000        0xc main.o
 .group         0x00000000        0xc main.o
 .group         0x00000000        0xc main.o
 .group         0x00000000        0xc main.o
 .group         0x00000000        0xc main.o
 .group         0x00000000        0x8 main.o
 .group         0x00000000        0x8 main.o
 .group         0x00000000        0x8 main.o
 .group         0x00000000        0x8 main.o
 .group         0x00000000        0x8 main.o
 .group         0x00000000        0x8 main.o
 .group         0x00000000        0x8 main.o
 .group         0x00000000        0x8 main.o
 .group         0x00000000        0x8 main.o
 .group         0x00000000        0x8 main.o
 .group         0x00000000        0x8 main.o
 .group         0x00000000        0x8 main.o
 .group         0x00000000        0x8 main.o
 .group         0x00000000        0x8 main.o
 .group         0x00000000        0x8 main.o
 .group         0x00000000        0x8 main.o
 .group         0x00000000        0x8 main.o
 .group         0x00000000        0x8 main.o
 .group         0x00000000        0x8 main.o
 .group         0x00000000        0x8 main.o
 .group         0x00000000        0x8 main.o
 .group         0x00000000        0x8 main.o
 .group         0x00000000        0x8 main.o
 .group         0x00000000        0x8 main.o
 .group         0x00000000        0x8 main.o
 .group         0x00000000        0x8 main.o
 .group         0x00000000        0x8 main.o
 .group         0x00000000        0x8 main.o
 .group         0x00000000        0x8 main.o
 .group         0x00000000        0x8 main.o
 .group         0x00000000        0x8 main.o
 .group         0x00000000        0x8 main.o
 .group         0x00000000        0x8 main.o
 .group         0x00000000        0x8 main.o
 .group         0x00000000        0x8 main.o
 .group         0x00000000        0x8 main.o
 .group         0x00000000        0x8 main.o
 .group         0x00000000        0x8 main.o
 .group         0x00000000        0x8 main.o
 .group         0x00000000        0x8 main.o
 .group         0x00000000        0x8 main.o
 .group         0x00000000        0x8 main.o
 .group         0x00000000        0x8 main.o
 .group         0x00000000        0x8 main.o
 .group         0x00000000        0x8 main.o
 .group         0x00000000        0x8 main.o
 .group         0x00000000        0x8 main.o
 .group         0x00000000        0x8 main.o
 .group         0x00000000        0x8 main.o
 .group         0x00000000        0x8 main.o
 .group         0x00000000        0x8 main.o
 .group         0x00000000        0x8 main.o
 .group         0x00000000        0x8 main.o
 .group         0x00000000        0x8 main.o
 .group         0x00000000        0x8 main.o
 .group         0x00000000        0x8 main.o
 .group         0x00000000        0x8 main.o
 .group         0x00000000        0x8 main.o
 .group         0x00000000        0x8 main.o
 .group         0x00000000        0x8 main.o
 .group         0x00000000        0x8 main.o
 .group         0x00000000        0x8 main.o
 .group         0x00000000        0x8 main.o
 .group         0x00000000        0x8 main.o
 .group         0x00000000        0x8 main.o
 .group         0x00000000        0x8 main.o
 .group         0x00000000        0x8 main.o
 .group         0x00000000        0x8 main.o
 .group         0x00000000        0x8 main.o
 .group         0x00000000        0x8 main.o
 .group         0x00000000        0x8 main.o
 .group         0x00000000        0x8 main.o
 .group         0x00000000        0x8 main.o
 .group         0x00000000        0x8 main.o
 .group         0x00000000        0x8 main.o
 .group         0x00000000        0x8 main.o
 .group         0x00000000        0x8 main.o
 .group         0x00000000        0x8 main.o
 .group         0x00000000        0x8 main.o
 .group         0x00000000        0x8 main.o
 .group         0x00000000        0x8 main.o
 .group         0x00000000        0x8 main.o
 .group         0x00000000        0x8 main.o
 .group         0x00000000        0x8 main.o
 .group         0x00000000        0x8 main.o
 .group         0x00000000        0x8 main.o
 .group         0x00000000        0x8 main.o
 .group         0x00000000        0x8 main.o
 .group         0x00000000        0x8 main.o
 .group         0x00000000        0x8 main.o
 .group         0x00000000        0x8 main.o
 .group         0x00000000        0x8 main.o
 .group         0x00000000        0x8 main.o
 .group         0x00000000        0x8 main.o
 .group         0x00000000        0x8 main.o
 .group         0x00000000        0x8 main.o
 .group         0x00000000        0x8 main.o
 .group         0x00000000        0x8 main.o
 .group         0x00000000        0x8 main.o
 .group         0x00000000        0x8 main.o
 .group         0x00000000        0x8 main.o
 .group         0x00000000        0x8 main.o
 .group         0x00000000        0x8 main.o
 .group         0x00000000        0x8 main.o
 .group         0x00000000        0x8 main.o
 .group         0x00000000        0x8 main.o
 .group         0x00000000        0x8 main.o
 .group         0x00000000        0x8 main.o
 .group         0x00000000        0x8 main.o
 .group         0x00000000        0x8 main.o
 .group         0x00000000        0x8 main.o
 .group         0x00000000        0x8 main.o
 .group         0x00000000        0x8 main.o
 .group         0x00000000        0x8 main.o
 .group         0x00000000        0x8 main.o
 .group         0x00000000        0x8 main.o
 .group         0x00000000        0x8 main.o
 .group         0x00000000        0x8 main.o
 .group         0x00000000        0x8 main.o
 .group         0x00000000        0x8 main.o
 .group         0x00000000        0x8 main.o
 .group         0x00000000        0x8 main.o
 .group         0x00000000        0x8 main.o
 .group         0x00000000        0x8 main.o
 .group         0x00000000        0x8 main.o
 .group         0x00000000        0x8 main.o
 .group         0x00000000        0x8 main.o
 .group         0x00000000        0x8 main.o
 .group         0x00000000        0x8 main.o
 .group         0x00000000        0x8 main.o
 .group         0x00000000        0x8 main.o
 .group         0x00000000        0x8 main.o
 .group         0x00000000        0x8 main.o
 .group         0x00000000        0x8 main.o
 .group         0x00000000        0x8 main.o
 .group         0x00000000        0x8 main.o
 .group         0x00000000        0x8 main.o
 .group         0x00000000        0x8 main.o
 .group         0x00000000        0x8 main.o
 .group         0x00000000        0x8 main.o
 .group         0x00000000        0x8 main.o
 .group         0x00000000        0x8 main.o
 .group         0x00000000        0x8 main.o
 .group         0x00000000        0x8 main.o
 .group         0x00000000        0x8 main.o
 .group         0x00000000        0x8 main.o
 .group         0x00000000        0x8 main.o
 .group         0x00000000        0x8 main.o
 .group         0x00000000        0x8 main.o
 .group         0x00000000        0x8 main.o
 .group         0x00000000        0x8 main.o
 .group         0x00000000        0x8 main.o
 .group         0x00000000        0x8 main.o
 .group         0x00000000        0x8 main.o
 .group         0x00000000        0x8 main.o
 .group         0x00000000        0x8 main.o
 .group         0x00000000        0x8 main.o
 .group         0x00000000        0x8 main.o
 .group         0x00000000        0x8 main.o
 .group         0x00000000        0x8 main.o
 .group         0x00000000        0x8 main.o
 .group         0x00000000        0x8 main.o
 .group         0x00000000        0x8 main.o
 .group         0x00000000        0x8 main.o
 .group         0x00000000        0x8 main.o
 .group         0x00000000        0x8 main.o
 .group         0x00000000        0x8 main.o
 .group         0x00000000        0x8 main.o
 .group         0x00000000        0x8 main.o
 .group         0x00000000        0x8 main.o
 .group         0x00000000        0x8 main.o
 .group         0x00000000        0x8 main.o
 .group         0x00000000        0x8 main.o
 .group         0x00000000        0x8 main.o
 .group         0x00000000        0x8 main.o
 .group         0x00000000        0x8 main.o
 .group         0x00000000        0x8 main.o
 .group         0x00000000        0x8 main.o
 .group         0x00000000        0x8 main.o
 .group         0x00000000        0x8 main.o
 .group         0x00000000        0x8 main.o
 .group         0x00000000        0x8 main.o
 .group         0x00000000        0x8 main.o
 .group         0x00000000        0x8 main.o
 .group         0x00000000        0x8 main.o
 .group         0x00000000        0x8 main.o
 .group         0x00000000        0x8 main.o
 .group         0x00000000        0x8 main.o
 .group         0x00000000        0x8 main.o
 .group         0x00000000        0x8 main.o
 .group         0x00000000        0x8 main.o
 .group         0x00000000        0x8 main.o
 .group         0x00000000        0x8 main.o
 .text._ZN8PinSBase7FastSetEv
                0x00000000        0x2 main.o
 .text._ZN8PinSBase9FastClearEv
                0x00000000        0x2 main.o
 .text._ZN8PinSBase10FastToggleEv
                0x00000000        0x2 main.o
 .text._ZN8PinSBase12FastAsOutputEv
                0x00000000        0x2 main.o
 .text._ZN8PinSBase11FastAsInputEv
                0x00000000        0x2 main.o
 .text._ZN8PinSBase7BoolSetEb
                0x00000000        0x2 main.o
 .text._ZN8PinSBase5CheckEv
                0x00000000        0x2 main.o
 .text._ZN8PinSBase3SetEv
                0x00000000        0x2 main.o
 .text._ZN8PinSBase5ClearEv
                0x00000000        0x2 main.o
 .text._ZN8PinSBase6ToggleEv
                0x00000000        0x2 main.o
 .text._ZN8PinSBase8AsOutputEv
                0x00000000        0x2 main.o
 .text._ZN8PinSBase7AsInputEv
                0x00000000        0x2 main.o
 .text._ZN8PinSBaseD2Ev
                0x00000000        0x2 main.o
 .text._ZN8PinSBaseD0Ev
                0x00000000        0x4 main.o
 .text          0x00000000        0x0 Sh1106Class.o
 .data          0x00000000        0x0 Sh1106Class.o
 .bss           0x00000000        0x0 Sh1106Class.o
 .comment       0x00000000       0x31 Sh1106Class.o
 .text          0x00000000        0x0 ShiftRegister.o
 .data          0x00000000        0x0 ShiftRegister.o
 .bss           0x00000000        0x0 ShiftRegister.o
 .comment       0x00000000       0x31 ShiftRegister.o
 .text          0x00000000        0x0 SPL/Atmega16A_SPL.o
 .data          0x00000000        0x0 SPL/Atmega16A_SPL.o
 .bss           0x00000000        0x0 SPL/Atmega16A_SPL.o
 .comment       0x00000000       0x31 SPL/Atmega16A_SPL.o
 .text          0x00000000        0x0 SPL/Avr5Lib.o
 .data          0x00000000        0x0 SPL/Avr5Lib.o
 .bss           0x00000000        0x0 SPL/Avr5Lib.o
 .comment       0x00000000       0x31 SPL/Avr5Lib.o
 .text          0x00000000        0x0 TaskManager/MainAsyncChainedTaskManager.o
 .data          0x00000000        0x0 TaskManager/MainAsyncChainedTaskManager.o
 .bss           0x00000000        0x0 TaskManager/MainAsyncChainedTaskManager.o
 .comment       0x00000000       0x31 TaskManager/MainAsyncChainedTaskManager.o
 .text          0x00000000        0x0 c:/program files (x86)/atmel/studio/7.0/toolchain/avr8/avr8-gnu-toolchain/bin/../lib/gcc/avr/4.9.2/../../../../avr/lib/avr5\libm.a(divsf3.o)
 .data          0x00000000        0x0 c:/program files (x86)/atmel/studio/7.0/toolchain/avr8/avr8-gnu-toolchain/bin/../lib/gcc/avr/4.9.2/../../../../avr/lib/avr5\libm.a(divsf3.o)
 .bss           0x00000000        0x0 c:/program files (x86)/atmel/studio/7.0/toolchain/avr8/avr8-gnu-toolchain/bin/../lib/gcc/avr/4.9.2/../../../../avr/lib/avr5\libm.a(divsf3.o)
 .text          0x00000000        0x0 c:/program files (x86)/atmel/studio/7.0/toolchain/avr8/avr8-gnu-toolchain/bin/../lib/gcc/avr/4.9.2/../../../../avr/lib/avr5\libm.a(divsf3x.o)
 .data          0x00000000        0x0 c:/program files (x86)/atmel/studio/7.0/toolchain/avr8/avr8-gnu-toolchain/bin/../lib/gcc/avr/4.9.2/../../../../avr/lib/avr5\libm.a(divsf3x.o)
 .bss           0x00000000        0x0 c:/program files (x86)/atmel/studio/7.0/toolchain/avr8/avr8-gnu-toolchain/bin/../lib/gcc/avr/4.9.2/../../../../avr/lib/avr5\libm.a(divsf3x.o)
 .text          0x00000000        0x0 c:/program files (x86)/atmel/studio/7.0/toolchain/avr8/avr8-gnu-toolchain/bin/../lib/gcc/avr/4.9.2/../../../../avr/lib/avr5\libm.a(fixunssfsi.o)
 .data          0x00000000        0x0 c:/program files (x86)/atmel/studio/7.0/toolchain/avr8/avr8-gnu-toolchain/bin/../lib/gcc/avr/4.9.2/../../../../avr/lib/avr5\libm.a(fixunssfsi.o)
 .bss           0x00000000        0x0 c:/program files (x86)/atmel/studio/7.0/toolchain/avr8/avr8-gnu-toolchain/bin/../lib/gcc/avr/4.9.2/../../../../avr/lib/avr5\libm.a(fixunssfsi.o)
 .text          0x00000000        0x0 c:/program files (x86)/atmel/studio/7.0/toolchain/avr8/avr8-gnu-toolchain/bin/../lib/gcc/avr/4.9.2/../../../../avr/lib/avr5\libm.a(floatsisf.o)
 .data          0x00000000        0x0 c:/program files (x86)/atmel/studio/7.0/toolchain/avr8/avr8-gnu-toolchain/bin/../lib/gcc/avr/4.9.2/../../../../avr/lib/avr5\libm.a(floatsisf.o)
 .bss           0x00000000        0x0 c:/program files (x86)/atmel/studio/7.0/toolchain/avr8/avr8-gnu-toolchain/bin/../lib/gcc/avr/4.9.2/../../../../avr/lib/avr5\libm.a(floatsisf.o)
 .text          0x00000000        0x0 c:/program files (x86)/atmel/studio/7.0/toolchain/avr8/avr8-gnu-toolchain/bin/../lib/gcc/avr/4.9.2/../../../../avr/lib/avr5\libm.a(fp_inf.o)
 .data          0x00000000        0x0 c:/program files (x86)/atmel/studio/7.0/toolchain/avr8/avr8-gnu-toolchain/bin/../lib/gcc/avr/4.9.2/../../../../avr/lib/avr5\libm.a(fp_inf.o)
 .bss           0x00000000        0x0 c:/program files (x86)/atmel/studio/7.0/toolchain/avr8/avr8-gnu-toolchain/bin/../lib/gcc/avr/4.9.2/../../../../avr/lib/avr5\libm.a(fp_inf.o)
 .text          0x00000000        0x0 c:/program files (x86)/atmel/studio/7.0/toolchain/avr8/avr8-gnu-toolchain/bin/../lib/gcc/avr/4.9.2/../../../../avr/lib/avr5\libm.a(fp_nan.o)
 .data          0x00000000        0x0 c:/program files (x86)/atmel/studio/7.0/toolchain/avr8/avr8-gnu-toolchain/bin/../lib/gcc/avr/4.9.2/../../../../avr/lib/avr5\libm.a(fp_nan.o)
 .bss           0x00000000        0x0 c:/program files (x86)/atmel/studio/7.0/toolchain/avr8/avr8-gnu-toolchain/bin/../lib/gcc/avr/4.9.2/../../../../avr/lib/avr5\libm.a(fp_nan.o)
 .text          0x00000000        0x0 c:/program files (x86)/atmel/studio/7.0/toolchain/avr8/avr8-gnu-toolchain/bin/../lib/gcc/avr/4.9.2/../../../../avr/lib/avr5\libm.a(fp_pscA.o)
 .data          0x00000000        0x0 c:/program files (x86)/atmel/studio/7.0/toolchain/avr8/avr8-gnu-toolchain/bin/../lib/gcc/avr/4.9.2/../../../../avr/lib/avr5\libm.a(fp_pscA.o)
 .bss           0x00000000        0x0 c:/program files (x86)/atmel/studio/7.0/toolchain/avr8/avr8-gnu-toolchain/bin/../lib/gcc/avr/4.9.2/../../../../avr/lib/avr5\libm.a(fp_pscA.o)
 .text          0x00000000        0x0 c:/program files (x86)/atmel/studio/7.0/toolchain/avr8/avr8-gnu-toolchain/bin/../lib/gcc/avr/4.9.2/../../../../avr/lib/avr5\libm.a(fp_pscB.o)
 .data          0x00000000        0x0 c:/program files (x86)/atmel/studio/7.0/toolchain/avr8/avr8-gnu-toolchain/bin/../lib/gcc/avr/4.9.2/../../../../avr/lib/avr5\libm.a(fp_pscB.o)
 .bss           0x00000000        0x0 c:/program files (x86)/atmel/studio/7.0/toolchain/avr8/avr8-gnu-toolchain/bin/../lib/gcc/avr/4.9.2/../../../../avr/lib/avr5\libm.a(fp_pscB.o)
 .text          0x00000000        0x0 c:/program files (x86)/atmel/studio/7.0/toolchain/avr8/avr8-gnu-toolchain/bin/../lib/gcc/avr/4.9.2/../../../../avr/lib/avr5\libm.a(fp_round.o)
 .data          0x00000000        0x0 c:/program files (x86)/atmel/studio/7.0/toolchain/avr8/avr8-gnu-toolchain/bin/../lib/gcc/avr/4.9.2/../../../../avr/lib/avr5\libm.a(fp_round.o)
 .bss           0x00000000        0x0 c:/program files (x86)/atmel/studio/7.0/toolchain/avr8/avr8-gnu-toolchain/bin/../lib/gcc/avr/4.9.2/../../../../avr/lib/avr5\libm.a(fp_round.o)
 .text          0x00000000        0x0 c:/program files (x86)/atmel/studio/7.0/toolchain/avr8/avr8-gnu-toolchain/bin/../lib/gcc/avr/4.9.2/../../../../avr/lib/avr5\libm.a(fp_split3.o)
 .data          0x00000000        0x0 c:/program files (x86)/atmel/studio/7.0/toolchain/avr8/avr8-gnu-toolchain/bin/../lib/gcc/avr/4.9.2/../../../../avr/lib/avr5\libm.a(fp_split3.o)
 .bss           0x00000000        0x0 c:/program files (x86)/atmel/studio/7.0/toolchain/avr8/avr8-gnu-toolchain/bin/../lib/gcc/avr/4.9.2/../../../../avr/lib/avr5\libm.a(fp_split3.o)
 .text          0x00000000        0x0 c:/program files (x86)/atmel/studio/7.0/toolchain/avr8/avr8-gnu-toolchain/bin/../lib/gcc/avr/4.9.2/../../../../avr/lib/avr5\libm.a(fp_zero.o)
 .data          0x00000000        0x0 c:/program files (x86)/atmel/studio/7.0/toolchain/avr8/avr8-gnu-toolchain/bin/../lib/gcc/avr/4.9.2/../../../../avr/lib/avr5\libm.a(fp_zero.o)
 .bss           0x00000000        0x0 c:/program files (x86)/atmel/studio/7.0/toolchain/avr8/avr8-gnu-toolchain/bin/../lib/gcc/avr/4.9.2/../../../../avr/lib/avr5\libm.a(fp_zero.o)
 .text          0x00000000        0x0 c:/program files (x86)/atmel/studio/7.0/toolchain/avr8/avr8-gnu-toolchain/bin/../lib/gcc/avr/4.9.2/../../../../avr/lib/avr5\libm.a(mulsf3.o)
 .data          0x00000000        0x0 c:/program files (x86)/atmel/studio/7.0/toolchain/avr8/avr8-gnu-toolchain/bin/../lib/gcc/avr/4.9.2/../../../../avr/lib/avr5\libm.a(mulsf3.o)
 .bss           0x00000000        0x0 c:/program files (x86)/atmel/studio/7.0/toolchain/avr8/avr8-gnu-toolchain/bin/../lib/gcc/avr/4.9.2/../../../../avr/lib/avr5\libm.a(mulsf3.o)
 .text          0x00000000        0x0 c:/program files (x86)/atmel/studio/7.0/toolchain/avr8/avr8-gnu-toolchain/bin/../lib/gcc/avr/4.9.2/../../../../avr/lib/avr5\libm.a(mulsf3x.o)
 .data          0x00000000        0x0 c:/program files (x86)/atmel/studio/7.0/toolchain/avr8/avr8-gnu-toolchain/bin/../lib/gcc/avr/4.9.2/../../../../avr/lib/avr5\libm.a(mulsf3x.o)
 .bss           0x00000000        0x0 c:/program files (x86)/atmel/studio/7.0/toolchain/avr8/avr8-gnu-toolchain/bin/../lib/gcc/avr/4.9.2/../../../../avr/lib/avr5\libm.a(mulsf3x.o)
 .text          0x00000000        0x0 c:/program files (x86)/atmel/studio/7.0/toolchain/avr8/avr8-gnu-toolchain/bin/../lib/gcc/avr/4.9.2/avr5\libgcc.a(_exit.o)
 .data          0x00000000        0x0 c:/program files (x86)/atmel/studio/7.0/toolchain/avr8/avr8-gnu-toolchain/bin/../lib/gcc/avr/4.9.2/avr5\libgcc.a(_exit.o)
 .bss           0x00000000        0x0 c:/program files (x86)/atmel/studio/7.0/toolchain/avr8/avr8-gnu-toolchain/bin/../lib/gcc/avr/4.9.2/avr5\libgcc.a(_exit.o)
 .text.libgcc.mul
                0x00000000        0x0 c:/program files (x86)/atmel/studio/7.0/toolchain/avr8/avr8-gnu-toolchain/bin/../lib/gcc/avr/4.9.2/avr5\libgcc.a(_exit.o)
 .text.libgcc.div
                0x00000000        0x0 c:/program files (x86)/atmel/studio/7.0/toolchain/avr8/avr8-gnu-toolchain/bin/../lib/gcc/avr/4.9.2/avr5\libgcc.a(_exit.o)
 .text.libgcc   0x00000000        0x0 c:/program files (x86)/atmel/studio/7.0/toolchain/avr8/avr8-gnu-toolchain/bin/../lib/gcc/avr/4.9.2/avr5\libgcc.a(_exit.o)
 .text.libgcc.prologue
                0x00000000        0x0 c:/program files (x86)/atmel/studio/7.0/toolchain/avr8/avr8-gnu-toolchain/bin/../lib/gcc/avr/4.9.2/avr5\libgcc.a(_exit.o)
 .text.libgcc.builtins
                0x00000000        0x0 c:/program files (x86)/atmel/studio/7.0/toolchain/avr8/avr8-gnu-toolchain/bin/../lib/gcc/avr/4.9.2/avr5\libgcc.a(_exit.o)
 .text.libgcc.fmul
                0x00000000        0x0 c:/program files (x86)/atmel/studio/7.0/toolchain/avr8/avr8-gnu-toolchain/bin/../lib/gcc/avr/4.9.2/avr5\libgcc.a(_exit.o)
 .text.libgcc.fixed
                0x00000000        0x0 c:/program files (x86)/atmel/studio/7.0/toolchain/avr8/avr8-gnu-toolchain/bin/../lib/gcc/avr/4.9.2/avr5\libgcc.a(_exit.o)
 .text          0x00000000        0x0 c:/program files (x86)/atmel/studio/7.0/toolchain/avr8/avr8-gnu-toolchain/bin/../lib/gcc/avr/4.9.2/avr5\libgcc.a(_tablejump2.o)
 .data          0x00000000        0x0 c:/program files (x86)/atmel/studio/7.0/toolchain/avr8/avr8-gnu-toolchain/bin/../lib/gcc/avr/4.9.2/avr5\libgcc.a(_tablejump2.o)
 .bss           0x00000000        0x0 c:/program files (x86)/atmel/studio/7.0/toolchain/avr8/avr8-gnu-toolchain/bin/../lib/gcc/avr/4.9.2/avr5\libgcc.a(_tablejump2.o)
 .text.libgcc.mul
                0x00000000        0x0 c:/program files (x86)/atmel/studio/7.0/toolchain/avr8/avr8-gnu-toolchain/bin/../lib/gcc/avr/4.9.2/avr5\libgcc.a(_tablejump2.o)
 .text.libgcc.div
                0x00000000        0x0 c:/program files (x86)/atmel/studio/7.0/toolchain/avr8/avr8-gnu-toolchain/bin/../lib/gcc/avr/4.9.2/avr5\libgcc.a(_tablejump2.o)
 .text.libgcc.prologue
                0x00000000        0x0 c:/program files (x86)/atmel/studio/7.0/toolchain/avr8/avr8-gnu-toolchain/bin/../lib/gcc/avr/4.9.2/avr5\libgcc.a(_tablejump2.o)
 .text.libgcc.builtins
                0x00000000        0x0 c:/program files (x86)/atmel/studio/7.0/toolchain/avr8/avr8-gnu-toolchain/bin/../lib/gcc/avr/4.9.2/avr5\libgcc.a(_tablejump2.o)
 .text.libgcc.fmul
                0x00000000        0x0 c:/program files (x86)/atmel/studio/7.0/toolchain/avr8/avr8-gnu-toolchain/bin/../lib/gcc/avr/4.9.2/avr5\libgcc.a(_tablejump2.o)
 .text.libgcc.fixed
                0x00000000        0x0 c:/program files (x86)/atmel/studio/7.0/toolchain/avr8/avr8-gnu-toolchain/bin/../lib/gcc/avr/4.9.2/avr5\libgcc.a(_tablejump2.o)
 .text          0x00000000        0x0 c:/program files (x86)/atmel/studio/7.0/toolchain/avr8/avr8-gnu-toolchain/bin/../lib/gcc/avr/4.9.2/avr5\libgcc.a(_copy_data.o)
 .data          0x00000000        0x0 c:/program files (x86)/atmel/studio/7.0/toolchain/avr8/avr8-gnu-toolchain/bin/../lib/gcc/avr/4.9.2/avr5\libgcc.a(_copy_data.o)
 .bss           0x00000000        0x0 c:/program files (x86)/atmel/studio/7.0/toolchain/avr8/avr8-gnu-toolchain/bin/../lib/gcc/avr/4.9.2/avr5\libgcc.a(_copy_data.o)
 .text.libgcc.mul
                0x00000000        0x0 c:/program files (x86)/atmel/studio/7.0/toolchain/avr8/avr8-gnu-toolchain/bin/../lib/gcc/avr/4.9.2/avr5\libgcc.a(_copy_data.o)
 .text.libgcc.div
                0x00000000        0x0 c:/program files (x86)/atmel/studio/7.0/toolchain/avr8/avr8-gnu-toolchain/bin/../lib/gcc/avr/4.9.2/avr5\libgcc.a(_copy_data.o)
 .text.libgcc   0x00000000        0x0 c:/program files (x86)/atmel/studio/7.0/toolchain/avr8/avr8-gnu-toolchain/bin/../lib/gcc/avr/4.9.2/avr5\libgcc.a(_copy_data.o)
 .text.libgcc.prologue
                0x00000000        0x0 c:/program files (x86)/atmel/studio/7.0/toolchain/avr8/avr8-gnu-toolchain/bin/../lib/gcc/avr/4.9.2/avr5\libgcc.a(_copy_data.o)
 .text.libgcc.builtins
                0x00000000        0x0 c:/program files (x86)/atmel/studio/7.0/toolchain/avr8/avr8-gnu-toolchain/bin/../lib/gcc/avr/4.9.2/avr5\libgcc.a(_copy_data.o)
 .text.libgcc.fmul
                0x00000000        0x0 c:/program files (x86)/atmel/studio/7.0/toolchain/avr8/avr8-gnu-toolchain/bin/../lib/gcc/avr/4.9.2/avr5\libgcc.a(_copy_data.o)
 .text.libgcc.fixed
                0x00000000        0x0 c:/program files (x86)/atmel/studio/7.0/toolchain/avr8/avr8-gnu-toolchain/bin/../lib/gcc/avr/4.9.2/avr5\libgcc.a(_copy_data.o)
 .text          0x00000000        0x0 c:/program files (x86)/atmel/studio/7.0/toolchain/avr8/avr8-gnu-toolchain/bin/../lib/gcc/avr/4.9.2/avr5\libgcc.a(_clear_bss.o)
 .data          0x00000000        0x0 c:/program files (x86)/atmel/studio/7.0/toolchain/avr8/avr8-gnu-toolchain/bin/../lib/gcc/avr/4.9.2/avr5\libgcc.a(_clear_bss.o)
 .bss           0x00000000        0x0 c:/program files (x86)/atmel/studio/7.0/toolchain/avr8/avr8-gnu-toolchain/bin/../lib/gcc/avr/4.9.2/avr5\libgcc.a(_clear_bss.o)
 .text.libgcc.mul
                0x00000000        0x0 c:/program files (x86)/atmel/studio/7.0/toolchain/avr8/avr8-gnu-toolchain/bin/../lib/gcc/avr/4.9.2/avr5\libgcc.a(_clear_bss.o)
 .text.libgcc.div
                0x00000000        0x0 c:/program files (x86)/atmel/studio/7.0/toolchain/avr8/avr8-gnu-toolchain/bin/../lib/gcc/avr/4.9.2/avr5\libgcc.a(_clear_bss.o)
 .text.libgcc   0x00000000        0x0 c:/program files (x86)/atmel/studio/7.0/toolchain/avr8/avr8-gnu-toolchain/bin/../lib/gcc/avr/4.9.2/avr5\libgcc.a(_clear_bss.o)
 .text.libgcc.prologue
                0x00000000        0x0 c:/program files (x86)/atmel/studio/7.0/toolchain/avr8/avr8-gnu-toolchain/bin/../lib/gcc/avr/4.9.2/avr5\libgcc.a(_clear_bss.o)
 .text.libgcc.builtins
                0x00000000        0x0 c:/program files (x86)/atmel/studio/7.0/toolchain/avr8/avr8-gnu-toolchain/bin/../lib/gcc/avr/4.9.2/avr5\libgcc.a(_clear_bss.o)
 .text.libgcc.fmul
                0x00000000        0x0 c:/program files (x86)/atmel/studio/7.0/toolchain/avr8/avr8-gnu-toolchain/bin/../lib/gcc/avr/4.9.2/avr5\libgcc.a(_clear_bss.o)
 .text.libgcc.fixed
                0x00000000        0x0 c:/program files (x86)/atmel/studio/7.0/toolchain/avr8/avr8-gnu-toolchain/bin/../lib/gcc/avr/4.9.2/avr5\libgcc.a(_clear_bss.o)
 .text          0x00000000        0x0 c:/program files (x86)/atmel/studio/7.0/toolchain/avr8/avr8-gnu-toolchain/bin/../lib/gcc/avr/4.9.2/avr5\libgcc.a(_ctors.o)
 .data          0x00000000        0x0 c:/program files (x86)/atmel/studio/7.0/toolchain/avr8/avr8-gnu-toolchain/bin/../lib/gcc/avr/4.9.2/avr5\libgcc.a(_ctors.o)
 .bss           0x00000000        0x0 c:/program files (x86)/atmel/studio/7.0/toolchain/avr8/avr8-gnu-toolchain/bin/../lib/gcc/avr/4.9.2/avr5\libgcc.a(_ctors.o)
 .text.libgcc.mul
                0x00000000        0x0 c:/program files (x86)/atmel/studio/7.0/toolchain/avr8/avr8-gnu-toolchain/bin/../lib/gcc/avr/4.9.2/avr5\libgcc.a(_ctors.o)
 .text.libgcc.div
                0x00000000        0x0 c:/program files (x86)/atmel/studio/7.0/toolchain/avr8/avr8-gnu-toolchain/bin/../lib/gcc/avr/4.9.2/avr5\libgcc.a(_ctors.o)
 .text.libgcc   0x00000000        0x0 c:/program files (x86)/atmel/studio/7.0/toolchain/avr8/avr8-gnu-toolchain/bin/../lib/gcc/avr/4.9.2/avr5\libgcc.a(_ctors.o)
 .text.libgcc.prologue
                0x00000000        0x0 c:/program files (x86)/atmel/studio/7.0/toolchain/avr8/avr8-gnu-toolchain/bin/../lib/gcc/avr/4.9.2/avr5\libgcc.a(_ctors.o)
 .text.libgcc.builtins
                0x00000000        0x0 c:/program files (x86)/atmel/studio/7.0/toolchain/avr8/avr8-gnu-toolchain/bin/../lib/gcc/avr/4.9.2/avr5\libgcc.a(_ctors.o)
 .text.libgcc.fmul
                0x00000000        0x0 c:/program files (x86)/atmel/studio/7.0/toolchain/avr8/avr8-gnu-toolchain/bin/../lib/gcc/avr/4.9.2/avr5\libgcc.a(_ctors.o)
 .text.libgcc.fixed
                0x00000000        0x0 c:/program files (x86)/atmel/studio/7.0/toolchain/avr8/avr8-gnu-toolchain/bin/../lib/gcc/avr/4.9.2/avr5\libgcc.a(_ctors.o)
 .text          0x00000000        0x0 c:/program files (x86)/atmel/studio/7.0/toolchain/avr8/avr8-gnu-toolchain/bin/../lib/gcc/avr/4.9.2/avr5\libgcc.a(_dtors.o)
 .data          0x00000000        0x0 c:/program files (x86)/atmel/studio/7.0/toolchain/avr8/avr8-gnu-toolchain/bin/../lib/gcc/avr/4.9.2/avr5\libgcc.a(_dtors.o)
 .bss           0x00000000        0x0 c:/program files (x86)/atmel/studio/7.0/toolchain/avr8/avr8-gnu-toolchain/bin/../lib/gcc/avr/4.9.2/avr5\libgcc.a(_dtors.o)
 .text.libgcc.mul
                0x00000000        0x0 c:/program files (x86)/atmel/studio/7.0/toolchain/avr8/avr8-gnu-toolchain/bin/../lib/gcc/avr/4.9.2/avr5\libgcc.a(_dtors.o)
 .text.libgcc.div
                0x00000000        0x0 c:/program files (x86)/atmel/studio/7.0/toolchain/avr8/avr8-gnu-toolchain/bin/../lib/gcc/avr/4.9.2/avr5\libgcc.a(_dtors.o)
 .text.libgcc   0x00000000        0x0 c:/program files (x86)/atmel/studio/7.0/toolchain/avr8/avr8-gnu-toolchain/bin/../lib/gcc/avr/4.9.2/avr5\libgcc.a(_dtors.o)
 .text.libgcc.prologue
                0x00000000        0x0 c:/program files (x86)/atmel/studio/7.0/toolchain/avr8/avr8-gnu-toolchain/bin/../lib/gcc/avr/4.9.2/avr5\libgcc.a(_dtors.o)
 .text.libgcc.builtins
                0x00000000        0x0 c:/program files (x86)/atmel/studio/7.0/toolchain/avr8/avr8-gnu-toolchain/bin/../lib/gcc/avr/4.9.2/avr5\libgcc.a(_dtors.o)
 .text.libgcc.fmul
                0x00000000        0x0 c:/program files (x86)/atmel/studio/7.0/toolchain/avr8/avr8-gnu-toolchain/bin/../lib/gcc/avr/4.9.2/avr5\libgcc.a(_dtors.o)
 .text.libgcc.fixed
                0x00000000        0x0 c:/program files (x86)/atmel/studio/7.0/toolchain/avr8/avr8-gnu-toolchain/bin/../lib/gcc/avr/4.9.2/avr5\libgcc.a(_dtors.o)
 .text          0x00000000        0x0 c:/program files (x86)/atmel/studio/7.0/toolchain/avr8/avr8-gnu-toolchain/bin/../lib/gcc/avr/4.9.2/../../../../avr/lib/avr5\libc.a(malloc.o)
 .bss           0x00000000        0x0 c:/program files (x86)/atmel/studio/7.0/toolchain/avr8/avr8-gnu-toolchain/bin/../lib/gcc/avr/4.9.2/../../../../avr/lib/avr5\libc.a(malloc.o)
 .text          0x00000000        0x0 c:/program files (x86)/atmel/studio/7.0/toolchain/avr8/avr8-gnu-toolchain/bin/../lib/gcc/avr/4.9.2/../../../../avr/lib/avr5\libatmega16a.a(eerd_block.o)
 .data          0x00000000        0x0 c:/program files (x86)/atmel/studio/7.0/toolchain/avr8/avr8-gnu-toolchain/bin/../lib/gcc/avr/4.9.2/../../../../avr/lib/avr5\libatmega16a.a(eerd_block.o)
 .bss           0x00000000        0x0 c:/program files (x86)/atmel/studio/7.0/toolchain/avr8/avr8-gnu-toolchain/bin/../lib/gcc/avr/4.9.2/../../../../avr/lib/avr5\libatmega16a.a(eerd_block.o)
 .text          0x00000000        0x0 c:/program files (x86)/atmel/studio/7.0/toolchain/avr8/avr8-gnu-toolchain/bin/../lib/gcc/avr/4.9.2/../../../../avr/lib/avr5\libatmega16a.a(eerd_byte.o)
 .data          0x00000000        0x0 c:/program files (x86)/atmel/studio/7.0/toolchain/avr8/avr8-gnu-toolchain/bin/../lib/gcc/avr/4.9.2/../../../../avr/lib/avr5\libatmega16a.a(eerd_byte.o)
 .bss           0x00000000        0x0 c:/program files (x86)/atmel/studio/7.0/toolchain/avr8/avr8-gnu-toolchain/bin/../lib/gcc/avr/4.9.2/../../../../avr/lib/avr5\libatmega16a.a(eerd_byte.o)

Memory Configuration

Name             Origin             Length             Attributes
text             0x00000000         0x00020000         xr
data             0x00800060         0x0000ffa0         rw !x
eeprom           0x00810000         0x00010000         rw !x
fuse             0x00820000         0x00000002         rw !x
lock             0x00830000         0x00000400         rw !x
signature        0x00840000         0x00000400         rw !x
user_signatures  0x00850000         0x00000400         rw !x
*default*        0x00000000         0xffffffff

Linker script and memory map

LOAD c:/program files (x86)/atmel/studio/7.0/toolchain/avr8/avr8-gnu-toolchain/bin/../lib/gcc/avr/4.9.2/../../../../avr/lib/avr5/crtatmega16a.o
LOAD AS5048A.o
LOAD Button.o
LOAD main.o
LOAD Sh1106Class.o
LOAD ShiftRegister.o
LOAD SPL/Atmega16A_SPL.o
LOAD SPL/Avr5Lib.o
LOAD TaskManager/MainAsyncChainedTaskManager.o
START GROUP
LOAD c:/program files (x86)/atmel/studio/7.0/toolchain/avr8/avr8-gnu-toolchain/bin/../lib/gcc/avr/4.9.2/../../../../avr/lib/avr5\libm.a
END GROUP
LOAD c:/program files (x86)/atmel/studio/7.0/toolchain/avr8/avr8-gnu-toolchain/bin/../lib/gcc/avr/4.9.2/avr5\libgcc.a
LOAD c:/program files (x86)/atmel/studio/7.0/toolchain/avr8/avr8-gnu-toolchain/bin/../lib/gcc/avr/4.9.2/../../../../avr/lib/avr5\libm.a
START GROUP
LOAD c:/program files (x86)/atmel/studio/7.0/toolchain/avr8/avr8-gnu-toolchain/bin/../lib/gcc/avr/4.9.2/avr5\libgcc.a
LOAD c:/program files (x86)/atmel/studio/7.0/toolchain/avr8/avr8-gnu-toolchain/bin/../lib/gcc/avr/4.9.2/../../../../avr/lib/avr5\libm.a
LOAD c:/program files (x86)/atmel/studio/7.0/toolchain/avr8/avr8-gnu-toolchain/bin/../lib/gcc/avr/4.9.2/../../../../avr/lib/avr5\libc.a
LOAD c:/program files (x86)/atmel/studio/7.0/toolchain/avr8/avr8-gnu-toolchain/bin/../lib/gcc/avr/4.9.2/../../../../avr/lib/avr5\libatmega16a.a
END GROUP
                0x00020000                __TEXT_REGION_LENGTH__ = DEFINED (__TEXT_REGION_LENGTH__)?__TEXT_REGION_LENGTH__:0x20000
                0x0000ffa0                __DATA_REGION_LENGTH__ = DEFINED (__DATA_REGION_LENGTH__)?__DATA_REGION_LENGTH__:0xffa0
                0x00010000                __EEPROM_REGION_LENGTH__ = DEFINED (__EEPROM_REGION_LENGTH__)?__EEPROM_REGION_LENGTH__:0x10000
                [0x00000002]                __FUSE_REGION_LENGTH__ = DEFINED (__FUSE_REGION_LENGTH__)?__FUSE_REGION_LENGTH__:0x400
                0x00000400                __LOCK_REGION_LENGTH__ = DEFINED (__LOCK_REGION_LENGTH__)?__LOCK_REGION_LENGTH__:0x400
                0x00000400                __SIGNATURE_REGION_LENGTH__ = DEFINED (__SIGNATURE_REGION_LENGTH__)?__SIGNATURE_REGION_LENGTH__:0x400
                0x00000400                __USER_SIGNATURE_REGION_LENGTH__ = DEFINED (__USER_SIGNATURE_REGION_LENGTH__)?__USER_SIGNATURE_REGION_LENGTH__:0x400

.hash
 *(.hash)

.dynsym
 *(.dynsym)

.dynstr
 *(.dynstr)

.gnu.version
 *(.gnu.version)

.gnu.version_d
 *(.gnu.version_d)

.gnu.version_r
 *(.gnu.version_r)

.rel.init
 *(.rel.init)

.rela.init
 *(.rela.init)

.rel.text
 *(.rel.text)
 *(.rel.text.*)
 *(.rel.gnu.linkonce.t*)

.rela.text
 *(.rela.text)
 *(.rela.text.*)
 *(.rela.gnu.linkonce.t*)

.rel.fini
 *(.rel.fini)

.rela.fini
 *(.rela.fini)

.rel.rodata
 *(.rel.rodata)
 *(.rel.rodata.*)
 *(.rel.gnu.linkonce.r*)

.rela.rodata
 *(.rela.rodata)
 *(.rela.rodata.*)
 *(.rela.gnu.linkonce.r*)

.rel.data
 *(.rel.data)
 *(.rel.data.*)
 *(.rel.gnu.linkonce.d*)

.rela.data
 *(.rela.data)
 *(.rela.data.*)
 *(.rela.gnu.linkonce.d*)

.rel.ctors
 *(.rel.ctors)

.rela.ctors
 *(.rela.ctors)

.rel.dtors
 *(.rel.dtors)

.rela.dtors
 *(.rela.dtors)

.rel.got
 *(.rel.got)

.rela.got
 *(.rela.got)

.rel.bss
 *(.rel.bss)

.rela.bss
 *(.rela.bss)

.rel.plt
 *(.rel.plt)

.rela.plt
 *(.rela.plt)

.text           0x00000000     0x3474
 *(.vectors)
 .vectors       0x00000000       0x54 c:/program files (x86)/atmel/studio/7.0/toolchain/avr8/avr8-gnu-toolchain/bin/../lib/gcc/avr/4.9.2/../../../../avr/lib/avr5/crtatmega16a.o
                0x00000000                __vector_default
                0x00000000                __vectors
 *(.vectors)
 *(.progmem.gcc*)
 .progmem.gcc_sw_table
                0x00000054       0x1c main.o
                0x00000070                . = ALIGN (0x2)
                0x00000070                __trampolines_start = .
 *(.trampolines)
 .trampolines   0x00000070        0x0 linker stubs
 *(.trampolines*)
                0x00000070                __trampolines_end = .
 *libprintf_flt.a:*(.progmem.data)
 *libc.a:*(.progmem.data)
 *(.progmem*)
                0x00000070                . = ALIGN (0x2)
 *(.jumptables)
 *(.jumptables*)
 *(.lowtext)
 *(.lowtext*)
                0x00000070                __ctors_start = .
 *(.ctors)
 .ctors         0x00000070        0x2 main.o
                0x00000072                __ctors_end = .
                0x00000072                __dtors_start = .
 *(.dtors)
 .dtors         0x00000072        0x2 main.o
                0x00000074                __dtors_end = .
 SORT(*)(.ctors)
 SORT(*)(.dtors)
 *(.init0)
 .init0         0x00000074        0x0 c:/program files (x86)/atmel/studio/7.0/toolchain/avr8/avr8-gnu-toolchain/bin/../lib/gcc/avr/4.9.2/../../../../avr/lib/avr5/crtatmega16a.o
                0x00000074                __init
 *(.init0)
 *(.init1)
 *(.init1)
 *(.init2)
 .init2         0x00000074        0xc c:/program files (x86)/atmel/studio/7.0/toolchain/avr8/avr8-gnu-toolchain/bin/../lib/gcc/avr/4.9.2/../../../../avr/lib/avr5/crtatmega16a.o
 *(.init2)
 *(.init3)
 *(.init3)
 *(.init4)
 .init4         0x00000080       0x16 c:/program files (x86)/atmel/studio/7.0/toolchain/avr8/avr8-gnu-toolchain/bin/../lib/gcc/avr/4.9.2/avr5\libgcc.a(_copy_data.o)
                0x00000080                __do_copy_data
 .init4         0x00000096       0x10 c:/program files (x86)/atmel/studio/7.0/toolchain/avr8/avr8-gnu-toolchain/bin/../lib/gcc/avr/4.9.2/avr5\libgcc.a(_clear_bss.o)
                0x00000096                __do_clear_bss
 *(.init4)
 *(.init5)
 *(.init5)
 *(.init6)
 .init6         0x000000a6       0x16 c:/program files (x86)/atmel/studio/7.0/toolchain/avr8/avr8-gnu-toolchain/bin/../lib/gcc/avr/4.9.2/avr5\libgcc.a(_ctors.o)
                0x000000a6                __do_global_ctors
 *(.init6)
 *(.init7)
 *(.init7)
 *(.init8)
 *(.init8)
 *(.init9)
 .init9         0x000000bc        0x8 c:/program files (x86)/atmel/studio/7.0/toolchain/avr8/avr8-gnu-toolchain/bin/../lib/gcc/avr/4.9.2/../../../../avr/lib/avr5/crtatmega16a.o
 *(.init9)
 *(.text)
 .text          0x000000c4        0x4 c:/program files (x86)/atmel/studio/7.0/toolchain/avr8/avr8-gnu-toolchain/bin/../lib/gcc/avr/4.9.2/../../../../avr/lib/avr5/crtatmega16a.o
                0x000000c4                __vector_12
                0x000000c4                __bad_interrupt
                0x000000c4                __vector_6
                0x000000c4                __vector_3
                0x000000c4                __vector_11
                0x000000c4                __vector_13
                0x000000c4                __vector_17
                0x000000c4                __vector_7
                0x000000c4                __vector_5
                0x000000c4                __vector_4
                0x000000c4                __vector_9
                0x000000c4                __vector_2
                0x000000c4                __vector_15
                0x000000c4                __vector_8
                0x000000c4                __vector_14
                0x000000c4                __vector_10
                0x000000c4                __vector_16
                0x000000c4                __vector_18
                0x000000c4                __vector_20
 .text          0x000000c8      0xf0e main.o
                0x000000c8                _Z19DoFirstKeyboardByteP4Task
                0x0000015e                _Z20DoSecondKeyboardByteP4Task
                0x000001c6                _Z10DoDataTaskP4Task
                0x00000272                _Znwj
                0x00000276                _ZdlPv
                0x0000027a                __vector_19
                0x000002f6                _Z10Initializev
                0x0000030a                __vector_1
                0x000003f8                _Z18NextCalibrateStagev
                0x00000472                _Z13RegisterTasksv
                0x00000608                _Z10ComputePWMv
                0x00000754                _Z15InitializePortsv
                0x00000766                _Z17InitializeProgramv
                0x00000e00                _Z5Debugv
                0x00000fd6                . = ALIGN (0x2)
 *(.text.*)
 .text._ZN4PinSILh50ELh48ELh49ELh3EE5CheckEv
                0x00000fd6        0xa main.o
                0x00000fd6                _ZN4PinSILh50ELh48ELh49ELh3EE5CheckEv
 .text._ZN4PinSILh50ELh48ELh49ELh4EE5CheckEv
                0x00000fe0        0x8 main.o
                0x00000fe0                _ZN4PinSILh50ELh48ELh49ELh4EE5CheckEv
 .text._ZN4PinSILh50ELh48ELh49ELh6EE5CheckEv
                0x00000fe8        0xa main.o
                0x00000fe8                _ZN4PinSILh50ELh48ELh49ELh6EE5CheckEv
 .text._ZN4PinSILh50ELh48ELh49ELh3EED2Ev
                0x00000ff2        0x2 main.o
                0x00000ff2                _ZN4PinSILh50ELh48ELh49ELh3EED2Ev
                0x00000ff2                _ZN4PinSILh50ELh48ELh49ELh3EED1Ev
 .text._ZN4PinSILh50ELh48ELh49ELh4EED2Ev
                0x00000ff4        0x2 main.o
                0x00000ff4                _ZN4PinSILh50ELh48ELh49ELh4EED2Ev
                0x00000ff4                _ZN4PinSILh50ELh48ELh49ELh4EED1Ev
 .text._ZN4PinSILh50ELh48ELh49ELh6EED2Ev
                0x00000ff6        0x2 main.o
                0x00000ff6                _ZN4PinSILh50ELh48ELh49ELh6EED2Ev
                0x00000ff6                _ZN4PinSILh50ELh48ELh49ELh6EED1Ev
 .text._ZN4PinSILh50ELh48ELh49ELh5EED2Ev
                0x00000ff8        0x2 main.o
                0x00000ff8                _ZN4PinSILh50ELh48ELh49ELh5EED1Ev
                0x00000ff8                _ZN4PinSILh50ELh48ELh49ELh5EED2Ev
 .text._ZN4PinSILh56ELh54ELh55ELh7EED2Ev
                0x00000ffa        0x2 main.o
                0x00000ffa                _ZN4PinSILh56ELh54ELh55ELh7EED2Ev
                0x00000ffa                _ZN4PinSILh56ELh54ELh55ELh7EED1Ev
 .text._ZN4PinSILh56ELh54ELh55ELh6EED2Ev
                0x00000ffc        0x2 main.o
                0x00000ffc                _ZN4PinSILh56ELh54ELh55ELh6EED1Ev
                0x00000ffc                _ZN4PinSILh56ELh54ELh55ELh6EED2Ev
 .text._ZN4PinSILh56ELh54ELh55ELh5EED2Ev
                0x00000ffe        0x2 main.o
                0x00000ffe                _ZN4PinSILh56ELh54ELh55ELh5EED2Ev
                0x00000ffe                _ZN4PinSILh56ELh54ELh55ELh5EED1Ev
 .text._ZN4PinSILh56ELh54ELh55ELh4EED2Ev
                0x00001000        0x2 main.o
                0x00001000                _ZN4PinSILh56ELh54ELh55ELh4EED2Ev
                0x00001000                _ZN4PinSILh56ELh54ELh55ELh4EED1Ev
 .text._ZN4PinSILh56ELh54ELh55ELh3EED2Ev
                0x00001002        0x2 main.o
                0x00001002                _ZN4PinSILh56ELh54ELh55ELh3EED1Ev
                0x00001002                _ZN4PinSILh56ELh54ELh55ELh3EED2Ev
 .text._ZN4PinSILh56ELh54ELh55ELh2EED2Ev
                0x00001004        0x2 main.o
                0x00001004                _ZN4PinSILh56ELh54ELh55ELh2EED2Ev
                0x00001004                _ZN4PinSILh56ELh54ELh55ELh2EED1Ev
 .text._ZN4PinSILh56ELh54ELh55ELh1EED2Ev
                0x00001006        0x2 main.o
                0x00001006                _ZN4PinSILh56ELh54ELh55ELh1EED1Ev
                0x00001006                _ZN4PinSILh56ELh54ELh55ELh1EED2Ev
 .text._ZN4PinSILh56ELh54ELh55ELh0EED2Ev
                0x00001008        0x2 main.o
                0x00001008                _ZN4PinSILh56ELh54ELh55ELh0EED1Ev
                0x00001008                _ZN4PinSILh56ELh54ELh55ELh0EED2Ev
 .text._ZN4PinSILh59ELh57ELh58ELh2EED2Ev
                0x0000100a        0x2 main.o
                0x0000100a                _ZN4PinSILh59ELh57ELh58ELh2EED2Ev
                0x0000100a                _ZN4PinSILh59ELh57ELh58ELh2EED1Ev
 .text._ZN4PinSILh59ELh57ELh58ELh1EED2Ev
                0x0000100c        0x2 main.o
                0x0000100c                _ZN4PinSILh59ELh57ELh58ELh1EED2Ev
                0x0000100c                _ZN4PinSILh59ELh57ELh58ELh1EED1Ev
 .text._ZN4PinSILh59ELh57ELh58ELh0EED2Ev
                0x0000100e        0x2 main.o
                0x0000100e                _ZN4PinSILh59ELh57ELh58ELh0EED1Ev
                0x0000100e                _ZN4PinSILh59ELh57ELh58ELh0EED2Ev
 .text._ZN4PinSILh50ELh48ELh49ELh3EE7FastSetEv
                0x00001010        0x4 main.o
                0x00001010                _ZN4PinSILh50ELh48ELh49ELh3EE7FastSetEv
 .text._ZN4PinSILh50ELh48ELh49ELh3EE9FastClearEv
                0x00001014        0x4 main.o
                0x00001014                _ZN4PinSILh50ELh48ELh49ELh3EE9FastClearEv
 .text._ZN4PinSILh50ELh48ELh49ELh3EE10FastToggleEv
                0x00001018        0xa main.o
                0x00001018                _ZN4PinSILh50ELh48ELh49ELh3EE10FastToggleEv
 .text._ZN4PinSILh50ELh48ELh49ELh3EE12FastAsOutputEv
                0x00001022        0x4 main.o
                0x00001022                _ZN4PinSILh50ELh48ELh49ELh3EE12FastAsOutputEv
 .text._ZN4PinSILh50ELh48ELh49ELh3EE11FastAsInputEv
                0x00001026        0x4 main.o
                0x00001026                _ZN4PinSILh50ELh48ELh49ELh3EE11FastAsInputEv
 .text._ZN4PinSILh50ELh48ELh49ELh3EE3SetEv
                0x0000102a        0x4 main.o
                0x0000102a                _ZN4PinSILh50ELh48ELh49ELh3EE3SetEv
 .text._ZN4PinSILh50ELh48ELh49ELh3EE5ClearEv
                0x0000102e        0x4 main.o
                0x0000102e                _ZN4PinSILh50ELh48ELh49ELh3EE5ClearEv
 .text._ZN4PinSILh50ELh48ELh49ELh3EE6ToggleEv
                0x00001032        0xa main.o
                0x00001032                _ZN4PinSILh50ELh48ELh49ELh3EE6ToggleEv
 .text._ZN4PinSILh50ELh48ELh49ELh3EE8AsOutputEv
                0x0000103c        0x4 main.o
                0x0000103c                _ZN4PinSILh50ELh48ELh49ELh3EE8AsOutputEv
 .text._ZN4PinSILh50ELh48ELh49ELh3EE7AsInputEv
                0x00001040        0x4 main.o
                0x00001040                _ZN4PinSILh50ELh48ELh49ELh3EE7AsInputEv
 .text._ZN4PinSILh50ELh48ELh49ELh4EE7FastSetEv
                0x00001044        0x4 main.o
                0x00001044                _ZN4PinSILh50ELh48ELh49ELh4EE7FastSetEv
 .text._ZN4PinSILh50ELh48ELh49ELh4EE9FastClearEv
                0x00001048        0x4 main.o
                0x00001048                _ZN4PinSILh50ELh48ELh49ELh4EE9FastClearEv
 .text._ZN4PinSILh50ELh48ELh49ELh4EE10FastToggleEv
                0x0000104c        0xa main.o
                0x0000104c                _ZN4PinSILh50ELh48ELh49ELh4EE10FastToggleEv
 .text._ZN4PinSILh50ELh48ELh49ELh4EE12FastAsOutputEv
                0x00001056        0x4 main.o
                0x00001056                _ZN4PinSILh50ELh48ELh49ELh4EE12FastAsOutputEv
 .text._ZN4PinSILh50ELh48ELh49ELh4EE11FastAsInputEv
                0x0000105a        0x4 main.o
                0x0000105a                _ZN4PinSILh50ELh48ELh49ELh4EE11FastAsInputEv
 .text._ZN4PinSILh50ELh48ELh49ELh4EE3SetEv
                0x0000105e        0x4 main.o
                0x0000105e                _ZN4PinSILh50ELh48ELh49ELh4EE3SetEv
 .text._ZN4PinSILh50ELh48ELh49ELh4EE5ClearEv
                0x00001062        0x4 main.o
                0x00001062                _ZN4PinSILh50ELh48ELh49ELh4EE5ClearEv
 .text._ZN4PinSILh50ELh48ELh49ELh4EE6ToggleEv
                0x00001066        0xa main.o
                0x00001066                _ZN4PinSILh50ELh48ELh49ELh4EE6ToggleEv
 .text._ZN4PinSILh50ELh48ELh49ELh4EE8AsOutputEv
                0x00001070        0x4 main.o
                0x00001070                _ZN4PinSILh50ELh48ELh49ELh4EE8AsOutputEv
 .text._ZN4PinSILh50ELh48ELh49ELh4EE7AsInputEv
                0x00001074        0x4 main.o
                0x00001074                _ZN4PinSILh50ELh48ELh49ELh4EE7AsInputEv
 .text._ZN4PinSILh50ELh48ELh49ELh6EE7FastSetEv
                0x00001078        0x4 main.o
                0x00001078                _ZN4PinSILh50ELh48ELh49ELh6EE7FastSetEv
 .text._ZN4PinSILh50ELh48ELh49ELh6EE9FastClearEv
                0x0000107c        0x4 main.o
                0x0000107c                _ZN4PinSILh50ELh48ELh49ELh6EE9FastClearEv
 .text._ZN4PinSILh50ELh48ELh49ELh6EE10FastToggleEv
                0x00001080        0xa main.o
                0x00001080                _ZN4PinSILh50ELh48ELh49ELh6EE10FastToggleEv
 .text._ZN4PinSILh50ELh48ELh49ELh6EE12FastAsOutputEv
                0x0000108a        0x4 main.o
                0x0000108a                _ZN4PinSILh50ELh48ELh49ELh6EE12FastAsOutputEv
 .text._ZN4PinSILh50ELh48ELh49ELh6EE11FastAsInputEv
                0x0000108e        0x4 main.o
                0x0000108e                _ZN4PinSILh50ELh48ELh49ELh6EE11FastAsInputEv
 .text._ZN4PinSILh50ELh48ELh49ELh6EE3SetEv
                0x00001092        0x4 main.o
                0x00001092                _ZN4PinSILh50ELh48ELh49ELh6EE3SetEv
 .text._ZN4PinSILh50ELh48ELh49ELh6EE5ClearEv
                0x00001096        0x4 main.o
                0x00001096                _ZN4PinSILh50ELh48ELh49ELh6EE5ClearEv
 .text._ZN4PinSILh50ELh48ELh49ELh6EE6ToggleEv
                0x0000109a        0xa main.o
                0x0000109a                _ZN4PinSILh50ELh48ELh49ELh6EE6ToggleEv
 .text._ZN4PinSILh50ELh48ELh49ELh6EE8AsOutputEv
                0x000010a4        0x4 main.o
                0x000010a4                _ZN4PinSILh50ELh48ELh49ELh6EE8AsOutputEv
 .text._ZN4PinSILh50ELh48ELh49ELh6EE7AsInputEv
                0x000010a8        0x4 main.o
                0x000010a8                _ZN4PinSILh50ELh48ELh49ELh6EE7AsInputEv
 .text._ZN4PinSILh50ELh48ELh49ELh5EE7FastSetEv
                0x000010ac        0x4 main.o
                0x000010ac                _ZN4PinSILh50ELh48ELh49ELh5EE7FastSetEv
 .text._ZN4PinSILh50ELh48ELh49ELh5EE9FastClearEv
                0x000010b0        0x4 main.o
                0x000010b0                _ZN4PinSILh50ELh48ELh49ELh5EE9FastClearEv
 .text._ZN4PinSILh50ELh48ELh49ELh5EE10FastToggleEv
                0x000010b4        0xa main.o
                0x000010b4                _ZN4PinSILh50ELh48ELh49ELh5EE10FastToggleEv
 .text._ZN4PinSILh50ELh48ELh49ELh5EE12FastAsOutputEv
                0x000010be        0x4 main.o
                0x000010be                _ZN4PinSILh50ELh48ELh49ELh5EE12FastAsOutputEv
 .text._ZN4PinSILh50ELh48ELh49ELh5EE11FastAsInputEv
                0x000010c2        0x4 main.o
                0x000010c2                _ZN4PinSILh50ELh48ELh49ELh5EE11FastAsInputEv
 .text._ZN4PinSILh50ELh48ELh49ELh5EE5CheckEv
                0x000010c6        0xa main.o
                0x000010c6                _ZN4PinSILh50ELh48ELh49ELh5EE5CheckEv
 .text._ZN4PinSILh50ELh48ELh49ELh5EE3SetEv
                0x000010d0        0x4 main.o
                0x000010d0                _ZN4PinSILh50ELh48ELh49ELh5EE3SetEv
 .text._ZN4PinSILh50ELh48ELh49ELh5EE5ClearEv
                0x000010d4        0x4 main.o
                0x000010d4                _ZN4PinSILh50ELh48ELh49ELh5EE5ClearEv
 .text._ZN4PinSILh50ELh48ELh49ELh5EE6ToggleEv
                0x000010d8        0xa main.o
                0x000010d8                _ZN4PinSILh50ELh48ELh49ELh5EE6ToggleEv
 .text._ZN4PinSILh50ELh48ELh49ELh5EE8AsOutputEv
                0x000010e2        0x4 main.o
                0x000010e2                _ZN4PinSILh50ELh48ELh49ELh5EE8AsOutputEv
 .text._ZN4PinSILh50ELh48ELh49ELh5EE7AsInputEv
                0x000010e6        0x4 main.o
                0x000010e6                _ZN4PinSILh50ELh48ELh49ELh5EE7AsInputEv
 .text._ZN4PinSILh56ELh54ELh55ELh7EE7FastSetEv
                0x000010ea        0x4 main.o
                0x000010ea                _ZN4PinSILh56ELh54ELh55ELh7EE7FastSetEv
 .text._ZN4PinSILh56ELh54ELh55ELh7EE9FastClearEv
                0x000010ee        0x4 main.o
                0x000010ee                _ZN4PinSILh56ELh54ELh55ELh7EE9FastClearEv
 .text._ZN4PinSILh56ELh54ELh55ELh7EE10FastToggleEv
                0x000010f2        0x8 main.o
                0x000010f2                _ZN4PinSILh56ELh54ELh55ELh7EE10FastToggleEv
 .text._ZN4PinSILh56ELh54ELh55ELh7EE12FastAsOutputEv
                0x000010fa        0x4 main.o
                0x000010fa                _ZN4PinSILh56ELh54ELh55ELh7EE12FastAsOutputEv
 .text._ZN4PinSILh56ELh54ELh55ELh7EE11FastAsInputEv
                0x000010fe        0x4 main.o
                0x000010fe                _ZN4PinSILh56ELh54ELh55ELh7EE11FastAsInputEv
 .text._ZN4PinSILh56ELh54ELh55ELh7EE5CheckEv
                0x00001102        0x8 main.o
                0x00001102                _ZN4PinSILh56ELh54ELh55ELh7EE5CheckEv
 .text._ZN4PinSILh56ELh54ELh55ELh7EE3SetEv
                0x0000110a        0x4 main.o
                0x0000110a                _ZN4PinSILh56ELh54ELh55ELh7EE3SetEv
 .text._ZN4PinSILh56ELh54ELh55ELh7EE5ClearEv
                0x0000110e        0x4 main.o
                0x0000110e                _ZN4PinSILh56ELh54ELh55ELh7EE5ClearEv
 .text._ZN4PinSILh56ELh54ELh55ELh7EE6ToggleEv
                0x00001112        0x8 main.o
                0x00001112                _ZN4PinSILh56ELh54ELh55ELh7EE6ToggleEv
 .text._ZN4PinSILh56ELh54ELh55ELh7EE8AsOutputEv
                0x0000111a        0x4 main.o
                0x0000111a                _ZN4PinSILh56ELh54ELh55ELh7EE8AsOutputEv
 .text._ZN4PinSILh56ELh54ELh55ELh7EE7AsInputEv
                0x0000111e        0x4 main.o
                0x0000111e                _ZN4PinSILh56ELh54ELh55ELh7EE7AsInputEv
 .text._ZN4PinSILh56ELh54ELh55ELh6EE7FastSetEv
                0x00001122        0x4 main.o
                0x00001122                _ZN4PinSILh56ELh54ELh55ELh6EE7FastSetEv
 .text._ZN4PinSILh56ELh54ELh55ELh6EE9FastClearEv
                0x00001126        0x4 main.o
                0x00001126                _ZN4PinSILh56ELh54ELh55ELh6EE9FastClearEv
 .text._ZN4PinSILh56ELh54ELh55ELh6EE10FastToggleEv
                0x0000112a        0xa main.o
                0x0000112a                _ZN4PinSILh56ELh54ELh55ELh6EE10FastToggleEv
 .text._ZN4PinSILh56ELh54ELh55ELh6EE12FastAsOutputEv
                0x00001134        0x4 main.o
                0x00001134                _ZN4PinSILh56ELh54ELh55ELh6EE12FastAsOutputEv
 .text._ZN4PinSILh56ELh54ELh55ELh6EE11FastAsInputEv
                0x00001138        0x4 main.o
                0x00001138                _ZN4PinSILh56ELh54ELh55ELh6EE11FastAsInputEv
 .text._ZN4PinSILh56ELh54ELh55ELh6EE5CheckEv
                0x0000113c        0xa main.o
                0x0000113c                _ZN4PinSILh56ELh54ELh55ELh6EE5CheckEv
 .text._ZN4PinSILh56ELh54ELh55ELh6EE3SetEv
                0x00001146        0x4 main.o
                0x00001146                _ZN4PinSILh56ELh54ELh55ELh6EE3SetEv
 .text._ZN4PinSILh56ELh54ELh55ELh6EE5ClearEv
                0x0000114a        0x4 main.o
                0x0000114a                _ZN4PinSILh56ELh54ELh55ELh6EE5ClearEv
 .text._ZN4PinSILh56ELh54ELh55ELh6EE6ToggleEv
                0x0000114e        0xa main.o
                0x0000114e                _ZN4PinSILh56ELh54ELh55ELh6EE6ToggleEv
 .text._ZN4PinSILh56ELh54ELh55ELh6EE8AsOutputEv
                0x00001158        0x4 main.o
                0x00001158                _ZN4PinSILh56ELh54ELh55ELh6EE8AsOutputEv
 .text._ZN4PinSILh56ELh54ELh55ELh6EE7AsInputEv
                0x0000115c        0x4 main.o
                0x0000115c                _ZN4PinSILh56ELh54ELh55ELh6EE7AsInputEv
 .text._ZN4PinSILh56ELh54ELh55ELh5EE7FastSetEv
                0x00001160        0x4 main.o
                0x00001160                _ZN4PinSILh56ELh54ELh55ELh5EE7FastSetEv
 .text._ZN4PinSILh56ELh54ELh55ELh5EE9FastClearEv
                0x00001164        0x4 main.o
                0x00001164                _ZN4PinSILh56ELh54ELh55ELh5EE9FastClearEv
 .text._ZN4PinSILh56ELh54ELh55ELh5EE10FastToggleEv
                0x00001168        0xa main.o
                0x00001168                _ZN4PinSILh56ELh54ELh55ELh5EE10FastToggleEv
 .text._ZN4PinSILh56ELh54ELh55ELh5EE12FastAsOutputEv
                0x00001172        0x4 main.o
                0x00001172                _ZN4PinSILh56ELh54ELh55ELh5EE12FastAsOutputEv
 .text._ZN4PinSILh56ELh54ELh55ELh5EE11FastAsInputEv
                0x00001176        0x4 main.o
                0x00001176                _ZN4PinSILh56ELh54ELh55ELh5EE11FastAsInputEv
 .text._ZN4PinSILh56ELh54ELh55ELh5EE5CheckEv
                0x0000117a        0xa main.o
                0x0000117a                _ZN4PinSILh56ELh54ELh55ELh5EE5CheckEv
 .text._ZN4PinSILh56ELh54ELh55ELh5EE3SetEv
                0x00001184        0x4 main.o
                0x00001184                _ZN4PinSILh56ELh54ELh55ELh5EE3SetEv
 .text._ZN4PinSILh56ELh54ELh55ELh5EE5ClearEv
                0x00001188        0x4 main.o
                0x00001188                _ZN4PinSILh56ELh54ELh55ELh5EE5ClearEv
 .text._ZN4PinSILh56ELh54ELh55ELh5EE6ToggleEv
                0x0000118c        0xa main.o
                0x0000118c                _ZN4PinSILh56ELh54ELh55ELh5EE6ToggleEv
 .text._ZN4PinSILh56ELh54ELh55ELh5EE8AsOutputEv
                0x00001196        0x4 main.o
                0x00001196                _ZN4PinSILh56ELh54ELh55ELh5EE8AsOutputEv
 .text._ZN4PinSILh56ELh54ELh55ELh5EE7AsInputEv
                0x0000119a        0x4 main.o
                0x0000119a                _ZN4PinSILh56ELh54ELh55ELh5EE7AsInputEv
 .text._ZN4PinSILh56ELh54ELh55ELh4EE7FastSetEv
                0x0000119e        0x4 main.o
                0x0000119e                _ZN4PinSILh56ELh54ELh55ELh4EE7FastSetEv
 .text._ZN4PinSILh56ELh54ELh55ELh4EE9FastClearEv
                0x000011a2        0x4 main.o
                0x000011a2                _ZN4PinSILh56ELh54ELh55ELh4EE9FastClearEv
 .text._ZN4PinSILh56ELh54ELh55ELh4EE10FastToggleEv
                0x000011a6        0xa main.o
                0x000011a6                _ZN4PinSILh56ELh54ELh55ELh4EE10FastToggleEv
 .text._ZN4PinSILh56ELh54ELh55ELh4EE12FastAsOutputEv
                0x000011b0        0x4 main.o
                0x000011b0                _ZN4PinSILh56ELh54ELh55ELh4EE12FastAsOutputEv
 .text._ZN4PinSILh56ELh54ELh55ELh4EE11FastAsInputEv
                0x000011b4        0x4 main.o
                0x000011b4                _ZN4PinSILh56ELh54ELh55ELh4EE11FastAsInputEv
 .text._ZN4PinSILh56ELh54ELh55ELh4EE5CheckEv
                0x000011b8        0x8 main.o
                0x000011b8                _ZN4PinSILh56ELh54ELh55ELh4EE5CheckEv
 .text._ZN4PinSILh56ELh54ELh55ELh4EE3SetEv
                0x000011c0        0x4 main.o
                0x000011c0                _ZN4PinSILh56ELh54ELh55ELh4EE3SetEv
 .text._ZN4PinSILh56ELh54ELh55ELh4EE5ClearEv
                0x000011c4        0x4 main.o
                0x000011c4                _ZN4PinSILh56ELh54ELh55ELh4EE5ClearEv
 .text._ZN4PinSILh56ELh54ELh55ELh4EE6ToggleEv
                0x000011c8        0xa main.o
                0x000011c8                _ZN4PinSILh56ELh54ELh55ELh4EE6ToggleEv
 .text._ZN4PinSILh56ELh54ELh55ELh4EE8AsOutputEv
                0x000011d2        0x4 main.o
                0x000011d2                _ZN4PinSILh56ELh54ELh55ELh4EE8AsOutputEv
 .text._ZN4PinSILh56ELh54ELh55ELh4EE7AsInputEv
                0x000011d6        0x4 main.o
                0x000011d6                _ZN4PinSILh56ELh54ELh55ELh4EE7AsInputEv
 .text._ZN4PinSILh56ELh54ELh55ELh3EE7FastSetEv
                0x000011da        0x4 main.o
                0x000011da                _ZN4PinSILh56ELh54ELh55ELh3EE7FastSetEv
 .text._ZN4PinSILh56ELh54ELh55ELh3EE9FastClearEv
                0x000011de        0x4 main.o
                0x000011de                _ZN4PinSILh56ELh54ELh55ELh3EE9FastClearEv
 .text._ZN4PinSILh56ELh54ELh55ELh3EE10FastToggleEv
                0x000011e2        0xa main.o
                0x000011e2                _ZN4PinSILh56ELh54ELh55ELh3EE10FastToggleEv
 .text._ZN4PinSILh56ELh54ELh55ELh3EE12FastAsOutputEv
                0x000011ec        0x4 main.o
                0x000011ec                _ZN4PinSILh56ELh54ELh55ELh3EE12FastAsOutputEv
 .text._ZN4PinSILh56ELh54ELh55ELh3EE11FastAsInputEv
                0x000011f0        0x4 main.o
                0x000011f0                _ZN4PinSILh56ELh54ELh55ELh3EE11FastAsInputEv
 .text._ZN4PinSILh56ELh54ELh55ELh3EE5CheckEv
                0x000011f4        0xa main.o
                0x000011f4                _ZN4PinSILh56ELh54ELh55ELh3EE5CheckEv
 .text._ZN4PinSILh56ELh54ELh55ELh3EE3SetEv
                0x000011fe        0x4 main.o
                0x000011fe                _ZN4PinSILh56ELh54ELh55ELh3EE3SetEv
 .text._ZN4PinSILh56ELh54ELh55ELh3EE5ClearEv
                0x00001202        0x4 main.o
                0x00001202                _ZN4PinSILh56ELh54ELh55ELh3EE5ClearEv
 .text._ZN4PinSILh56ELh54ELh55ELh3EE6ToggleEv
                0x00001206        0xa main.o
                0x00001206                _ZN4PinSILh56ELh54ELh55ELh3EE6ToggleEv
 .text._ZN4PinSILh56ELh54ELh55ELh3EE8AsOutputEv
                0x00001210        0x4 main.o
                0x00001210                _ZN4PinSILh56ELh54ELh55ELh3EE8AsOutputEv
 .text._ZN4PinSILh56ELh54ELh55ELh3EE7AsInputEv
                0x00001214        0x4 main.o
                0x00001214                _ZN4PinSILh56ELh54ELh55ELh3EE7AsInputEv
 .text._ZN4PinSILh56ELh54ELh55ELh2EE7FastSetEv
                0x00001218        0x4 main.o
                0x00001218                _ZN4PinSILh56ELh54ELh55ELh2EE7FastSetEv
 .text._ZN4PinSILh56ELh54ELh55ELh2EE9FastClearEv
                0x0000121c        0x4 main.o
                0x0000121c                _ZN4PinSILh56ELh54ELh55ELh2EE9FastClearEv
 .text._ZN4PinSILh56ELh54ELh55ELh2EE10FastToggleEv
                0x00001220        0xa main.o
                0x00001220                _ZN4PinSILh56ELh54ELh55ELh2EE10FastToggleEv
 .text._ZN4PinSILh56ELh54ELh55ELh2EE12FastAsOutputEv
                0x0000122a        0x4 main.o
                0x0000122a                _ZN4PinSILh56ELh54ELh55ELh2EE12FastAsOutputEv
 .text._ZN4PinSILh56ELh54ELh55ELh2EE11FastAsInputEv
                0x0000122e        0x4 main.o
                0x0000122e                _ZN4PinSILh56ELh54ELh55ELh2EE11FastAsInputEv
 .text._ZN4PinSILh56ELh54ELh55ELh2EE5CheckEv
                0x00001232        0xa main.o
                0x00001232                _ZN4PinSILh56ELh54ELh55ELh2EE5CheckEv
 .text._ZN4PinSILh56ELh54ELh55ELh2EE3SetEv
                0x0000123c        0x4 main.o
                0x0000123c                _ZN4PinSILh56ELh54ELh55ELh2EE3SetEv
 .text._ZN4PinSILh56ELh54ELh55ELh2EE5ClearEv
                0x00001240        0x4 main.o
                0x00001240                _ZN4PinSILh56ELh54ELh55ELh2EE5ClearEv
 .text._ZN4PinSILh56ELh54ELh55ELh2EE6ToggleEv
                0x00001244        0xa main.o
                0x00001244                _ZN4PinSILh56ELh54ELh55ELh2EE6ToggleEv
 .text._ZN4PinSILh56ELh54ELh55ELh2EE8AsOutputEv
                0x0000124e        0x4 main.o
                0x0000124e                _ZN4PinSILh56ELh54ELh55ELh2EE8AsOutputEv
 .text._ZN4PinSILh56ELh54ELh55ELh2EE7AsInputEv
                0x00001252        0x4 main.o
                0x00001252                _ZN4PinSILh56ELh54ELh55ELh2EE7AsInputEv
 .text._ZN4PinSILh56ELh54ELh55ELh1EE7FastSetEv
                0x00001256        0x4 main.o
                0x00001256                _ZN4PinSILh56ELh54ELh55ELh1EE7FastSetEv
 .text._ZN4PinSILh56ELh54ELh55ELh1EE9FastClearEv
                0x0000125a        0x4 main.o
                0x0000125a                _ZN4PinSILh56ELh54ELh55ELh1EE9FastClearEv
 .text._ZN4PinSILh56ELh54ELh55ELh1EE10FastToggleEv
                0x0000125e        0xa main.o
                0x0000125e                _ZN4PinSILh56ELh54ELh55ELh1EE10FastToggleEv
 .text._ZN4PinSILh56ELh54ELh55ELh1EE12FastAsOutputEv
                0x00001268        0x4 main.o
                0x00001268                _ZN4PinSILh56ELh54ELh55ELh1EE12FastAsOutputEv
 .text._ZN4PinSILh56ELh54ELh55ELh1EE11FastAsInputEv
                0x0000126c        0x4 main.o
                0x0000126c                _ZN4PinSILh56ELh54ELh55ELh1EE11FastAsInputEv
 .text._ZN4PinSILh56ELh54ELh55ELh1EE5CheckEv
                0x00001270        0x8 main.o
                0x00001270                _ZN4PinSILh56ELh54ELh55ELh1EE5CheckEv
 .text._ZN4PinSILh56ELh54ELh55ELh1EE3SetEv
                0x00001278        0x4 main.o
                0x00001278                _ZN4PinSILh56ELh54ELh55ELh1EE3SetEv
 .text._ZN4PinSILh56ELh54ELh55ELh1EE5ClearEv
                0x0000127c        0x4 main.o
                0x0000127c                _ZN4PinSILh56ELh54ELh55ELh1EE5ClearEv
 .text._ZN4PinSILh56ELh54ELh55ELh1EE6ToggleEv
                0x00001280        0xa main.o
                0x00001280                _ZN4PinSILh56ELh54ELh55ELh1EE6ToggleEv
 .text._ZN4PinSILh56ELh54ELh55ELh1EE8AsOutputEv
                0x0000128a        0x4 main.o
                0x0000128a                _ZN4PinSILh56ELh54ELh55ELh1EE8AsOutputEv
 .text._ZN4PinSILh56ELh54ELh55ELh1EE7AsInputEv
                0x0000128e        0x4 main.o
                0x0000128e                _ZN4PinSILh56ELh54ELh55ELh1EE7AsInputEv
 .text._ZN4PinSILh56ELh54ELh55ELh0EE7FastSetEv
                0x00001292        0x4 main.o
                0x00001292                _ZN4PinSILh56ELh54ELh55ELh0EE7FastSetEv
 .text._ZN4PinSILh56ELh54ELh55ELh0EE9FastClearEv
                0x00001296        0x4 main.o
                0x00001296                _ZN4PinSILh56ELh54ELh55ELh0EE9FastClearEv
 .text._ZN4PinSILh56ELh54ELh55ELh0EE10FastToggleEv
                0x0000129a        0xa main.o
                0x0000129a                _ZN4PinSILh56ELh54ELh55ELh0EE10FastToggleEv
 .text._ZN4PinSILh56ELh54ELh55ELh0EE12FastAsOutputEv
                0x000012a4        0x4 main.o
                0x000012a4                _ZN4PinSILh56ELh54ELh55ELh0EE12FastAsOutputEv
 .text._ZN4PinSILh56ELh54ELh55ELh0EE11FastAsInputEv
                0x000012a8        0x4 main.o
                0x000012a8                _ZN4PinSILh56ELh54ELh55ELh0EE11FastAsInputEv
 .text._ZN4PinSILh56ELh54ELh55ELh0EE5CheckEv
                0x000012ac        0x6 main.o
                0x000012ac                _ZN4PinSILh56ELh54ELh55ELh0EE5CheckEv
 .text._ZN4PinSILh56ELh54ELh55ELh0EE3SetEv
                0x000012b2        0x4 main.o
                0x000012b2                _ZN4PinSILh56ELh54ELh55ELh0EE3SetEv
 .text._ZN4PinSILh56ELh54ELh55ELh0EE5ClearEv
                0x000012b6        0x4 main.o
                0x000012b6                _ZN4PinSILh56ELh54ELh55ELh0EE5ClearEv
 .text._ZN4PinSILh56ELh54ELh55ELh0EE6ToggleEv
                0x000012ba        0xa main.o
                0x000012ba                _ZN4PinSILh56ELh54ELh55ELh0EE6ToggleEv
 .text._ZN4PinSILh56ELh54ELh55ELh0EE8AsOutputEv
                0x000012c4        0x4 main.o
                0x000012c4                _ZN4PinSILh56ELh54ELh55ELh0EE8AsOutputEv
 .text._ZN4PinSILh56ELh54ELh55ELh0EE7AsInputEv
                0x000012c8        0x4 main.o
                0x000012c8                _ZN4PinSILh56ELh54ELh55ELh0EE7AsInputEv
 .text._ZN4PinSILh59ELh57ELh58ELh2EE7FastSetEv
                0x000012cc        0x4 main.o
                0x000012cc                _ZN4PinSILh59ELh57ELh58ELh2EE7FastSetEv
 .text._ZN4PinSILh59ELh57ELh58ELh2EE9FastClearEv
                0x000012d0        0x4 main.o
                0x000012d0                _ZN4PinSILh59ELh57ELh58ELh2EE9FastClearEv
 .text._ZN4PinSILh59ELh57ELh58ELh2EE10FastToggleEv
                0x000012d4        0xa main.o
                0x000012d4                _ZN4PinSILh59ELh57ELh58ELh2EE10FastToggleEv
 .text._ZN4PinSILh59ELh57ELh58ELh2EE12FastAsOutputEv
                0x000012de        0x4 main.o
                0x000012de                _ZN4PinSILh59ELh57ELh58ELh2EE12FastAsOutputEv
 .text._ZN4PinSILh59ELh57ELh58ELh2EE11FastAsInputEv
                0x000012e2        0x4 main.o
                0x000012e2                _ZN4PinSILh59ELh57ELh58ELh2EE11FastAsInputEv
 .text._ZN4PinSILh59ELh57ELh58ELh2EE5CheckEv
                0x000012e6        0xa main.o
                0x000012e6                _ZN4PinSILh59ELh57ELh58ELh2EE5CheckEv
 .text._ZN4PinSILh59ELh57ELh58ELh2EE3SetEv
                0x000012f0        0x4 main.o
                0x000012f0                _ZN4PinSILh59ELh57ELh58ELh2EE3SetEv
 .text._ZN4PinSILh59ELh57ELh58ELh2EE5ClearEv
                0x000012f4        0x4 main.o
                0x000012f4                _ZN4PinSILh59ELh57ELh58ELh2EE5ClearEv
 .text._ZN4PinSILh59ELh57ELh58ELh2EE6ToggleEv
                0x000012f8        0xa main.o
                0x000012f8                _ZN4PinSILh59ELh57ELh58ELh2EE6ToggleEv
 .text._ZN4PinSILh59ELh57ELh58ELh2EE8AsOutputEv
                0x00001302        0x4 main.o
                0x00001302                _ZN4PinSILh59ELh57ELh58ELh2EE8AsOutputEv
 .text._ZN4PinSILh59ELh57ELh58ELh2EE7AsInputEv
                0x00001306        0x4 main.o
                0x00001306                _ZN4PinSILh59ELh57ELh58ELh2EE7AsInputEv
 .text._ZN4PinSILh59ELh57ELh58ELh1EE7FastSetEv
                0x0000130a        0x4 main.o
                0x0000130a                _ZN4PinSILh59ELh57ELh58ELh1EE7FastSetEv
 .text._ZN4PinSILh59ELh57ELh58ELh1EE9FastClearEv
                0x0000130e        0x4 main.o
                0x0000130e                _ZN4PinSILh59ELh57ELh58ELh1EE9FastClearEv
 .text._ZN4PinSILh59ELh57ELh58ELh1EE10FastToggleEv
                0x00001312        0xa main.o
                0x00001312                _ZN4PinSILh59ELh57ELh58ELh1EE10FastToggleEv
 .text._ZN4PinSILh59ELh57ELh58ELh1EE12FastAsOutputEv
                0x0000131c        0x4 main.o
                0x0000131c                _ZN4PinSILh59ELh57ELh58ELh1EE12FastAsOutputEv
 .text._ZN4PinSILh59ELh57ELh58ELh1EE11FastAsInputEv
                0x00001320        0x4 main.o
                0x00001320                _ZN4PinSILh59ELh57ELh58ELh1EE11FastAsInputEv
 .text._ZN4PinSILh59ELh57ELh58ELh1EE5CheckEv
                0x00001324        0x8 main.o
                0x00001324                _ZN4PinSILh59ELh57ELh58ELh1EE5CheckEv
 .text._ZN4PinSILh59ELh57ELh58ELh1EE3SetEv
                0x0000132c        0x4 main.o
                0x0000132c                _ZN4PinSILh59ELh57ELh58ELh1EE3SetEv
 .text._ZN4PinSILh59ELh57ELh58ELh1EE5ClearEv
                0x00001330        0x4 main.o
                0x00001330                _ZN4PinSILh59ELh57ELh58ELh1EE5ClearEv
 .text._ZN4PinSILh59ELh57ELh58ELh1EE6ToggleEv
                0x00001334        0xa main.o
                0x00001334                _ZN4PinSILh59ELh57ELh58ELh1EE6ToggleEv
 .text._ZN4PinSILh59ELh57ELh58ELh1EE8AsOutputEv
                0x0000133e        0x4 main.o
                0x0000133e                _ZN4PinSILh59ELh57ELh58ELh1EE8AsOutputEv
 .text._ZN4PinSILh59ELh57ELh58ELh1EE7AsInputEv
                0x00001342        0x4 main.o
                0x00001342                _ZN4PinSILh59ELh57ELh58ELh1EE7AsInputEv
 .text._ZN4PinSILh59ELh57ELh58ELh0EE7FastSetEv
                0x00001346        0x4 main.o
                0x00001346                _ZN4PinSILh59ELh57ELh58ELh0EE7FastSetEv
 .text._ZN4PinSILh59ELh57ELh58ELh0EE9FastClearEv
                0x0000134a        0x4 main.o
                0x0000134a                _ZN4PinSILh59ELh57ELh58ELh0EE9FastClearEv
 .text._ZN4PinSILh59ELh57ELh58ELh0EE10FastToggleEv
                0x0000134e        0xa main.o
                0x0000134e                _ZN4PinSILh59ELh57ELh58ELh0EE10FastToggleEv
 .text._ZN4PinSILh59ELh57ELh58ELh0EE12FastAsOutputEv
                0x00001358        0x4 main.o
                0x00001358                _ZN4PinSILh59ELh57ELh58ELh0EE12FastAsOutputEv
 .text._ZN4PinSILh59ELh57ELh58ELh0EE11FastAsInputEv
                0x0000135c        0x4 main.o
                0x0000135c                _ZN4PinSILh59ELh57ELh58ELh0EE11FastAsInputEv
 .text._ZN4PinSILh59ELh57ELh58ELh0EE5CheckEv
                0x00001360        0x6 main.o
                0x00001360                _ZN4PinSILh59ELh57ELh58ELh0EE5CheckEv
 .text._ZN4PinSILh59ELh57ELh58ELh0EE3SetEv
                0x00001366        0x4 main.o
                0x00001366                _ZN4PinSILh59ELh57ELh58ELh0EE3SetEv
 .text._ZN4PinSILh59ELh57ELh58ELh0EE5ClearEv
                0x0000136a        0x4 main.o
                0x0000136a                _ZN4PinSILh59ELh57ELh58ELh0EE5ClearEv
 .text._ZN4PinSILh59ELh57ELh58ELh0EE6ToggleEv
                0x0000136e        0xa main.o
                0x0000136e                _ZN4PinSILh59ELh57ELh58ELh0EE6ToggleEv
 .text._ZN4PinSILh59ELh57ELh58ELh0EE8AsOutputEv
                0x00001378        0x4 main.o
                0x00001378                _ZN4PinSILh59ELh57ELh58ELh0EE8AsOutputEv
 .text._ZN4PinSILh59ELh57ELh58ELh0EE7AsInputEv
                0x0000137c        0x4 main.o
                0x0000137c                _ZN4PinSILh59ELh57ELh58ELh0EE7AsInputEv
 .text._ZN4PinSILh59ELh57ELh58ELh0EED0Ev
                0x00001380        0x4 main.o
                0x00001380                _ZN4PinSILh59ELh57ELh58ELh0EED0Ev
 .text._ZN4PinSILh59ELh57ELh58ELh1EED0Ev
                0x00001384        0x4 main.o
                0x00001384                _ZN4PinSILh59ELh57ELh58ELh1EED0Ev
 .text._ZN4PinSILh59ELh57ELh58ELh2EED0Ev
                0x00001388        0x4 main.o
                0x00001388                _ZN4PinSILh59ELh57ELh58ELh2EED0Ev
 .text._ZN4PinSILh56ELh54ELh55ELh0EED0Ev
                0x0000138c        0x4 main.o
                0x0000138c                _ZN4PinSILh56ELh54ELh55ELh0EED0Ev
 .text._ZN4PinSILh56ELh54ELh55ELh1EED0Ev
                0x00001390        0x4 main.o
                0x00001390                _ZN4PinSILh56ELh54ELh55ELh1EED0Ev
 .text._ZN4PinSILh56ELh54ELh55ELh2EED0Ev
                0x00001394        0x4 main.o
                0x00001394                _ZN4PinSILh56ELh54ELh55ELh2EED0Ev
 .text._ZN4PinSILh56ELh54ELh55ELh3EED0Ev
                0x00001398        0x4 main.o
                0x00001398                _ZN4PinSILh56ELh54ELh55ELh3EED0Ev
 .text._ZN4PinSILh56ELh54ELh55ELh4EED0Ev
                0x0000139c        0x4 main.o
                0x0000139c                _ZN4PinSILh56ELh54ELh55ELh4EED0Ev
 .text._ZN4PinSILh56ELh54ELh55ELh5EED0Ev
                0x000013a0        0x4 main.o
                0x000013a0                _ZN4PinSILh56ELh54ELh55ELh5EED0Ev
 .text._ZN4PinSILh56ELh54ELh55ELh6EED0Ev
                0x000013a4        0x4 main.o
                0x000013a4                _ZN4PinSILh56ELh54ELh55ELh6EED0Ev
 .text._ZN4PinSILh56ELh54ELh55ELh7EED0Ev
                0x000013a8        0x4 main.o
                0x000013a8                _ZN4PinSILh56ELh54ELh55ELh7EED0Ev
 .text._ZN4PinSILh50ELh48ELh49ELh5EED0Ev
                0x000013ac        0x4 main.o
                0x000013ac                _ZN4PinSILh50ELh48ELh49ELh5EED0Ev
 .text._ZN4PinSILh50ELh48ELh49ELh6EED0Ev
                0x000013b0        0x4 main.o
                0x000013b0                _ZN4PinSILh50ELh48ELh49ELh6EED0Ev
 .text._ZN4PinSILh50ELh48ELh49ELh4EED0Ev
                0x000013b4        0x4 main.o
                0x000013b4                _ZN4PinSILh50ELh48ELh49ELh4EED0Ev
 .text._ZN4PinSILh50ELh48ELh49ELh3EED0Ev
                0x000013b8        0x4 main.o
                0x000013b8                _ZN4PinSILh50ELh48ELh49ELh3EED0Ev
 .text._ZN4PinSILh50ELh48ELh49ELh3EE7BoolSetEb
                0x000013bc       0x30 main.o
                0x000013bc                _ZN4PinSILh50ELh48ELh49ELh3EE7BoolSetEb
 .text._ZN4PinSILh59ELh57ELh58ELh0EE7BoolSetEb
                0x000013ec       0x30 main.o
                0x000013ec                _ZN4PinSILh59ELh57ELh58ELh0EE7BoolSetEb
 .text._ZN4PinSILh56ELh54ELh55ELh5EE7BoolSetEb
                0x0000141c       0x30 main.o
                0x0000141c                _ZN4PinSILh56ELh54ELh55ELh5EE7BoolSetEb
 .text._ZN4PinSILh50ELh48ELh49ELh6EE7BoolSetEb
                0x0000144c       0x30 main.o
                0x0000144c                _ZN4PinSILh50ELh48ELh49ELh6EE7BoolSetEb
 .text._ZN4PinSILh56ELh54ELh55ELh1EE7BoolSetEb
                0x0000147c       0x30 main.o
                0x0000147c                _ZN4PinSILh56ELh54ELh55ELh1EE7BoolSetEb
 .text._ZN4PinSILh50ELh48ELh49ELh4EE7BoolSetEb
                0x000014ac       0x30 main.o
                0x000014ac                _ZN4PinSILh50ELh48ELh49ELh4EE7BoolSetEb
 .text._ZN4PinSILh56ELh54ELh55ELh3EE7BoolSetEb
                0x000014dc       0x30 main.o
                0x000014dc                _ZN4PinSILh56ELh54ELh55ELh3EE7BoolSetEb
 .text._ZN4PinSILh56ELh54ELh55ELh2EE7BoolSetEb
                0x0000150c       0x30 main.o
                0x0000150c                _ZN4PinSILh56ELh54ELh55ELh2EE7BoolSetEb
 .text._ZN4PinSILh56ELh54ELh55ELh7EE7BoolSetEb
                0x0000153c       0x30 main.o
                0x0000153c                _ZN4PinSILh56ELh54ELh55ELh7EE7BoolSetEb
 .text._ZN4PinSILh56ELh54ELh55ELh6EE7BoolSetEb
                0x0000156c       0x30 main.o
                0x0000156c                _ZN4PinSILh56ELh54ELh55ELh6EE7BoolSetEb
 .text._ZN4PinSILh50ELh48ELh49ELh5EE7BoolSetEb
                0x0000159c       0x30 main.o
                0x0000159c                _ZN4PinSILh50ELh48ELh49ELh5EE7BoolSetEb
 .text._ZN4PinSILh59ELh57ELh58ELh2EE7BoolSetEb
                0x000015cc       0x30 main.o
                0x000015cc                _ZN4PinSILh59ELh57ELh58ELh2EE7BoolSetEb
 .text._ZN4PinSILh56ELh54ELh55ELh4EE7BoolSetEb
                0x000015fc       0x30 main.o
                0x000015fc                _ZN4PinSILh56ELh54ELh55ELh4EE7BoolSetEb
 .text._ZN4PinSILh56ELh54ELh55ELh0EE7BoolSetEb
                0x0000162c       0x30 main.o
                0x0000162c                _ZN4PinSILh56ELh54ELh55ELh0EE7BoolSetEb
 .text._ZN4PinSILh59ELh57ELh58ELh1EE7BoolSetEb
                0x0000165c       0x30 main.o
                0x0000165c                _ZN4PinSILh59ELh57ELh58ELh1EE7BoolSetEb
 .text._ZN6Sh110617PrintDebugMessageEh
                0x0000168c     0x15e0 main.o
                0x0000168c                _ZN6Sh110617PrintDebugMessageEh
 .text.startup  0x00002c6c      0x21e main.o
                0x00002c6c                main
 .text.exit     0x00002e8a        0x2 main.o
 .text.avr-libc.fplib
                0x00002e8c        0x8 c:/program files (x86)/atmel/studio/7.0/toolchain/avr8/avr8-gnu-toolchain/bin/../lib/gcc/avr/4.9.2/../../../../avr/lib/avr5\libm.a(divsf3.o)
                0x00002e8c                __divsf3
 .text.avr-libc.fplib
                0x00002e94       0xdc c:/program files (x86)/atmel/studio/7.0/toolchain/avr8/avr8-gnu-toolchain/bin/../lib/gcc/avr/4.9.2/../../../../avr/lib/avr5\libm.a(divsf3x.o)
                0x00002eb4                __divsf3x
                0x00002eba                __divsf3_pse
 .text.avr-libc.fplib
                0x00002f70       0x5e c:/program files (x86)/atmel/studio/7.0/toolchain/avr8/avr8-gnu-toolchain/bin/../lib/gcc/avr/4.9.2/../../../../avr/lib/avr5\libm.a(fixunssfsi.o)
                0x00002f70                __fixunssfsi
 .text.avr-libc.fplib
                0x00002fce       0x7a c:/program files (x86)/atmel/studio/7.0/toolchain/avr8/avr8-gnu-toolchain/bin/../lib/gcc/avr/4.9.2/../../../../avr/lib/avr5\libm.a(floatsisf.o)
                0x00002fce                __floatunsisf
                0x00002fd2                __floatsisf
 .text.avr-libc.fplib
                0x00003048        0xc c:/program files (x86)/atmel/studio/7.0/toolchain/avr8/avr8-gnu-toolchain/bin/../lib/gcc/avr/4.9.2/../../../../avr/lib/avr5\libm.a(fp_inf.o)
                0x00003048                __fp_inf
 .text.avr-libc.fplib
                0x00003054        0x6 c:/program files (x86)/atmel/studio/7.0/toolchain/avr8/avr8-gnu-toolchain/bin/../lib/gcc/avr/4.9.2/../../../../avr/lib/avr5\libm.a(fp_nan.o)
                0x00003054                __fp_nan
 .text.avr-libc.fplib
                0x0000305a        0xe c:/program files (x86)/atmel/studio/7.0/toolchain/avr8/avr8-gnu-toolchain/bin/../lib/gcc/avr/4.9.2/../../../../avr/lib/avr5\libm.a(fp_pscA.o)
                0x0000305a                __fp_pscA
 .text.avr-libc.fplib
                0x00003068        0xe c:/program files (x86)/atmel/studio/7.0/toolchain/avr8/avr8-gnu-toolchain/bin/../lib/gcc/avr/4.9.2/../../../../avr/lib/avr5\libm.a(fp_pscB.o)
                0x00003068                __fp_pscB
 .text.avr-libc.fplib
                0x00003076       0x22 c:/program files (x86)/atmel/studio/7.0/toolchain/avr8/avr8-gnu-toolchain/bin/../lib/gcc/avr/4.9.2/../../../../avr/lib/avr5\libm.a(fp_round.o)
                0x00003076                __fp_round
 .text.avr-libc.fplib
                0x00003098       0x44 c:/program files (x86)/atmel/studio/7.0/toolchain/avr8/avr8-gnu-toolchain/bin/../lib/gcc/avr/4.9.2/../../../../avr/lib/avr5\libm.a(fp_split3.o)
                0x00003098                __fp_split3
                0x000030a8                __fp_splitA
 .text.avr-libc.fplib
                0x000030dc        0xe c:/program files (x86)/atmel/studio/7.0/toolchain/avr8/avr8-gnu-toolchain/bin/../lib/gcc/avr/4.9.2/../../../../avr/lib/avr5\libm.a(fp_zero.o)
                0x000030dc                __fp_zero
                0x000030de                __fp_szero
 .text.avr-libc.fplib
                0x000030ea        0x8 c:/program files (x86)/atmel/studio/7.0/toolchain/avr8/avr8-gnu-toolchain/bin/../lib/gcc/avr/4.9.2/../../../../avr/lib/avr5\libm.a(mulsf3.o)
                0x000030ea                __mulsf3
 .text.avr-libc.fplib
                0x000030f2       0xd2 c:/program files (x86)/atmel/studio/7.0/toolchain/avr8/avr8-gnu-toolchain/bin/../lib/gcc/avr/4.9.2/../../../../avr/lib/avr5\libm.a(mulsf3x.o)
                0x00003110                __mulsf3x
                0x00003116                __mulsf3_pse
 .text.libgcc   0x000031c4        0xc c:/program files (x86)/atmel/studio/7.0/toolchain/avr8/avr8-gnu-toolchain/bin/../lib/gcc/avr/4.9.2/avr5\libgcc.a(_tablejump2.o)
                0x000031c4                __tablejump2__
 .text.avr-libc
                0x000031d0      0x25a c:/program files (x86)/atmel/studio/7.0/toolchain/avr8/avr8-gnu-toolchain/bin/../lib/gcc/avr/4.9.2/../../../../avr/lib/avr5\libc.a(malloc.o)
                0x000031d0                malloc
                0x000032fa                free
 .text.avr-libc
                0x0000342a       0x20 c:/program files (x86)/atmel/studio/7.0/toolchain/avr8/avr8-gnu-toolchain/bin/../lib/gcc/avr/4.9.2/../../../../avr/lib/avr5\libatmega16a.a(eerd_block.o)
                0x0000342a                eeprom_read_block
                0x0000342e                eeprom_read_blraw
 .text.avr-libc
                0x0000344a       0x10 c:/program files (x86)/atmel/studio/7.0/toolchain/avr8/avr8-gnu-toolchain/bin/../lib/gcc/avr/4.9.2/../../../../avr/lib/avr5\libatmega16a.a(eerd_byte.o)
                0x0000344a                eeprom_read_byte
                0x0000345a                . = ALIGN (0x2)
 *(.fini9)
 .fini9         0x0000345a        0x0 c:/program files (x86)/atmel/studio/7.0/toolchain/avr8/avr8-gnu-toolchain/bin/../lib/gcc/avr/4.9.2/avr5\libgcc.a(_exit.o)
                0x0000345a                _exit
                0x0000345a                exit
 *(.fini9)
 *(.fini8)
 *(.fini8)
 *(.fini7)
 *(.fini7)
 *(.fini6)
 .fini6         0x0000345a       0x16 c:/program files (x86)/atmel/studio/7.0/toolchain/avr8/avr8-gnu-toolchain/bin/../lib/gcc/avr/4.9.2/avr5\libgcc.a(_dtors.o)
                0x0000345a                __do_global_dtors
 *(.fini6)
 *(.fini5)
 *(.fini5)
 *(.fini4)
 *(.fini4)
 *(.fini3)
 *(.fini3)
 *(.fini2)
 *(.fini2)
 *(.fini1)
 *(.fini1)
 *(.fini0)
 .fini0         0x00003470        0x4 c:/program files (x86)/atmel/studio/7.0/toolchain/avr8/avr8-gnu-toolchain/bin/../lib/gcc/avr/4.9.2/avr5\libgcc.a(_exit.o)
 *(.fini0)
                0x00003474                _etext = .

.data           0x00800060      0x204 load address 0x00003474
                0x00800060                PROVIDE (__data_start, .)
 *(.data)
 .data          0x00800060       0x1e main.o
                0x00800060                thridByte
                0x00800062                secondByte
                0x00800064                firstByte
                0x00800066                PWMOutput
                0x00800068                SPISck
                0x0080006a                SPIMiso
                0x0080006c                SPIMosi
                0x0080006e                SPISS
                0x00800070                AngleInterfaceChipSelect
                0x00800072                OledChipSelect
                0x00800074                DataCommand
                0x00800076                Reset
                0x00800078                WheelCLK
                0x0080007a                WheelPL
                0x0080007c                WheelQ
 .data          0x0080007e        0x6 c:/program files (x86)/atmel/studio/7.0/toolchain/avr8/avr8-gnu-toolchain/bin/../lib/gcc/avr/4.9.2/../../../../avr/lib/avr5\libc.a(malloc.o)
                0x0080007e                __malloc_heap_end
                0x00800080                __malloc_heap_start
                0x00800082                __malloc_margin
 *(.data*)
 *(.rodata)
 *(.rodata*)
 .rodata._ZTV4PinSILh59ELh57ELh58ELh0EE
                0x00800084       0x20 main.o
                0x00800084                _ZTV4PinSILh59ELh57ELh58ELh0EE
 .rodata._ZTV4PinSILh59ELh57ELh58ELh1EE
                0x008000a4       0x20 main.o
                0x008000a4                _ZTV4PinSILh59ELh57ELh58ELh1EE
 .rodata._ZTV4PinSILh59ELh57ELh58ELh2EE
                0x008000c4       0x20 main.o
                0x008000c4                _ZTV4PinSILh59ELh57ELh58ELh2EE
 .rodata._ZTV4PinSILh56ELh54ELh55ELh0EE
                0x008000e4       0x20 main.o
                0x008000e4                _ZTV4PinSILh56ELh54ELh55ELh0EE
 .rodata._ZTV4PinSILh56ELh54ELh55ELh1EE
                0x00800104       0x20 main.o
                0x00800104                _ZTV4PinSILh56ELh54ELh55ELh1EE
 .rodata._ZTV4PinSILh56ELh54ELh55ELh2EE
                0x00800124       0x20 main.o
                0x00800124                _ZTV4PinSILh56ELh54ELh55ELh2EE
 .rodata._ZTV4PinSILh56ELh54ELh55ELh3EE
                0x00800144       0x20 main.o
                0x00800144                _ZTV4PinSILh56ELh54ELh55ELh3EE
 .rodata._ZTV4PinSILh56ELh54ELh55ELh4EE
                0x00800164       0x20 main.o
                0x00800164                _ZTV4PinSILh56ELh54ELh55ELh4EE
 .rodata._ZTV4PinSILh56ELh54ELh55ELh5EE
                0x00800184       0x20 main.o
                0x00800184                _ZTV4PinSILh56ELh54ELh55ELh5EE
 .rodata._ZTV4PinSILh56ELh54ELh55ELh6EE
                0x008001a4       0x20 main.o
                0x008001a4                _ZTV4PinSILh56ELh54ELh55ELh6EE
 .rodata._ZTV4PinSILh56ELh54ELh55ELh7EE
                0x008001c4       0x20 main.o
                0x008001c4                _ZTV4PinSILh56ELh54ELh55ELh7EE
 .rodata._ZTV4PinSILh50ELh48ELh49ELh5EE
                0x008001e4       0x20 main.o
                0x008001e4                _ZTV4PinSILh50ELh48ELh49ELh5EE
 .rodata._ZTV4PinSILh50ELh48ELh49ELh6EE
                0x00800204       0x20 main.o
                0x00800204                _ZTV4PinSILh50ELh48ELh49ELh6EE
 .rodata._ZTV4PinSILh50ELh48ELh49ELh4EE
                0x00800224       0x20 main.o
                0x00800224                _ZTV4PinSILh50ELh48ELh49ELh4EE
 .rodata._ZTV4PinSILh50ELh48ELh49ELh3EE
                0x00800244       0x20 main.o
                0x00800244                _ZTV4PinSILh50ELh48ELh49ELh3EE
 *(.gnu.linkonce.d*)
                0x00800264                . = ALIGN (0x2)
                0x00800264                _edata = .
                0x00800264                PROVIDE (__data_end, .)

.bss            0x00800264       0x77
                0x00800264                PROVIDE (__bss_start, .)
 *(.bss)
 .bss           0x00800264       0x73 main.o
                0x00800264                outBuffor
                0x0080026c                debugVar
                0x0080026d                calibrateStage
                0x0080026f                setDataTask
                0x00800273                getSecondKeyboardByte
                0x00800277                getFirstKeyboardByte
                0x0080027b                wheelButtons
                0x00800283                AS5048AChip
                0x00800293                debugDisplay
 *(.bss*)
 *(COMMON)
 COMMON         0x008002d7        0x4 c:/program files (x86)/atmel/studio/7.0/toolchain/avr8/avr8-gnu-toolchain/bin/../lib/gcc/avr/4.9.2/../../../../avr/lib/avr5\libc.a(malloc.o)
                0x008002d7                __brkval
                0x008002d9                __flp
                0x008002db                PROVIDE (__bss_end, .)
                0x00003474                __data_load_start = LOADADDR (.data)
                0x00003678                __data_load_end = (__data_load_start + SIZEOF (.data))

.noinit         0x008002db        0x0
                [!provide]                PROVIDE (__noinit_start, .)
 *(.noinit*)
                [!provide]                PROVIDE (__noinit_end, .)
                0x008002db                _end = .
                0x008002db                PROVIDE (__heap_start, .)

.eeprom         0x00810000      0x1df
 *(.eeprom*)
 .eeprom        0x00810000      0x1df main.o
                0x008101df                __eeprom_end = .

.fuse
 *(.fuse)
 *(.lfuse)
 *(.hfuse)
 *(.efuse)

.lock
 *(.lock*)

.signature
 *(.signature*)

.user_signatures
 *(.user_signatures*)

.stab
 *(.stab)

.stabstr
 *(.stabstr)

.stab.excl
 *(.stab.excl)

.stab.exclstr
 *(.stab.exclstr)

.stab.index
 *(.stab.index)

.stab.indexstr
 *(.stab.indexstr)

.comment        0x00000000       0x30
 *(.comment)
 .comment       0x00000000       0x30 main.o
                                 0x31 (size before relaxing)
 .comment       0x00000030       0x31 c:/program files (x86)/atmel/studio/7.0/toolchain/avr8/avr8-gnu-toolchain/bin/../lib/gcc/avr/4.9.2/../../../../avr/lib/avr5\libc.a(malloc.o)

.note.gnu.avr.deviceinfo
                0x00000000       0x3c
 .note.gnu.avr.deviceinfo
                0x00000000       0x3c c:/program files (x86)/atmel/studio/7.0/toolchain/avr8/avr8-gnu-toolchain/bin/../lib/gcc/avr/4.9.2/../../../../avr/lib/avr5/crtatmega16a.o

.note.gnu.build-id
 *(.note.gnu.build-id)

.debug
 *(.debug)

.line
 *(.line)

.debug_srcinfo
 *(.debug_srcinfo)

.debug_sfnames
 *(.debug_sfnames)

.debug_aranges
 *(.debug_aranges)

.debug_pubnames
 *(.debug_pubnames)

.debug_info     0x00000000      0x52e
 *(.debug_info .gnu.linkonce.wi.*)
 .debug_info    0x00000000      0x52e c:/program files (x86)/atmel/studio/7.0/toolchain/avr8/avr8-gnu-toolchain/bin/../lib/gcc/avr/4.9.2/../../../../avr/lib/avr5/crtatmega16a.o

.debug_abbrev   0x00000000      0x4e7
 *(.debug_abbrev)
 .debug_abbrev  0x00000000      0x4e7 c:/program files (x86)/atmel/studio/7.0/toolchain/avr8/avr8-gnu-toolchain/bin/../lib/gcc/avr/4.9.2/../../../../avr/lib/avr5/crtatmega16a.o

.debug_line     0x00000000       0x1a
 *(.debug_line .debug_line.* .debug_line_end)
 .debug_line    0x00000000       0x1a c:/program files (x86)/atmel/studio/7.0/toolchain/avr8/avr8-gnu-toolchain/bin/../lib/gcc/avr/4.9.2/../../../../avr/lib/avr5/crtatmega16a.o

.debug_frame
 *(.debug_frame)

.debug_str      0x00000000      0x1af
 *(.debug_str)
 .debug_str     0x00000000      0x1af c:/program files (x86)/atmel/studio/7.0/toolchain/avr8/avr8-gnu-toolchain/bin/../lib/gcc/avr/4.9.2/../../../../avr/lib/avr5/crtatmega16a.o

.debug_loc
 *(.debug_loc)

.debug_macinfo
 *(.debug_macinfo)

.debug_weaknames
 *(.debug_weaknames)

.debug_funcnames
 *(.debug_funcnames)

.debug_typenames
 *(.debug_typenames)

.debug_varnames
 *(.debug_varnames)

.debug_pubtypes
 *(.debug_pubtypes)

.debug_ranges
 *(.debug_ranges)

.debug_macro
 *(.debug_macro)
OUTPUT(WheelWrapper.elf elf32-avr)
LOAD linker stubs
