Archive member included to satisfy reference by file (symbol)

c:/program files (x86)/atmel/studio/7.0/toolchain/avr8/avr8-gnu-toolchain/bin/../lib/gcc/avr/4.9.2/../../../../avr/lib/avr5\libm.a(divsf3.o)
                              main.o (__divsf3)
c:/program files (x86)/atmel/studio/7.0/toolchain/avr8/avr8-gnu-toolchain/bin/../lib/gcc/avr/4.9.2/../../../../avr/lib/avr5\libm.a(divsf3x.o)
                              c:/program files (x86)/atmel/studio/7.0/toolchain/avr8/avr8-gnu-toolchain/bin/../lib/gcc/avr/4.9.2/../../../../avr/lib/avr5\libm.a(divsf3.o) (__divsf3x)
c:/program files (x86)/atmel/studio/7.0/toolchain/avr8/avr8-gnu-toolchain/bin/../lib/gcc/avr/4.9.2/../../../../avr/lib/avr5\libm.a(fixunssfsi.o)
                              main.o (__fixunssfsi)
c:/program files (x86)/atmel/studio/7.0/toolchain/avr8/avr8-gnu-toolchain/bin/../lib/gcc/avr/4.9.2/../../../../avr/lib/avr5\libm.a(floatsisf.o)
                              main.o (__floatunsisf)
c:/program files (x86)/atmel/studio/7.0/toolchain/avr8/avr8-gnu-toolchain/bin/../lib/gcc/avr/4.9.2/../../../../avr/lib/avr5\libm.a(fp_inf.o)
                              c:/program files (x86)/atmel/studio/7.0/toolchain/avr8/avr8-gnu-toolchain/bin/../lib/gcc/avr/4.9.2/../../../../avr/lib/avr5\libm.a(divsf3x.o) (__fp_inf)
c:/program files (x86)/atmel/studio/7.0/toolchain/avr8/avr8-gnu-toolchain/bin/../lib/gcc/avr/4.9.2/../../../../avr/lib/avr5\libm.a(fp_nan.o)
                              c:/program files (x86)/atmel/studio/7.0/toolchain/avr8/avr8-gnu-toolchain/bin/../lib/gcc/avr/4.9.2/../../../../avr/lib/avr5\libm.a(divsf3x.o) (__fp_nan)
c:/program files (x86)/atmel/studio/7.0/toolchain/avr8/avr8-gnu-toolchain/bin/../lib/gcc/avr/4.9.2/../../../../avr/lib/avr5\libm.a(fp_pscA.o)
                              c:/program files (x86)/atmel/studio/7.0/toolchain/avr8/avr8-gnu-toolchain/bin/../lib/gcc/avr/4.9.2/../../../../avr/lib/avr5\libm.a(divsf3x.o) (__fp_pscA)
c:/program files (x86)/atmel/studio/7.0/toolchain/avr8/avr8-gnu-toolchain/bin/../lib/gcc/avr/4.9.2/../../../../avr/lib/avr5\libm.a(fp_pscB.o)
                              c:/program files (x86)/atmel/studio/7.0/toolchain/avr8/avr8-gnu-toolchain/bin/../lib/gcc/avr/4.9.2/../../../../avr/lib/avr5\libm.a(divsf3x.o) (__fp_pscB)
c:/program files (x86)/atmel/studio/7.0/toolchain/avr8/avr8-gnu-toolchain/bin/../lib/gcc/avr/4.9.2/../../../../avr/lib/avr5\libm.a(fp_round.o)
                              c:/program files (x86)/atmel/studio/7.0/toolchain/avr8/avr8-gnu-toolchain/bin/../lib/gcc/avr/4.9.2/../../../../avr/lib/avr5\libm.a(divsf3.o) (__fp_round)
c:/program files (x86)/atmel/studio/7.0/toolchain/avr8/avr8-gnu-toolchain/bin/../lib/gcc/avr/4.9.2/../../../../avr/lib/avr5\libm.a(fp_split3.o)
                              c:/program files (x86)/atmel/studio/7.0/toolchain/avr8/avr8-gnu-toolchain/bin/../lib/gcc/avr/4.9.2/../../../../avr/lib/avr5\libm.a(divsf3x.o) (__fp_split3)
c:/program files (x86)/atmel/studio/7.0/toolchain/avr8/avr8-gnu-toolchain/bin/../lib/gcc/avr/4.9.2/../../../../avr/lib/avr5\libm.a(fp_zero.o)
                              c:/program files (x86)/atmel/studio/7.0/toolchain/avr8/avr8-gnu-toolchain/bin/../lib/gcc/avr/4.9.2/../../../../avr/lib/avr5\libm.a(fixunssfsi.o) (__fp_zero)
c:/program files (x86)/atmel/studio/7.0/toolchain/avr8/avr8-gnu-toolchain/bin/../lib/gcc/avr/4.9.2/../../../../avr/lib/avr5\libm.a(mulsf3.o)
                              main.o (__mulsf3)
c:/program files (x86)/atmel/studio/7.0/toolchain/avr8/avr8-gnu-toolchain/bin/../lib/gcc/avr/4.9.2/../../../../avr/lib/avr5\libm.a(mulsf3x.o)
                              c:/program files (x86)/atmel/studio/7.0/toolchain/avr8/avr8-gnu-toolchain/bin/../lib/gcc/avr/4.9.2/../../../../avr/lib/avr5\libm.a(mulsf3.o) (__mulsf3x)
c:/program files (x86)/atmel/studio/7.0/toolchain/avr8/avr8-gnu-toolchain/bin/../lib/gcc/avr/4.9.2/avr5\libgcc.a(_exit.o)
                              c:/program files (x86)/atmel/studio/7.0/toolchain/avr8/avr8-gnu-toolchain/bin/../lib/gcc/avr/4.9.2/../../../../avr/lib/avr5/crtatmega16a.o (exit)
c:/program files (x86)/atmel/studio/7.0/toolchain/avr8/avr8-gnu-toolchain/bin/../lib/gcc/avr/4.9.2/avr5\libgcc.a(_tablejump2.o)
                              main.o (__tablejump2__)
c:/program files (x86)/atmel/studio/7.0/toolchain/avr8/avr8-gnu-toolchain/bin/../lib/gcc/avr/4.9.2/avr5\libgcc.a(_copy_data.o)
                              main.o (__do_copy_data)
c:/program files (x86)/atmel/studio/7.0/toolchain/avr8/avr8-gnu-toolchain/bin/../lib/gcc/avr/4.9.2/avr5\libgcc.a(_clear_bss.o)
                              main.o (__do_clear_bss)
c:/program files (x86)/atmel/studio/7.0/toolchain/avr8/avr8-gnu-toolchain/bin/../lib/gcc/avr/4.9.2/avr5\libgcc.a(_ctors.o)
                              main.o (__do_global_ctors)
c:/program files (x86)/atmel/studio/7.0/toolchain/avr8/avr8-gnu-toolchain/bin/../lib/gcc/avr/4.9.2/avr5\libgcc.a(_dtors.o)
                              main.o (__do_global_dtors)
c:/program files (x86)/atmel/studio/7.0/toolchain/avr8/avr8-gnu-toolchain/bin/../lib/gcc/avr/4.9.2/../../../../avr/lib/avr5\libc.a(malloc.o)
                              main.o (malloc)
c:/program files (x86)/atmel/studio/7.0/toolchain/avr8/avr8-gnu-toolchain/bin/../lib/gcc/avr/4.9.2/../../../../avr/lib/avr5\libatmega16a.a(eerd_block.o)
                              main.o (eeprom_read_block)
c:/program files (x86)/atmel/studio/7.0/toolchain/avr8/avr8-gnu-toolchain/bin/../lib/gcc/avr/4.9.2/../../../../avr/lib/avr5\libatmega16a.a(eerd_byte.o)
                              main.o (eeprom_read_byte)

Allocating common symbols
Common symbol       size              file

__brkval            0x2               c:/program files (x86)/atmel/studio/7.0/toolchain/avr8/avr8-gnu-toolchain/bin/../lib/gcc/avr/4.9.2/../../../../avr/lib/avr5\libc.a(malloc.o)
__flp               0x2               c:/program files (x86)/atmel/studio/7.0/toolchain/avr8/avr8-gnu-toolchain/bin/../lib/gcc/avr/4.9.2/../../../../avr/lib/avr5\libc.a(malloc.o)

Discarded input sections

 .data          0x00000000        0x0 c:/program files (x86)/atmel/studio/7.0/toolchain/avr8/avr8-gnu-toolchain/bin/../lib/gcc/avr/4.9.2/../../../../avr/lib/avr5/crtatmega16a.o
 .bss           0x00000000        0x0 c:/program files (x86)/atmel/studio/7.0/toolchain/avr8/avr8-gnu-toolchain/bin/../lib/gcc/avr/4.9.2/../../../../avr/lib/avr5/crtatmega16a.o
 .text          0x00000000        0x0 AS5048A.o
 .data          0x00000000        0x0 AS5048A.o
 .bss           0x00000000        0x0 AS5048A.o
 .comment       0x00000000       0x31 AS5048A.o
 .text          0x00000000        0x0 Button.o
 .data          0x00000000        0x0 Button.o
 .bss           0x00000000        0x0 Button.o
 .comment       0x00000000       0x31 Button.o
 .group         0x00000000        0x8 main.o
 .group         0x00000000        0x8 main.o
 .group         0x00000000        0x8 main.o
 .group         0x00000000        0x8 main.o
 .group         0x00000000        0x8 main.o
 .group         0x00000000        0x8 main.o
 .group         0x00000000        0x8 main.o
 .group         0x00000000        0x8 main.o
 .group         0x00000000        0x8 main.o
 .group         0x00000000        0x8 main.o
 .group         0x00000000        0x8 main.o
 .group         0x00000000        0x8 main.o
 .group         0x00000000        0xc main.o
 .group         0x00000000        0x8 main.o
 .group         0x00000000        0x8 main.o
 .group         0x00000000        0x8 main.o
 .group         0x00000000        0xc main.o
 .group         0x00000000        0xc main.o
 .group         0x00000000        0xc main.o
 .group         0x00000000        0xc main.o
 .group         0x00000000        0xc main.o
 .group         0x00000000        0xc main.o
 .group         0x00000000        0xc main.o
 .group         0x00000000        0xc main.o
 .group         0x00000000        0xc main.o
 .group         0x00000000        0xc main.o
 .group         0x00000000        0xc main.o
 .group         0x00000000        0xc main.o
 .group         0x00000000        0xc main.o
 .group         0x00000000        0xc main.o
 .group         0x00000000        0xc main.o
 .group         0x00000000        0x8 main.o
 .group         0x00000000        0x8 main.o
 .group         0x00000000        0x8 main.o
 .group         0x00000000        0x8 main.o
 .group         0x00000000        0x8 main.o
 .group         0x00000000        0x8 main.o
 .group         0x00000000        0x8 main.o
 .group         0x00000000        0x8 main.o
 .group         0x00000000        0x8 main.o
 .group         0x00000000        0x8 main.o
 .group         0x00000000        0x8 main.o
 .group         0x00000000        0x8 main.o
 .group         0x00000000        0x8 main.o
 .group         0x00000000        0x8 main.o
 .group         0x00000000        0x8 main.o
 .group         0x00000000        0x8 main.o
 .group         0x00000000        0x8 main.o
 .group         0x00000000        0x8 main.o
 .group         0x00000000        0x8 main.o
 .group         0x00000000        0x8 main.o
 .group         0x00000000        0x8 main.o
 .group         0x00000000        0x8 main.o
 .group         0x00000000        0x8 main.o
 .group         0x00000000        0x8 main.o
 .group         0x00000000        0x8 main.o
 .group         0x00000000        0x8 main.o
 .group         0x00000000        0x8 main.o
 .group         0x00000000        0x8 main.o
 .group         0x00000000        0x8 main.o
 .group         0x00000000        0x8 main.o
 .group         0x00000000        0x8 main.o
 .group         0x00000000        0x8 main.o
 .group         0x00000000        0x8 main.o
 .group         0x00000000        0x8 main.o
 .group         0x00000000        0x8 main.o
 .group         0x00000000        0x8 main.o
 .group         0x00000000        0x8 main.o
 .group         0x00000000        0x8 main.o
 .group         0x00000000        0x8 main.o
 .group         0x00000000        0x8 main.o
 .group         0x00000000        0x8 main.o
 .group         0x00000000        0x8 main.o
 .group         0x00000000        0x8 main.o
 .group         0x00000000        0x8 main.o
 .group         0x00000000        0x8 main.o
 .group         0x00000000        0x8 main.o
 .group         0x00000000        0x8 main.o
 .group         0x00000000        0x8 main.o
 .group         0x00000000        0x8 main.o
 .group         0x00000000        0x8 main.o
 .group         0x00000000        0x8 main.o
 .group         0x00000000        0x8 main.o
 .group         0x00000000        0x8 main.o
 .group         0x00000000        0x8 main.o
 .group         0x00000000        0x8 main.o
 .group         0x00000000        0x8 main.o
 .group         0x00000000        0x8 main.o
 .group         0x00000000        0x8 main.o
 .group         0x00000000        0x8 main.o
 .group         0x00000000        0x8 main.o
 .group         0x00000000        0x8 main.o
 .group         0x00000000        0x8 main.o
 .group         0x00000000        0x8 main.o
 .group         0x00000000        0x8 main.o
 .group         0x00000000        0x8 main.o
 .group         0x00000000        0x8 main.o
 .group         0x00000000        0x8 main.o
 .group         0x00000000        0x8 main.o
 .group         0x00000000        0x8 main.o
 .group         0x00000000        0x8 main.o
 .group         0x00000000        0x8 main.o
 .group         0x00000000        0x8 main.o
 .group         0x00000000        0x8 main.o
 .group         0x00000000        0x8 main.o
 .group         0x00000000        0x8 main.o
 .group         0x00000000        0x8 main.o
 .group         0x00000000        0x8 main.o
 .group         0x00000000        0x8 main.o
 .group         0x00000000        0x8 main.o
 .group         0x00000000        0x8 main.o
 .group         0x00000000        0x8 main.o
 .group         0x00000000        0x8 main.o
 .group         0x00000000        0x8 main.o
 .group         0x00000000        0x8 main.o
 .group         0x00000000        0x8 main.o
 .group         0x00000000        0x8 main.o
 .group         0x00000000        0x8 main.o
 .group         0x00000000        0x8 main.o
 .group         0x00000000        0x8 main.o
 .group         0x00000000        0x8 main.o
 .group         0x00000000        0x8 main.o
 .group         0x00000000        0x8 main.o
 .group         0x00000000        0x8 main.o
 .group         0x00000000        0x8 main.o
 .group         0x00000000        0x8 main.o
 .group         0x00000000        0x8 main.o
 .group         0x00000000        0x8 main.o
 .group         0x00000000        0x8 main.o
 .group         0x00000000        0x8 main.o
 .group         0x00000000        0x8 main.o
 .group         0x00000000        0x8 main.o
 .group         0x00000000        0x8 main.o
 .group         0x00000000        0x8 main.o
 .group         0x00000000        0x8 main.o
 .group         0x00000000        0x8 main.o
 .group         0x00000000        0x8 main.o
 .group         0x00000000        0x8 main.o
 .group         0x00000000        0x8 main.o
 .group         0x00000000        0x8 main.o
 .group         0x00000000        0x8 main.o
 .group         0x00000000        0x8 main.o
 .group         0x00000000        0x8 main.o
 .group         0x00000000        0x8 main.o
 .group         0x00000000        0x8 main.o
 .group         0x00000000        0x8 main.o
 .group         0x00000000        0x8 main.o
 .group         0x00000000        0x8 main.o
 .group         0x00000000        0x8 main.o
 .group         0x00000000        0x8 main.o
 .group         0x00000000        0x8 main.o
 .group         0x00000000        0x8 main.o
 .group         0x00000000        0x8 main.o
 .group         0x00000000        0x8 main.o
 .group         0x00000000        0x8 main.o
 .group         0x00000000        0x8 main.o
 .group         0x00000000        0x8 main.o
 .group         0x00000000        0x8 main.o
 .group         0x00000000        0x8 main.o
 .group         0x00000000        0x8 main.o
 .group         0x00000000        0x8 main.o
 .group         0x00000000        0x8 main.o
 .group         0x00000000        0x8 main.o
 .group         0x00000000        0x8 main.o
 .group         0x00000000        0x8 main.o
 .group         0x00000000        0x8 main.o
 .group         0x00000000        0x8 main.o
 .group         0x00000000        0x8 main.o
 .group         0x00000000        0x8 main.o
 .group         0x00000000        0x8 main.o
 .group         0x00000000        0x8 main.o
 .group         0x00000000        0x8 main.o
 .group         0x00000000        0x8 main.o
 .group         0x00000000        0x8 main.o
 .group         0x00000000        0x8 main.o
 .group         0x00000000        0x8 main.o
 .group         0x00000000        0x8 main.o
 .group         0x00000000        0x8 main.o
 .group         0x00000000        0x8 main.o
 .group         0x00000000        0x8 main.o
 .group         0x00000000        0x8 main.o
 .group         0x00000000        0x8 main.o
 .group         0x00000000        0x8 main.o
 .group         0x00000000        0x8 main.o
 .group         0x00000000        0x8 main.o
 .group         0x00000000        0x8 main.o
 .group         0x00000000        0x8 main.o
 .group         0x00000000        0x8 main.o
 .group         0x00000000        0x8 main.o
 .group         0x00000000        0x8 main.o
 .group         0x00000000        0x8 main.o
 .group         0x00000000        0x8 main.o
 .group         0x00000000        0x8 main.o
 .group         0x00000000        0x8 main.o
 .group         0x00000000        0x8 main.o
 .group         0x00000000        0x8 main.o
 .group         0x00000000        0x8 main.o
 .group         0x00000000        0x8 main.o
 .group         0x00000000        0x8 main.o
 .group         0x00000000        0x8 main.o
 .group         0x00000000        0x8 main.o
 .group         0x00000000        0x8 main.o
 .group         0x00000000        0x8 main.o
 .group         0x00000000        0x8 main.o
 .group         0x00000000        0x8 main.o
 .group         0x00000000        0x8 main.o
 .group         0x00000000        0x8 main.o
 .group         0x00000000        0x8 main.o
 .group         0x00000000        0x8 main.o
 .group         0x00000000        0x8 main.o
 .group         0x00000000        0x8 main.o
 .group         0x00000000        0x8 main.o
 .group         0x00000000        0x8 main.o
 .group         0x00000000        0x8 main.o
 .group         0x00000000        0x8 main.o
 .group         0x00000000        0x8 main.o
 .group         0x00000000        0x8 main.o
 .group         0x00000000        0x8 main.o
 .group         0x00000000        0x8 main.o
 .group         0x00000000        0x8 main.o
 .group         0x00000000        0x8 main.o
 .group         0x00000000        0x8 main.o
 .group         0x00000000        0x8 main.o
 .group         0x00000000        0x8 main.o
 .text._ZN8PinSBase7FastSetEv
                0x00000000        0x2 main.o
 .text._ZN8PinSBase9FastClearEv
                0x00000000        0x2 main.o
 .text._ZN8PinSBase10FastToggleEv
                0x00000000        0x2 main.o
 .text._ZN8PinSBase12FastAsOutputEv
                0x00000000        0x2 main.o
 .text._ZN8PinSBase11FastAsInputEv
                0x00000000        0x2 main.o
 .text._ZN8PinSBase7BoolSetEb
                0x00000000        0x2 main.o
 .text._ZN8PinSBase5CheckEv
                0x00000000        0x2 main.o
 .text._ZN8PinSBase3SetEv
                0x00000000        0x2 main.o
 .text._ZN8PinSBase5ClearEv
                0x00000000        0x2 main.o
 .text._ZN8PinSBase6ToggleEv
                0x00000000        0x2 main.o
 .text._ZN8PinSBase8AsOutputEv
                0x00000000        0x2 main.o
 .text._ZN8PinSBase7AsInputEv
                0x00000000        0x2 main.o
 .text._ZN8PinSBaseD2Ev
                0x00000000        0x2 main.o
 .text._ZN8PinSBaseD0Ev
                0x00000000        0x4 main.o
 .text          0x00000000        0x0 Sh1106Class.o
 .data          0x00000000        0x0 Sh1106Class.o
 .bss           0x00000000        0x0 Sh1106Class.o
 .comment       0x00000000       0x31 Sh1106Class.o
 .text          0x00000000        0x0 ShiftRegister.o
 .data          0x00000000        0x0 ShiftRegister.o
 .bss           0x00000000        0x0 ShiftRegister.o
 .comment       0x00000000       0x31 ShiftRegister.o
 .text          0x00000000        0x0 SPL/Atmega16A_SPL.o
 .data          0x00000000        0x0 SPL/Atmega16A_SPL.o
 .bss           0x00000000        0x0 SPL/Atmega16A_SPL.o
 .comment       0x00000000       0x31 SPL/Atmega16A_SPL.o
 .text          0x00000000        0x0 SPL/Avr5Lib.o
 .data          0x00000000        0x0 SPL/Avr5Lib.o
 .bss           0x00000000        0x0 SPL/Avr5Lib.o
 .comment       0x00000000       0x31 SPL/Avr5Lib.o
 .text          0x00000000        0x0 TaskManager/MainAsyncChainedTaskManager.o
 .data          0x00000000        0x0 TaskManager/MainAsyncChainedTaskManager.o
 .bss           0x00000000        0x0 TaskManager/MainAsyncChainedTaskManager.o
 .comment       0x00000000       0x31 TaskManager/MainAsyncChainedTaskManager.o
 .text          0x00000000        0x0 c:/program files (x86)/atmel/studio/7.0/toolchain/avr8/avr8-gnu-toolchain/bin/../lib/gcc/avr/4.9.2/../../../../avr/lib/avr5\libm.a(divsf3.o)
 .data          0x00000000        0x0 c:/program files (x86)/atmel/studio/7.0/toolchain/avr8/avr8-gnu-toolchain/bin/../lib/gcc/avr/4.9.2/../../../../avr/lib/avr5\libm.a(divsf3.o)
 .bss           0x00000000        0x0 c:/program files (x86)/atmel/studio/7.0/toolchain/avr8/avr8-gnu-toolchain/bin/../lib/gcc/avr/4.9.2/../../../../avr/lib/avr5\libm.a(divsf3.o)
 .text          0x00000000        0x0 c:/program files (x86)/atmel/studio/7.0/toolchain/avr8/avr8-gnu-toolchain/bin/../lib/gcc/avr/4.9.2/../../../../avr/lib/avr5\libm.a(divsf3x.o)
 .data          0x00000000        0x0 c:/program files (x86)/atmel/studio/7.0/toolchain/avr8/avr8-gnu-toolchain/bin/../lib/gcc/avr/4.9.2/../../../../avr/lib/avr5\libm.a(divsf3x.o)
 .bss           0x00000000        0x0 c:/program files (x86)/atmel/studio/7.0/toolchain/avr8/avr8-gnu-toolchain/bin/../lib/gcc/avr/4.9.2/../../../../avr/lib/avr5\libm.a(divsf3x.o)
 .text          0x00000000        0x0 c:/program files (x86)/atmel/studio/7.0/toolchain/avr8/avr8-gnu-toolchain/bin/../lib/gcc/avr/4.9.2/../../../../avr/lib/avr5\libm.a(fixunssfsi.o)
 .data          0x00000000        0x0 c:/program files (x86)/atmel/studio/7.0/toolchain/avr8/avr8-gnu-toolchain/bin/../lib/gcc/avr/4.9.2/../../../../avr/lib/avr5\libm.a(fixunssfsi.o)
 .bss           0x00000000        0x0 c:/program files (x86)/atmel/studio/7.0/toolchain/avr8/avr8-gnu-toolchain/bin/../lib/gcc/avr/4.9.2/../../../../avr/lib/avr5\libm.a(fixunssfsi.o)
 .text          0x00000000        0x0 c:/program files (x86)/atmel/studio/7.0/toolchain/avr8/avr8-gnu-toolchain/bin/../lib/gcc/avr/4.9.2/../../../../avr/lib/avr5\libm.a(floatsisf.o)
 .data          0x00000000        0x0 c:/program files (x86)/atmel/studio/7.0/toolchain/avr8/avr8-gnu-toolchain/bin/../lib/gcc/avr/4.9.2/../../../../avr/lib/avr5\libm.a(floatsisf.o)
 .bss           0x00000000        0x0 c:/program files (x86)/atmel/studio/7.0/toolchain/avr8/avr8-gnu-toolchain/bin/../lib/gcc/avr/4.9.2/../../../../avr/lib/avr5\libm.a(floatsisf.o)
 .text          0x00000000        0x0 c:/program files (x86)/atmel/studio/7.0/toolchain/avr8/avr8-gnu-toolchain/bin/../lib/gcc/avr/4.9.2/../../../../avr/lib/avr5\libm.a(fp_inf.o)
 .data          0x00000000        0x0 c:/program files (x86)/atmel/studio/7.0/toolchain/avr8/avr8-gnu-toolchain/bin/../lib/gcc/avr/4.9.2/../../../../avr/lib/avr5\libm.a(fp_inf.o)
 .bss           0x00000000        0x0 c:/program files (x86)/atmel/studio/7.0/toolchain/avr8/avr8-gnu-toolchain/bin/../lib/gcc/avr/4.9.2/../../../../avr/lib/avr5\libm.a(fp_inf.o)
 .text          0x00000000        0x0 c:/program files (x86)/atmel/studio/7.0/toolchain/avr8/avr8-gnu-toolchain/bin/../lib/gcc/avr/4.9.2/../../../../avr/lib/avr5\libm.a(fp_nan.o)
 .data          0x00000000        0x0 c:/program files (x86)/atmel/studio/7.0/toolchain/avr8/avr8-gnu-toolchain/bin/../lib/gcc/avr/4.9.2/../../../../avr/lib/avr5\libm.a(fp_nan.o)
 .bss           0x00000000        0x0 c:/program files (x86)/atmel/studio/7.0/toolchain/avr8/avr8-gnu-toolchain/bin/../lib/gcc/avr/4.9.2/../../../../avr/lib/avr5\libm.a(fp_nan.o)
 .text          0x00000000        0x0 c:/program files (x86)/atmel/studio/7.0/toolchain/avr8/avr8-gnu-toolchain/bin/../lib/gcc/avr/4.9.2/../../../../avr/lib/avr5\libm.a(fp_pscA.o)
 .data          0x00000000        0x0 c:/program files (x86)/atmel/studio/7.0/toolchain/avr8/avr8-gnu-toolchain/bin/../lib/gcc/avr/4.9.2/../../../../avr/lib/avr5\libm.a(fp_pscA.o)
 .bss           0x00000000        0x0 c:/program files (x86)/atmel/studio/7.0/toolchain/avr8/avr8-gnu-toolchain/bin/../lib/gcc/avr/4.9.2/../../../../avr/lib/avr5\libm.a(fp_pscA.o)
 .text          0x00000000        0x0 c:/program files (x86)/atmel/studio/7.0/toolchain/avr8/avr8-gnu-toolchain/bin/../lib/gcc/avr/4.9.2/../../../../avr/lib/avr5\libm.a(fp_pscB.o)
 .data          0x00000000        0x0 c:/program files (x86)/atmel/studio/7.0/toolchain/avr8/avr8-gnu-toolchain/bin/../lib/gcc/avr/4.9.2/../../../../avr/lib/avr5\libm.a(fp_pscB.o)
 .bss           0x00000000        0x0 c:/program files (x86)/atmel/studio/7.0/toolchain/avr8/avr8-gnu-toolchain/bin/../lib/gcc/avr/4.9.2/../../../../avr/lib/avr5\libm.a(fp_pscB.o)
 .text          0x00000000        0x0 c:/program files (x86)/atmel/studio/7.0/toolchain/avr8/avr8-gnu-toolchain/bin/../lib/gcc/avr/4.9.2/../../../../avr/lib/avr5\libm.a(fp_round.o)
 .data          0x00000000        0x0 c:/program files (x86)/atmel/studio/7.0/toolchain/avr8/avr8-gnu-toolchain/bin/../lib/gcc/avr/4.9.2/../../../../avr/lib/avr5\libm.a(fp_round.o)
 .bss           0x00000000        0x0 c:/program files (x86)/atmel/studio/7.0/toolchain/avr8/avr8-gnu-toolchain/bin/../lib/gcc/avr/4.9.2/../../../../avr/lib/avr5\libm.a(fp_round.o)
 .text          0x00000000        0x0 c:/program files (x86)/atmel/studio/7.0/toolchain/avr8/avr8-gnu-toolchain/bin/../lib/gcc/avr/4.9.2/../../../../avr/lib/avr5\libm.a(fp_split3.o)
 .data          0x00000000        0x0 c:/program files (x86)/atmel/studio/7.0/toolchain/avr8/avr8-gnu-toolchain/bin/../lib/gcc/avr/4.9.2/../../../../avr/lib/avr5\libm.a(fp_split3.o)
 .bss           0x00000000        0x0 c:/program files (x86)/atmel/studio/7.0/toolchain/avr8/avr8-gnu-toolchain/bin/../lib/gcc/avr/4.9.2/../../../../avr/lib/avr5\libm.a(fp_split3.o)
 .text          0x00000000        0x0 c:/program files (x86)/atmel/studio/7.0/toolchain/avr8/avr8-gnu-toolchain/bin/../lib/gcc/avr/4.9.2/../../../../avr/lib/avr5\libm.a(fp_zero.o)
 .data          0x00000000        0x0 c:/program files (x86)/atmel/studio/7.0/toolchain/avr8/avr8-gnu-toolchain/bin/../lib/gcc/avr/4.9.2/../../../../avr/lib/avr5\libm.a(fp_zero.o)
 .bss           0x00000000        0x0 c:/program files (x86)/atmel/studio/7.0/toolchain/avr8/avr8-gnu-toolchain/bin/../lib/gcc/avr/4.9.2/../../../../avr/lib/avr5\libm.a(fp_zero.o)
 .text          0x00000000        0x0 c:/program files (x86)/atmel/studio/7.0/toolchain/avr8/avr8-gnu-toolchain/bin/../lib/gcc/avr/4.9.2/../../../../avr/lib/avr5\libm.a(mulsf3.o)
 .data          0x00000000        0x0 c:/program files (x86)/atmel/studio/7.0/toolchain/avr8/avr8-gnu-toolchain/bin/../lib/gcc/avr/4.9.2/../../../../avr/lib/avr5\libm.a(mulsf3.o)
 .bss           0x00000000        0x0 c:/program files (x86)/atmel/studio/7.0/toolchain/avr8/avr8-gnu-toolchain/bin/../lib/gcc/avr/4.9.2/../../../../avr/lib/avr5\libm.a(mulsf3.o)
 .text          0x00000000        0x0 c:/program files (x86)/atmel/studio/7.0/toolchain/avr8/avr8-gnu-toolchain/bin/../lib/gcc/avr/4.9.2/../../../../avr/lib/avr5\libm.a(mulsf3x.o)
 .data          0x00000000        0x0 c:/program files (x86)/atmel/studio/7.0/toolchain/avr8/avr8-gnu-toolchain/bin/../lib/gcc/avr/4.9.2/../../../../avr/lib/avr5\libm.a(mulsf3x.o)
 .bss           0x00000000        0x0 c:/program files (x86)/atmel/studio/7.0/toolchain/avr8/avr8-gnu-toolchain/bin/../lib/gcc/avr/4.9.2/../../../../avr/lib/avr5\libm.a(mulsf3x.o)
 .text          0x00000000        0x0 c:/program files (x86)/atmel/studio/7.0/toolchain/avr8/avr8-gnu-toolchain/bin/../lib/gcc/avr/4.9.2/avr5\libgcc.a(_exit.o)
 .data          0x00000000        0x0 c:/program files (x86)/atmel/studio/7.0/toolchain/avr8/avr8-gnu-toolchain/bin/../lib/gcc/avr/4.9.2/avr5\libgcc.a(_exit.o)
 .bss           0x00000000        0x0 c:/program files (x86)/atmel/studio/7.0/toolchain/avr8/avr8-gnu-toolchain/bin/../lib/gcc/avr/4.9.2/avr5\libgcc.a(_exit.o)
 .text.libgcc.mul
                0x00000000        0x0 c:/program files (x86)/atmel/studio/7.0/toolchain/avr8/avr8-gnu-toolchain/bin/../lib/gcc/avr/4.9.2/avr5\libgcc.a(_exit.o)
 .text.libgcc.div
                0x00000000        0x0 c:/program files (x86)/atmel/studio/7.0/toolchain/avr8/avr8-gnu-toolchain/bin/../lib/gcc/avr/4.9.2/avr5\libgcc.a(_exit.o)
 .text.libgcc   0x00000000        0x0 c:/program files (x86)/atmel/studio/7.0/toolchain/avr8/avr8-gnu-toolchain/bin/../lib/gcc/avr/4.9.2/avr5\libgcc.a(_exit.o)
 .text.libgcc.prologue
                0x00000000        0x0 c:/program files (x86)/atmel/studio/7.0/toolchain/avr8/avr8-gnu-toolchain/bin/../lib/gcc/avr/4.9.2/avr5\libgcc.a(_exit.o)
 .text.libgcc.builtins
                0x00000000        0x0 c:/program files (x86)/atmel/studio/7.0/toolchain/avr8/avr8-gnu-toolchain/bin/../lib/gcc/avr/4.9.2/avr5\libgcc.a(_exit.o)
 .text.libgcc.fmul
                0x00000000        0x0 c:/program files (x86)/atmel/studio/7.0/toolchain/avr8/avr8-gnu-toolchain/bin/../lib/gcc/avr/4.9.2/avr5\libgcc.a(_exit.o)
 .text.libgcc.fixed
                0x00000000        0x0 c:/program files (x86)/atmel/studio/7.0/toolchain/avr8/avr8-gnu-toolchain/bin/../lib/gcc/avr/4.9.2/avr5\libgcc.a(_exit.o)
 .text          0x00000000        0x0 c:/program files (x86)/atmel/studio/7.0/toolchain/avr8/avr8-gnu-toolchain/bin/../lib/gcc/avr/4.9.2/avr5\libgcc.a(_tablejump2.o)
 .data          0x00000000        0x0 c:/program files (x86)/atmel/studio/7.0/toolchain/avr8/avr8-gnu-toolchain/bin/../lib/gcc/avr/4.9.2/avr5\libgcc.a(_tablejump2.o)
 .bss           0x00000000        0x0 c:/program files (x86)/atmel/studio/7.0/toolchain/avr8/avr8-gnu-toolchain/bin/../lib/gcc/avr/4.9.2/avr5\libgcc.a(_tablejump2.o)
 .text.libgcc.mul
                0x00000000        0x0 c:/program files (x86)/atmel/studio/7.0/toolchain/avr8/avr8-gnu-toolchain/bin/../lib/gcc/avr/4.9.2/avr5\libgcc.a(_tablejump2.o)
 .text.libgcc.div
                0x00000000        0x0 c:/program files (x86)/atmel/studio/7.0/toolchain/avr8/avr8-gnu-toolchain/bin/../lib/gcc/avr/4.9.2/avr5\libgcc.a(_tablejump2.o)
 .text.libgcc.prologue
                0x00000000        0x0 c:/program files (x86)/atmel/studio/7.0/toolchain/avr8/avr8-gnu-toolchain/bin/../lib/gcc/avr/4.9.2/avr5\libgcc.a(_tablejump2.o)
 .text.libgcc.builtins
                0x00000000        0x0 c:/program files (x86)/atmel/studio/7.0/toolchain/avr8/avr8-gnu-toolchain/bin/../lib/gcc/avr/4.9.2/avr5\libgcc.a(_tablejump2.o)
 .text.libgcc.fmul
                0x00000000        0x0 c:/program files (x86)/atmel/studio/7.0/toolchain/avr8/avr8-gnu-toolchain/bin/../lib/gcc/avr/4.9.2/avr5\libgcc.a(_tablejump2.o)
 .text.libgcc.fixed
                0x00000000        0x0 c:/program files (x86)/atmel/studio/7.0/toolchain/avr8/avr8-gnu-toolchain/bin/../lib/gcc/avr/4.9.2/avr5\libgcc.a(_tablejump2.o)
 .text          0x00000000        0x0 c:/program files (x86)/atmel/studio/7.0/toolchain/avr8/avr8-gnu-toolchain/bin/../lib/gcc/avr/4.9.2/avr5\libgcc.a(_copy_data.o)
 .data          0x00000000        0x0 c:/program files (x86)/atmel/studio/7.0/toolchain/avr8/avr8-gnu-toolchain/bin/../lib/gcc/avr/4.9.2/avr5\libgcc.a(_copy_data.o)
 .bss           0x00000000        0x0 c:/program files (x86)/atmel/studio/7.0/toolchain/avr8/avr8-gnu-toolchain/bin/../lib/gcc/avr/4.9.2/avr5\libgcc.a(_copy_data.o)
 .text.libgcc.mul
                0x00000000        0x0 c:/program files (x86)/atmel/studio/7.0/toolchain/avr8/avr8-gnu-toolchain/bin/../lib/gcc/avr/4.9.2/avr5\libgcc.a(_copy_data.o)
 .text.libgcc.div
                0x00000000        0x0 c:/program files (x86)/atmel/studio/7.0/toolchain/avr8/avr8-gnu-toolchain/bin/../lib/gcc/avr/4.9.2/avr5\libgcc.a(_copy_data.o)
 .text.libgcc   0x00000000        0x0 c:/program files (x86)/atmel/studio/7.0/toolchain/avr8/avr8-gnu-toolchain/bin/../lib/gcc/avr/4.9.2/avr5\libgcc.a(_copy_data.o)
 .text.libgcc.prologue
                0x00000000        0x0 c:/program files (x86)/atmel/studio/7.0/toolchain/avr8/avr8-gnu-toolchain/bin/../lib/gcc/avr/4.9.2/avr5\libgcc.a(_copy_data.o)
 .text.libgcc.builtins
                0x00000000        0x0 c:/program files (x86)/atmel/studio/7.0/toolchain/avr8/avr8-gnu-toolchain/bin/../lib/gcc/avr/4.9.2/avr5\libgcc.a(_copy_data.o)
 .text.libgcc.fmul
                0x00000000        0x0 c:/program files (x86)/atmel/studio/7.0/toolchain/avr8/avr8-gnu-toolchain/bin/../lib/gcc/avr/4.9.2/avr5\libgcc.a(_copy_data.o)
 .text.libgcc.fixed
                0x00000000        0x0 c:/program files (x86)/atmel/studio/7.0/toolchain/avr8/avr8-gnu-toolchain/bin/../lib/gcc/avr/4.9.2/avr5\libgcc.a(_copy_data.o)
 .text          0x00000000        0x0 c:/program files (x86)/atmel/studio/7.0/toolchain/avr8/avr8-gnu-toolchain/bin/../lib/gcc/avr/4.9.2/avr5\libgcc.a(_clear_bss.o)
 .data          0x00000000        0x0 c:/program files (x86)/atmel/studio/7.0/toolchain/avr8/avr8-gnu-toolchain/bin/../lib/gcc/avr/4.9.2/avr5\libgcc.a(_clear_bss.o)
 .bss           0x00000000        0x0 c:/program files (x86)/atmel/studio/7.0/toolchain/avr8/avr8-gnu-toolchain/bin/../lib/gcc/avr/4.9.2/avr5\libgcc.a(_clear_bss.o)
 .text.libgcc.mul
                0x00000000        0x0 c:/program files (x86)/atmel/studio/7.0/toolchain/avr8/avr8-gnu-toolchain/bin/../lib/gcc/avr/4.9.2/avr5\libgcc.a(_clear_bss.o)
 .text.libgcc.div
                0x00000000        0x0 c:/program files (x86)/atmel/studio/7.0/toolchain/avr8/avr8-gnu-toolchain/bin/../lib/gcc/avr/4.9.2/avr5\libgcc.a(_clear_bss.o)
 .text.libgcc   0x00000000        0x0 c:/program files (x86)/atmel/studio/7.0/toolchain/avr8/avr8-gnu-toolchain/bin/../lib/gcc/avr/4.9.2/avr5\libgcc.a(_clear_bss.o)
 .text.libgcc.prologue
                0x00000000        0x0 c:/program files (x86)/atmel/studio/7.0/toolchain/avr8/avr8-gnu-toolchain/bin/../lib/gcc/avr/4.9.2/avr5\libgcc.a(_clear_bss.o)
 .text.libgcc.builtins
                0x00000000        0x0 c:/program files (x86)/atmel/studio/7.0/toolchain/avr8/avr8-gnu-toolchain/bin/../lib/gcc/avr/4.9.2/avr5\libgcc.a(_clear_bss.o)
 .text.libgcc.fmul
                0x00000000        0x0 c:/program files (x86)/atmel/studio/7.0/toolchain/avr8/avr8-gnu-toolchain/bin/../lib/gcc/avr/4.9.2/avr5\libgcc.a(_clear_bss.o)
 .text.libgcc.fixed
                0x00000000        0x0 c:/program files (x86)/atmel/studio/7.0/toolchain/avr8/avr8-gnu-toolchain/bin/../lib/gcc/avr/4.9.2/avr5\libgcc.a(_clear_bss.o)
 .text          0x00000000        0x0 c:/program files (x86)/atmel/studio/7.0/toolchain/avr8/avr8-gnu-toolchain/bin/../lib/gcc/avr/4.9.2/avr5\libgcc.a(_ctors.o)
 .data          0x00000000        0x0 c:/program files (x86)/atmel/studio/7.0/toolchain/avr8/avr8-gnu-toolchain/bin/../lib/gcc/avr/4.9.2/avr5\libgcc.a(_ctors.o)
 .bss           0x00000000        0x0 c:/program files (x86)/atmel/studio/7.0/toolchain/avr8/avr8-gnu-toolchain/bin/../lib/gcc/avr/4.9.2/avr5\libgcc.a(_ctors.o)
 .text.libgcc.mul
                0x00000000        0x0 c:/program files (x86)/atmel/studio/7.0/toolchain/avr8/avr8-gnu-toolchain/bin/../lib/gcc/avr/4.9.2/avr5\libgcc.a(_ctors.o)
 .text.libgcc.div
                0x00000000        0x0 c:/program files (x86)/atmel/studio/7.0/toolchain/avr8/avr8-gnu-toolchain/bin/../lib/gcc/avr/4.9.2/avr5\libgcc.a(_ctors.o)
 .text.libgcc   0x00000000        0x0 c:/program files (x86)/atmel/studio/7.0/toolchain/avr8/avr8-gnu-toolchain/bin/../lib/gcc/avr/4.9.2/avr5\libgcc.a(_ctors.o)
 .text.libgcc.prologue
                0x00000000        0x0 c:/program files (x86)/atmel/studio/7.0/toolchain/avr8/avr8-gnu-toolchain/bin/../lib/gcc/avr/4.9.2/avr5\libgcc.a(_ctors.o)
 .text.libgcc.builtins
                0x00000000        0x0 c:/program files (x86)/atmel/studio/7.0/toolchain/avr8/avr8-gnu-toolchain/bin/../lib/gcc/avr/4.9.2/avr5\libgcc.a(_ctors.o)
 .text.libgcc.fmul
                0x00000000        0x0 c:/program files (x86)/atmel/studio/7.0/toolchain/avr8/avr8-gnu-toolchain/bin/../lib/gcc/avr/4.9.2/avr5\libgcc.a(_ctors.o)
 .text.libgcc.fixed
                0x00000000        0x0 c:/program files (x86)/atmel/studio/7.0/toolchain/avr8/avr8-gnu-toolchain/bin/../lib/gcc/avr/4.9.2/avr5\libgcc.a(_ctors.o)
 .text          0x00000000        0x0 c:/program files (x86)/atmel/studio/7.0/toolchain/avr8/avr8-gnu-toolchain/bin/../lib/gcc/avr/4.9.2/avr5\libgcc.a(_dtors.o)
 .data          0x00000000        0x0 c:/program files (x86)/atmel/studio/7.0/toolchain/avr8/avr8-gnu-toolchain/bin/../lib/gcc/avr/4.9.2/avr5\libgcc.a(_dtors.o)
 .bss           0x00000000        0x0 c:/program files (x86)/atmel/studio/7.0/toolchain/avr8/avr8-gnu-toolchain/bin/../lib/gcc/avr/4.9.2/avr5\libgcc.a(_dtors.o)
 .text.libgcc.mul
                0x00000000        0x0 c:/program files (x86)/atmel/studio/7.0/toolchain/avr8/avr8-gnu-toolchain/bin/../lib/gcc/avr/4.9.2/avr5\libgcc.a(_dtors.o)
 .text.libgcc.div
                0x00000000        0x0 c:/program files (x86)/atmel/studio/7.0/toolchain/avr8/avr8-gnu-toolchain/bin/../lib/gcc/avr/4.9.2/avr5\libgcc.a(_dtors.o)
 .text.libgcc   0x00000000        0x0 c:/program files (x86)/atmel/studio/7.0/toolchain/avr8/avr8-gnu-toolchain/bin/../lib/gcc/avr/4.9.2/avr5\libgcc.a(_dtors.o)
 .text.libgcc.prologue
                0x00000000        0x0 c:/program files (x86)/atmel/studio/7.0/toolchain/avr8/avr8-gnu-toolchain/bin/../lib/gcc/avr/4.9.2/avr5\libgcc.a(_dtors.o)
 .text.libgcc.builtins
                0x00000000        0x0 c:/program files (x86)/atmel/studio/7.0/toolchain/avr8/avr8-gnu-toolchain/bin/../lib/gcc/avr/4.9.2/avr5\libgcc.a(_dtors.o)
 .text.libgcc.fmul
                0x00000000        0x0 c:/program files (x86)/atmel/studio/7.0/toolchain/avr8/avr8-gnu-toolchain/bin/../lib/gcc/avr/4.9.2/avr5\libgcc.a(_dtors.o)
 .text.libgcc.fixed
                0x00000000        0x0 c:/program files (x86)/atmel/studio/7.0/toolchain/avr8/avr8-gnu-toolchain/bin/../lib/gcc/avr/4.9.2/avr5\libgcc.a(_dtors.o)
 .text          0x00000000        0x0 c:/program files (x86)/atmel/studio/7.0/toolchain/avr8/avr8-gnu-toolchain/bin/../lib/gcc/avr/4.9.2/../../../../avr/lib/avr5\libc.a(malloc.o)
 .bss           0x00000000        0x0 c:/program files (x86)/atmel/studio/7.0/toolchain/avr8/avr8-gnu-toolchain/bin/../lib/gcc/avr/4.9.2/../../../../avr/lib/avr5\libc.a(malloc.o)
 .text          0x00000000        0x0 c:/program files (x86)/atmel/studio/7.0/toolchain/avr8/avr8-gnu-toolchain/bin/../lib/gcc/avr/4.9.2/../../../../avr/lib/avr5\libatmega16a.a(eerd_block.o)
 .data          0x00000000        0x0 c:/program files (x86)/atmel/studio/7.0/toolchain/avr8/avr8-gnu-toolchain/bin/../lib/gcc/avr/4.9.2/../../../../avr/lib/avr5\libatmega16a.a(eerd_block.o)
 .bss           0x00000000        0x0 c:/program files (x86)/atmel/studio/7.0/toolchain/avr8/avr8-gnu-toolchain/bin/../lib/gcc/avr/4.9.2/../../../../avr/lib/avr5\libatmega16a.a(eerd_block.o)
 .text          0x00000000        0x0 c:/program files (x86)/atmel/studio/7.0/toolchain/avr8/avr8-gnu-toolchain/bin/../lib/gcc/avr/4.9.2/../../../../avr/lib/avr5\libatmega16a.a(eerd_byte.o)
 .data          0x00000000        0x0 c:/program files (x86)/atmel/studio/7.0/toolchain/avr8/avr8-gnu-toolchain/bin/../lib/gcc/avr/4.9.2/../../../../avr/lib/avr5\libatmega16a.a(eerd_byte.o)
 .bss           0x00000000        0x0 c:/program files (x86)/atmel/studio/7.0/toolchain/avr8/avr8-gnu-toolchain/bin/../lib/gcc/avr/4.9.2/../../../../avr/lib/avr5\libatmega16a.a(eerd_byte.o)

Memory Configuration

Name             Origin             Length             Attributes
text             0x00000000         0x00020000         xr
data             0x00800060         0x0000ffa0         rw !x
eeprom           0x00810000         0x00010000         rw !x
fuse             0x00820000         0x00000002         rw !x
lock             0x00830000         0x00000400         rw !x
signature        0x00840000         0x00000400         rw !x
user_signatures  0x00850000         0x00000400         rw !x
*default*        0x00000000         0xffffffff

Linker script and memory map

LOAD c:/program files (x86)/atmel/studio/7.0/toolchain/avr8/avr8-gnu-toolchain/bin/../lib/gcc/avr/4.9.2/../../../../avr/lib/avr5/crtatmega16a.o
LOAD AS5048A.o
LOAD Button.o
LOAD main.o
LOAD Sh1106Class.o
LOAD ShiftRegister.o
LOAD SPL/Atmega16A_SPL.o
LOAD SPL/Avr5Lib.o
LOAD TaskManager/MainAsyncChainedTaskManager.o
START GROUP
LOAD c:/program files (x86)/atmel/studio/7.0/toolchain/avr8/avr8-gnu-toolchain/bin/../lib/gcc/avr/4.9.2/../../../../avr/lib/avr5\libm.a
END GROUP
LOAD c:/program files (x86)/atmel/studio/7.0/toolchain/avr8/avr8-gnu-toolchain/bin/../lib/gcc/avr/4.9.2/avr5\libgcc.a
LOAD c:/program files (x86)/atmel/studio/7.0/toolchain/avr8/avr8-gnu-toolchain/bin/../lib/gcc/avr/4.9.2/../../../../avr/lib/avr5\libm.a
START GROUP
LOAD c:/program files (x86)/atmel/studio/7.0/toolchain/avr8/avr8-gnu-toolchain/bin/../lib/gcc/avr/4.9.2/avr5\libgcc.a
LOAD c:/program files (x86)/atmel/studio/7.0/toolchain/avr8/avr8-gnu-toolchain/bin/../lib/gcc/avr/4.9.2/../../../../avr/lib/avr5\libm.a
LOAD c:/program files (x86)/atmel/studio/7.0/toolchain/avr8/avr8-gnu-toolchain/bin/../lib/gcc/avr/4.9.2/../../../../avr/lib/avr5\libc.a
LOAD c:/program files (x86)/atmel/studio/7.0/toolchain/avr8/avr8-gnu-toolchain/bin/../lib/gcc/avr/4.9.2/../../../../avr/lib/avr5\libatmega16a.a
END GROUP
                0x00020000                __TEXT_REGION_LENGTH__ = DEFINED (__TEXT_REGION_LENGTH__)?__TEXT_REGION_LENGTH__:0x20000
                0x0000ffa0                __DATA_REGION_LENGTH__ = DEFINED (__DATA_REGION_LENGTH__)?__DATA_REGION_LENGTH__:0xffa0
                0x00010000                __EEPROM_REGION_LENGTH__ = DEFINED (__EEPROM_REGION_LENGTH__)?__EEPROM_REGION_LENGTH__:0x10000
                [0x00000002]                __FUSE_REGION_LENGTH__ = DEFINED (__FUSE_REGION_LENGTH__)?__FUSE_REGION_LENGTH__:0x400
                0x00000400                __LOCK_REGION_LENGTH__ = DEFINED (__LOCK_REGION_LENGTH__)?__LOCK_REGION_LENGTH__:0x400
                0x00000400                __SIGNATURE_REGION_LENGTH__ = DEFINED (__SIGNATURE_REGION_LENGTH__)?__SIGNATURE_REGION_LENGTH__:0x400
                0x00000400                __USER_SIGNATURE_REGION_LENGTH__ = DEFINED (__USER_SIGNATURE_REGION_LENGTH__)?__USER_SIGNATURE_REGION_LENGTH__:0x400

.hash
 *(.hash)

.dynsym
 *(.dynsym)

.dynstr
 *(.dynstr)

.gnu.version
 *(.gnu.version)

.gnu.version_d
 *(.gnu.version_d)

.gnu.version_r
 *(.gnu.version_r)

.rel.init
 *(.rel.init)

.rela.init
 *(.rela.init)

.rel.text
 *(.rel.text)
 *(.rel.text.*)
 *(.rel.gnu.linkonce.t*)

.rela.text
 *(.rela.text)
 *(.rela.text.*)
 *(.rela.gnu.linkonce.t*)

.rel.fini
 *(.rel.fini)

.rela.fini
 *(.rela.fini)

.rel.rodata
 *(.rel.rodata)
 *(.rel.rodata.*)
 *(.rel.gnu.linkonce.r*)

.rela.rodata
 *(.rela.rodata)
 *(.rela.rodata.*)
 *(.rela.gnu.linkonce.r*)

.rel.data
 *(.rel.data)
 *(.rel.data.*)
 *(.rel.gnu.linkonce.d*)

.rela.data
 *(.rela.data)
 *(.rela.data.*)
 *(.rela.gnu.linkonce.d*)

.rel.ctors
 *(.rel.ctors)

.rela.ctors
 *(.rela.ctors)

.rel.dtors
 *(.rel.dtors)

.rela.dtors
 *(.rela.dtors)

.rel.got
 *(.rel.got)

.rela.got
 *(.rela.got)

.rel.bss
 *(.rel.bss)

.rela.bss
 *(.rela.bss)

.rel.plt
 *(.rel.plt)

.rela.plt
 *(.rela.plt)

.text           0x00000000     0x347e
 *(.vectors)
 .vectors       0x00000000       0x54 c:/program files (x86)/atmel/studio/7.0/toolchain/avr8/avr8-gnu-toolchain/bin/../lib/gcc/avr/4.9.2/../../../../avr/lib/avr5/crtatmega16a.o
                0x00000000                __vector_default
                0x00000000                __vectors
 *(.vectors)
 *(.progmem.gcc*)
 .progmem.gcc_sw_table
                0x00000054       0x1c main.o
                0x00000070                . = ALIGN (0x2)
                0x00000070                __trampolines_start = .
 *(.trampolines)
 .trampolines   0x00000070        0x0 linker stubs
 *(.trampolines*)
                0x00000070                __trampolines_end = .
 *libprintf_flt.a:*(.progmem.data)
 *libc.a:*(.progmem.data)
 *(.progmem*)
                0x00000070                . = ALIGN (0x2)
 *(.jumptables)
 *(.jumptables*)
 *(.lowtext)
 *(.lowtext*)
                0x00000070                __ctors_start = .
 *(.ctors)
 .ctors         0x00000070        0x2 main.o
                0x00000072                __ctors_end = .
                0x00000072                __dtors_start = .
 *(.dtors)
 .dtors         0x00000072        0x2 main.o
                0x00000074                __dtors_end = .
 SORT(*)(.ctors)
 SORT(*)(.dtors)
 *(.init0)
 .init0         0x00000074        0x0 c:/program files (x86)/atmel/studio/7.0/toolchain/avr8/avr8-gnu-toolchain/bin/../lib/gcc/avr/4.9.2/../../../../avr/lib/avr5/crtatmega16a.o
                0x00000074                __init
 *(.init0)
 *(.init1)
 *(.init1)
 *(.init2)
 .init2         0x00000074        0xc c:/program files (x86)/atmel/studio/7.0/toolchain/avr8/avr8-gnu-toolchain/bin/../lib/gcc/avr/4.9.2/../../../../avr/lib/avr5/crtatmega16a.o
 *(.init2)
 *(.init3)
 *(.init3)
 *(.init4)
 .init4         0x00000080       0x16 c:/program files (x86)/atmel/studio/7.0/toolchain/avr8/avr8-gnu-toolchain/bin/../lib/gcc/avr/4.9.2/avr5\libgcc.a(_copy_data.o)
                0x00000080                __do_copy_data
 .init4         0x00000096       0x10 c:/program files (x86)/atmel/studio/7.0/toolchain/avr8/avr8-gnu-toolchain/bin/../lib/gcc/avr/4.9.2/avr5\libgcc.a(_clear_bss.o)
                0x00000096                __do_clear_bss
 *(.init4)
 *(.init5)
 *(.init5)
 *(.init6)
 .init6         0x000000a6       0x16 c:/program files (x86)/atmel/studio/7.0/toolchain/avr8/avr8-gnu-toolchain/bin/../lib/gcc/avr/4.9.2/avr5\libgcc.a(_ctors.o)
                0x000000a6                __do_global_ctors
 *(.init6)
 *(.init7)
 *(.init7)
 *(.init8)
 *(.init8)
 *(.init9)
 .init9         0x000000bc        0x8 c:/program files (x86)/atmel/studio/7.0/toolchain/avr8/avr8-gnu-toolchain/bin/../lib/gcc/avr/4.9.2/../../../../avr/lib/avr5/crtatmega16a.o
 *(.init9)
 *(.text)
 .text          0x000000c4        0x4 c:/program files (x86)/atmel/studio/7.0/toolchain/avr8/avr8-gnu-toolchain/bin/../lib/gcc/avr/4.9.2/../../../../avr/lib/avr5/crtatmega16a.o
                0x000000c4                __vector_12
                0x000000c4                __bad_interrupt
                0x000000c4                __vector_6
                0x000000c4                __vector_3
                0x000000c4                __vector_11
                0x000000c4                __vector_13
                0x000000c4                __vector_17
                0x000000c4                __vector_7
                0x000000c4                __vector_5
                0x000000c4                __vector_4
                0x000000c4                __vector_9
                0x000000c4                __vector_2
                0x000000c4                __vector_15
                0x000000c4                __vector_8
                0x000000c4                __vector_14
                0x000000c4                __vector_10
                0x000000c4                __vector_16
                0x000000c4                __vector_18
                0x000000c4                __vector_20
 .text          0x000000c8      0xe50 main.o
                0x000000c8                _Z19DoFirstKeyboardByteP4Task
                0x0000015e                _Z20DoSecondKeyboardByteP4Task
                0x000001c6                _Z10DoDataTaskP4Task
                0x00000244                _Znwj
                0x00000248                _ZdlPv
                0x0000024c                __vector_19
                0x000002c8                _Z10Initializev
                0x000002dc                __vector_1
                0x00000394                _Z12DoDataFromASP4Task
                0x000004de                _Z13RegisterTasksv
                0x000005ce                _Z10ComputePWMv
                0x000007a6                _Z15InitializePortsv
                0x000007b8                _Z17InitializeProgramv
                0x00000d42                _Z5Debugv
                0x00000f18                . = ALIGN (0x2)
 *(.text.*)
 .text._ZN4PinSILh50ELh48ELh49ELh3EE5CheckEv
                0x00000f18        0xa main.o
                0x00000f18                _ZN4PinSILh50ELh48ELh49ELh3EE5CheckEv
 .text._ZN4PinSILh50ELh48ELh49ELh4EE5CheckEv
                0x00000f22        0x8 main.o
                0x00000f22                _ZN4PinSILh50ELh48ELh49ELh4EE5CheckEv
 .text._ZN4PinSILh50ELh48ELh49ELh6EE5CheckEv
                0x00000f2a        0xa main.o
                0x00000f2a                _ZN4PinSILh50ELh48ELh49ELh6EE5CheckEv
 .text._ZN4PinSILh50ELh48ELh49ELh3EED2Ev
                0x00000f34        0x2 main.o
                0x00000f34                _ZN4PinSILh50ELh48ELh49ELh3EED2Ev
                0x00000f34                _ZN4PinSILh50ELh48ELh49ELh3EED1Ev
 .text._ZN4PinSILh50ELh48ELh49ELh4EED2Ev
                0x00000f36        0x2 main.o
                0x00000f36                _ZN4PinSILh50ELh48ELh49ELh4EED2Ev
                0x00000f36                _ZN4PinSILh50ELh48ELh49ELh4EED1Ev
 .text._ZN4PinSILh50ELh48ELh49ELh6EED2Ev
                0x00000f38        0x2 main.o
                0x00000f38                _ZN4PinSILh50ELh48ELh49ELh6EED2Ev
                0x00000f38                _ZN4PinSILh50ELh48ELh49ELh6EED1Ev
 .text._ZN4PinSILh50ELh48ELh49ELh5EED2Ev
                0x00000f3a        0x2 main.o
                0x00000f3a                _ZN4PinSILh50ELh48ELh49ELh5EED1Ev
                0x00000f3a                _ZN4PinSILh50ELh48ELh49ELh5EED2Ev
 .text._ZN4PinSILh56ELh54ELh55ELh7EED2Ev
                0x00000f3c        0x2 main.o
                0x00000f3c                _ZN4PinSILh56ELh54ELh55ELh7EED2Ev
                0x00000f3c                _ZN4PinSILh56ELh54ELh55ELh7EED1Ev
 .text._ZN4PinSILh56ELh54ELh55ELh6EED2Ev
                0x00000f3e        0x2 main.o
                0x00000f3e                _ZN4PinSILh56ELh54ELh55ELh6EED1Ev
                0x00000f3e                _ZN4PinSILh56ELh54ELh55ELh6EED2Ev
 .text._ZN4PinSILh56ELh54ELh55ELh5EED2Ev
                0x00000f40        0x2 main.o
                0x00000f40                _ZN4PinSILh56ELh54ELh55ELh5EED2Ev
                0x00000f40                _ZN4PinSILh56ELh54ELh55ELh5EED1Ev
 .text._ZN4PinSILh56ELh54ELh55ELh4EED2Ev
                0x00000f42        0x2 main.o
                0x00000f42                _ZN4PinSILh56ELh54ELh55ELh4EED2Ev
                0x00000f42                _ZN4PinSILh56ELh54ELh55ELh4EED1Ev
 .text._ZN4PinSILh56ELh54ELh55ELh3EED2Ev
                0x00000f44        0x2 main.o
                0x00000f44                _ZN4PinSILh56ELh54ELh55ELh3EED1Ev
                0x00000f44                _ZN4PinSILh56ELh54ELh55ELh3EED2Ev
 .text._ZN4PinSILh56ELh54ELh55ELh2EED2Ev
                0x00000f46        0x2 main.o
                0x00000f46                _ZN4PinSILh56ELh54ELh55ELh2EED2Ev
                0x00000f46                _ZN4PinSILh56ELh54ELh55ELh2EED1Ev
 .text._ZN4PinSILh56ELh54ELh55ELh1EED2Ev
                0x00000f48        0x2 main.o
                0x00000f48                _ZN4PinSILh56ELh54ELh55ELh1EED1Ev
                0x00000f48                _ZN4PinSILh56ELh54ELh55ELh1EED2Ev
 .text._ZN4PinSILh56ELh54ELh55ELh0EED2Ev
                0x00000f4a        0x2 main.o
                0x00000f4a                _ZN4PinSILh56ELh54ELh55ELh0EED1Ev
                0x00000f4a                _ZN4PinSILh56ELh54ELh55ELh0EED2Ev
 .text._ZN4PinSILh59ELh57ELh58ELh2EED2Ev
                0x00000f4c        0x2 main.o
                0x00000f4c                _ZN4PinSILh59ELh57ELh58ELh2EED2Ev
                0x00000f4c                _ZN4PinSILh59ELh57ELh58ELh2EED1Ev
 .text._ZN4PinSILh59ELh57ELh58ELh1EED2Ev
                0x00000f4e        0x2 main.o
                0x00000f4e                _ZN4PinSILh59ELh57ELh58ELh1EED2Ev
                0x00000f4e                _ZN4PinSILh59ELh57ELh58ELh1EED1Ev
 .text._ZN4PinSILh59ELh57ELh58ELh0EED2Ev
                0x00000f50        0x2 main.o
                0x00000f50                _ZN4PinSILh59ELh57ELh58ELh0EED1Ev
                0x00000f50                _ZN4PinSILh59ELh57ELh58ELh0EED2Ev
 .text._ZN4PinSILh50ELh48ELh49ELh3EE7FastSetEv
                0x00000f52        0x4 main.o
                0x00000f52                _ZN4PinSILh50ELh48ELh49ELh3EE7FastSetEv
 .text._ZN4PinSILh50ELh48ELh49ELh3EE9FastClearEv
                0x00000f56        0x4 main.o
                0x00000f56                _ZN4PinSILh50ELh48ELh49ELh3EE9FastClearEv
 .text._ZN4PinSILh50ELh48ELh49ELh3EE10FastToggleEv
                0x00000f5a        0xa main.o
                0x00000f5a                _ZN4PinSILh50ELh48ELh49ELh3EE10FastToggleEv
 .text._ZN4PinSILh50ELh48ELh49ELh3EE12FastAsOutputEv
                0x00000f64        0x4 main.o
                0x00000f64                _ZN4PinSILh50ELh48ELh49ELh3EE12FastAsOutputEv
 .text._ZN4PinSILh50ELh48ELh49ELh3EE11FastAsInputEv
                0x00000f68        0x4 main.o
                0x00000f68                _ZN4PinSILh50ELh48ELh49ELh3EE11FastAsInputEv
 .text._ZN4PinSILh50ELh48ELh49ELh3EE3SetEv
                0x00000f6c        0x4 main.o
                0x00000f6c                _ZN4PinSILh50ELh48ELh49ELh3EE3SetEv
 .text._ZN4PinSILh50ELh48ELh49ELh3EE5ClearEv
                0x00000f70        0x4 main.o
                0x00000f70                _ZN4PinSILh50ELh48ELh49ELh3EE5ClearEv
 .text._ZN4PinSILh50ELh48ELh49ELh3EE6ToggleEv
                0x00000f74        0xa main.o
                0x00000f74                _ZN4PinSILh50ELh48ELh49ELh3EE6ToggleEv
 .text._ZN4PinSILh50ELh48ELh49ELh3EE8AsOutputEv
                0x00000f7e        0x4 main.o
                0x00000f7e                _ZN4PinSILh50ELh48ELh49ELh3EE8AsOutputEv
 .text._ZN4PinSILh50ELh48ELh49ELh3EE7AsInputEv
                0x00000f82        0x4 main.o
                0x00000f82                _ZN4PinSILh50ELh48ELh49ELh3EE7AsInputEv
 .text._ZN4PinSILh50ELh48ELh49ELh4EE7FastSetEv
                0x00000f86        0x4 main.o
                0x00000f86                _ZN4PinSILh50ELh48ELh49ELh4EE7FastSetEv
 .text._ZN4PinSILh50ELh48ELh49ELh4EE9FastClearEv
                0x00000f8a        0x4 main.o
                0x00000f8a                _ZN4PinSILh50ELh48ELh49ELh4EE9FastClearEv
 .text._ZN4PinSILh50ELh48ELh49ELh4EE10FastToggleEv
                0x00000f8e        0xa main.o
                0x00000f8e                _ZN4PinSILh50ELh48ELh49ELh4EE10FastToggleEv
 .text._ZN4PinSILh50ELh48ELh49ELh4EE12FastAsOutputEv
                0x00000f98        0x4 main.o
                0x00000f98                _ZN4PinSILh50ELh48ELh49ELh4EE12FastAsOutputEv
 .text._ZN4PinSILh50ELh48ELh49ELh4EE11FastAsInputEv
                0x00000f9c        0x4 main.o
                0x00000f9c                _ZN4PinSILh50ELh48ELh49ELh4EE11FastAsInputEv
 .text._ZN4PinSILh50ELh48ELh49ELh4EE3SetEv
                0x00000fa0        0x4 main.o
                0x00000fa0                _ZN4PinSILh50ELh48ELh49ELh4EE3SetEv
 .text._ZN4PinSILh50ELh48ELh49ELh4EE5ClearEv
                0x00000fa4        0x4 main.o
                0x00000fa4                _ZN4PinSILh50ELh48ELh49ELh4EE5ClearEv
 .text._ZN4PinSILh50ELh48ELh49ELh4EE6ToggleEv
                0x00000fa8        0xa main.o
                0x00000fa8                _ZN4PinSILh50ELh48ELh49ELh4EE6ToggleEv
 .text._ZN4PinSILh50ELh48ELh49ELh4EE8AsOutputEv
                0x00000fb2        0x4 main.o
                0x00000fb2                _ZN4PinSILh50ELh48ELh49ELh4EE8AsOutputEv
 .text._ZN4PinSILh50ELh48ELh49ELh4EE7AsInputEv
                0x00000fb6        0x4 main.o
                0x00000fb6                _ZN4PinSILh50ELh48ELh49ELh4EE7AsInputEv
 .text._ZN4PinSILh50ELh48ELh49ELh6EE7FastSetEv
                0x00000fba        0x4 main.o
                0x00000fba                _ZN4PinSILh50ELh48ELh49ELh6EE7FastSetEv
 .text._ZN4PinSILh50ELh48ELh49ELh6EE9FastClearEv
                0x00000fbe        0x4 main.o
                0x00000fbe                _ZN4PinSILh50ELh48ELh49ELh6EE9FastClearEv
 .text._ZN4PinSILh50ELh48ELh49ELh6EE10FastToggleEv
                0x00000fc2        0xa main.o
                0x00000fc2                _ZN4PinSILh50ELh48ELh49ELh6EE10FastToggleEv
 .text._ZN4PinSILh50ELh48ELh49ELh6EE12FastAsOutputEv
                0x00000fcc        0x4 main.o
                0x00000fcc                _ZN4PinSILh50ELh48ELh49ELh6EE12FastAsOutputEv
 .text._ZN4PinSILh50ELh48ELh49ELh6EE11FastAsInputEv
                0x00000fd0        0x4 main.o
                0x00000fd0                _ZN4PinSILh50ELh48ELh49ELh6EE11FastAsInputEv
 .text._ZN4PinSILh50ELh48ELh49ELh6EE3SetEv
                0x00000fd4        0x4 main.o
                0x00000fd4                _ZN4PinSILh50ELh48ELh49ELh6EE3SetEv
 .text._ZN4PinSILh50ELh48ELh49ELh6EE5ClearEv
                0x00000fd8        0x4 main.o
                0x00000fd8                _ZN4PinSILh50ELh48ELh49ELh6EE5ClearEv
 .text._ZN4PinSILh50ELh48ELh49ELh6EE6ToggleEv
                0x00000fdc        0xa main.o
                0x00000fdc                _ZN4PinSILh50ELh48ELh49ELh6EE6ToggleEv
 .text._ZN4PinSILh50ELh48ELh49ELh6EE8AsOutputEv
                0x00000fe6        0x4 main.o
                0x00000fe6                _ZN4PinSILh50ELh48ELh49ELh6EE8AsOutputEv
 .text._ZN4PinSILh50ELh48ELh49ELh6EE7AsInputEv
                0x00000fea        0x4 main.o
                0x00000fea                _ZN4PinSILh50ELh48ELh49ELh6EE7AsInputEv
 .text._ZN4PinSILh50ELh48ELh49ELh5EE7FastSetEv
                0x00000fee        0x4 main.o
                0x00000fee                _ZN4PinSILh50ELh48ELh49ELh5EE7FastSetEv
 .text._ZN4PinSILh50ELh48ELh49ELh5EE9FastClearEv
                0x00000ff2        0x4 main.o
                0x00000ff2                _ZN4PinSILh50ELh48ELh49ELh5EE9FastClearEv
 .text._ZN4PinSILh50ELh48ELh49ELh5EE10FastToggleEv
                0x00000ff6        0xa main.o
                0x00000ff6                _ZN4PinSILh50ELh48ELh49ELh5EE10FastToggleEv
 .text._ZN4PinSILh50ELh48ELh49ELh5EE12FastAsOutputEv
                0x00001000        0x4 main.o
                0x00001000                _ZN4PinSILh50ELh48ELh49ELh5EE12FastAsOutputEv
 .text._ZN4PinSILh50ELh48ELh49ELh5EE11FastAsInputEv
                0x00001004        0x4 main.o
                0x00001004                _ZN4PinSILh50ELh48ELh49ELh5EE11FastAsInputEv
 .text._ZN4PinSILh50ELh48ELh49ELh5EE5CheckEv
                0x00001008        0xa main.o
                0x00001008                _ZN4PinSILh50ELh48ELh49ELh5EE5CheckEv
 .text._ZN4PinSILh50ELh48ELh49ELh5EE3SetEv
                0x00001012        0x4 main.o
                0x00001012                _ZN4PinSILh50ELh48ELh49ELh5EE3SetEv
 .text._ZN4PinSILh50ELh48ELh49ELh5EE5ClearEv
                0x00001016        0x4 main.o
                0x00001016                _ZN4PinSILh50ELh48ELh49ELh5EE5ClearEv
 .text._ZN4PinSILh50ELh48ELh49ELh5EE6ToggleEv
                0x0000101a        0xa main.o
                0x0000101a                _ZN4PinSILh50ELh48ELh49ELh5EE6ToggleEv
 .text._ZN4PinSILh50ELh48ELh49ELh5EE8AsOutputEv
                0x00001024        0x4 main.o
                0x00001024                _ZN4PinSILh50ELh48ELh49ELh5EE8AsOutputEv
 .text._ZN4PinSILh50ELh48ELh49ELh5EE7AsInputEv
                0x00001028        0x4 main.o
                0x00001028                _ZN4PinSILh50ELh48ELh49ELh5EE7AsInputEv
 .text._ZN4PinSILh56ELh54ELh55ELh7EE7FastSetEv
                0x0000102c        0x4 main.o
                0x0000102c                _ZN4PinSILh56ELh54ELh55ELh7EE7FastSetEv
 .text._ZN4PinSILh56ELh54ELh55ELh7EE9FastClearEv
                0x00001030        0x4 main.o
                0x00001030                _ZN4PinSILh56ELh54ELh55ELh7EE9FastClearEv
 .text._ZN4PinSILh56ELh54ELh55ELh7EE10FastToggleEv
                0x00001034        0x8 main.o
                0x00001034                _ZN4PinSILh56ELh54ELh55ELh7EE10FastToggleEv
 .text._ZN4PinSILh56ELh54ELh55ELh7EE12FastAsOutputEv
                0x0000103c        0x4 main.o
                0x0000103c                _ZN4PinSILh56ELh54ELh55ELh7EE12FastAsOutputEv
 .text._ZN4PinSILh56ELh54ELh55ELh7EE11FastAsInputEv
                0x00001040        0x4 main.o
                0x00001040                _ZN4PinSILh56ELh54ELh55ELh7EE11FastAsInputEv
 .text._ZN4PinSILh56ELh54ELh55ELh7EE5CheckEv
                0x00001044        0x8 main.o
                0x00001044                _ZN4PinSILh56ELh54ELh55ELh7EE5CheckEv
 .text._ZN4PinSILh56ELh54ELh55ELh7EE3SetEv
                0x0000104c        0x4 main.o
                0x0000104c                _ZN4PinSILh56ELh54ELh55ELh7EE3SetEv
 .text._ZN4PinSILh56ELh54ELh55ELh7EE5ClearEv
                0x00001050        0x4 main.o
                0x00001050                _ZN4PinSILh56ELh54ELh55ELh7EE5ClearEv
 .text._ZN4PinSILh56ELh54ELh55ELh7EE6ToggleEv
                0x00001054        0x8 main.o
                0x00001054                _ZN4PinSILh56ELh54ELh55ELh7EE6ToggleEv
 .text._ZN4PinSILh56ELh54ELh55ELh7EE8AsOutputEv
                0x0000105c        0x4 main.o
                0x0000105c                _ZN4PinSILh56ELh54ELh55ELh7EE8AsOutputEv
 .text._ZN4PinSILh56ELh54ELh55ELh7EE7AsInputEv
                0x00001060        0x4 main.o
                0x00001060                _ZN4PinSILh56ELh54ELh55ELh7EE7AsInputEv
 .text._ZN4PinSILh56ELh54ELh55ELh6EE7FastSetEv
                0x00001064        0x4 main.o
                0x00001064                _ZN4PinSILh56ELh54ELh55ELh6EE7FastSetEv
 .text._ZN4PinSILh56ELh54ELh55ELh6EE9FastClearEv
                0x00001068        0x4 main.o
                0x00001068                _ZN4PinSILh56ELh54ELh55ELh6EE9FastClearEv
 .text._ZN4PinSILh56ELh54ELh55ELh6EE10FastToggleEv
                0x0000106c        0xa main.o
                0x0000106c                _ZN4PinSILh56ELh54ELh55ELh6EE10FastToggleEv
 .text._ZN4PinSILh56ELh54ELh55ELh6EE12FastAsOutputEv
                0x00001076        0x4 main.o
                0x00001076                _ZN4PinSILh56ELh54ELh55ELh6EE12FastAsOutputEv
 .text._ZN4PinSILh56ELh54ELh55ELh6EE11FastAsInputEv
                0x0000107a        0x4 main.o
                0x0000107a                _ZN4PinSILh56ELh54ELh55ELh6EE11FastAsInputEv
 .text._ZN4PinSILh56ELh54ELh55ELh6EE5CheckEv
                0x0000107e        0xa main.o
                0x0000107e                _ZN4PinSILh56ELh54ELh55ELh6EE5CheckEv
 .text._ZN4PinSILh56ELh54ELh55ELh6EE3SetEv
                0x00001088        0x4 main.o
                0x00001088                _ZN4PinSILh56ELh54ELh55ELh6EE3SetEv
 .text._ZN4PinSILh56ELh54ELh55ELh6EE5ClearEv
                0x0000108c        0x4 main.o
                0x0000108c                _ZN4PinSILh56ELh54ELh55ELh6EE5ClearEv
 .text._ZN4PinSILh56ELh54ELh55ELh6EE6ToggleEv
                0x00001090        0xa main.o
                0x00001090                _ZN4PinSILh56ELh54ELh55ELh6EE6ToggleEv
 .text._ZN4PinSILh56ELh54ELh55ELh6EE8AsOutputEv
                0x0000109a        0x4 main.o
                0x0000109a                _ZN4PinSILh56ELh54ELh55ELh6EE8AsOutputEv
 .text._ZN4PinSILh56ELh54ELh55ELh6EE7AsInputEv
                0x0000109e        0x4 main.o
                0x0000109e                _ZN4PinSILh56ELh54ELh55ELh6EE7AsInputEv
 .text._ZN4PinSILh56ELh54ELh55ELh5EE7FastSetEv
                0x000010a2        0x4 main.o
                0x000010a2                _ZN4PinSILh56ELh54ELh55ELh5EE7FastSetEv
 .text._ZN4PinSILh56ELh54ELh55ELh5EE9FastClearEv
                0x000010a6        0x4 main.o
                0x000010a6                _ZN4PinSILh56ELh54ELh55ELh5EE9FastClearEv
 .text._ZN4PinSILh56ELh54ELh55ELh5EE10FastToggleEv
                0x000010aa        0xa main.o
                0x000010aa                _ZN4PinSILh56ELh54ELh55ELh5EE10FastToggleEv
 .text._ZN4PinSILh56ELh54ELh55ELh5EE12FastAsOutputEv
                0x000010b4        0x4 main.o
                0x000010b4                _ZN4PinSILh56ELh54ELh55ELh5EE12FastAsOutputEv
 .text._ZN4PinSILh56ELh54ELh55ELh5EE11FastAsInputEv
                0x000010b8        0x4 main.o
                0x000010b8                _ZN4PinSILh56ELh54ELh55ELh5EE11FastAsInputEv
 .text._ZN4PinSILh56ELh54ELh55ELh5EE5CheckEv
                0x000010bc        0xa main.o
                0x000010bc                _ZN4PinSILh56ELh54ELh55ELh5EE5CheckEv
 .text._ZN4PinSILh56ELh54ELh55ELh5EE3SetEv
                0x000010c6        0x4 main.o
                0x000010c6                _ZN4PinSILh56ELh54ELh55ELh5EE3SetEv
 .text._ZN4PinSILh56ELh54ELh55ELh5EE5ClearEv
                0x000010ca        0x4 main.o
                0x000010ca                _ZN4PinSILh56ELh54ELh55ELh5EE5ClearEv
 .text._ZN4PinSILh56ELh54ELh55ELh5EE6ToggleEv
                0x000010ce        0xa main.o
                0x000010ce                _ZN4PinSILh56ELh54ELh55ELh5EE6ToggleEv
 .text._ZN4PinSILh56ELh54ELh55ELh5EE8AsOutputEv
                0x000010d8        0x4 main.o
                0x000010d8                _ZN4PinSILh56ELh54ELh55ELh5EE8AsOutputEv
 .text._ZN4PinSILh56ELh54ELh55ELh5EE7AsInputEv
                0x000010dc        0x4 main.o
                0x000010dc                _ZN4PinSILh56ELh54ELh55ELh5EE7AsInputEv
 .text._ZN4PinSILh56ELh54ELh55ELh4EE7FastSetEv
                0x000010e0        0x4 main.o
                0x000010e0                _ZN4PinSILh56ELh54ELh55ELh4EE7FastSetEv
 .text._ZN4PinSILh56ELh54ELh55ELh4EE9FastClearEv
                0x000010e4        0x4 main.o
                0x000010e4                _ZN4PinSILh56ELh54ELh55ELh4EE9FastClearEv
 .text._ZN4PinSILh56ELh54ELh55ELh4EE10FastToggleEv
                0x000010e8        0xa main.o
                0x000010e8                _ZN4PinSILh56ELh54ELh55ELh4EE10FastToggleEv
 .text._ZN4PinSILh56ELh54ELh55ELh4EE12FastAsOutputEv
                0x000010f2        0x4 main.o
                0x000010f2                _ZN4PinSILh56ELh54ELh55ELh4EE12FastAsOutputEv
 .text._ZN4PinSILh56ELh54ELh55ELh4EE11FastAsInputEv
                0x000010f6        0x4 main.o
                0x000010f6                _ZN4PinSILh56ELh54ELh55ELh4EE11FastAsInputEv
 .text._ZN4PinSILh56ELh54ELh55ELh4EE5CheckEv
                0x000010fa        0x8 main.o
                0x000010fa                _ZN4PinSILh56ELh54ELh55ELh4EE5CheckEv
 .text._ZN4PinSILh56ELh54ELh55ELh4EE3SetEv
                0x00001102        0x4 main.o
                0x00001102                _ZN4PinSILh56ELh54ELh55ELh4EE3SetEv
 .text._ZN4PinSILh56ELh54ELh55ELh4EE5ClearEv
                0x00001106        0x4 main.o
                0x00001106                _ZN4PinSILh56ELh54ELh55ELh4EE5ClearEv
 .text._ZN4PinSILh56ELh54ELh55ELh4EE6ToggleEv
                0x0000110a        0xa main.o
                0x0000110a                _ZN4PinSILh56ELh54ELh55ELh4EE6ToggleEv
 .text._ZN4PinSILh56ELh54ELh55ELh4EE8AsOutputEv
                0x00001114        0x4 main.o
                0x00001114                _ZN4PinSILh56ELh54ELh55ELh4EE8AsOutputEv
 .text._ZN4PinSILh56ELh54ELh55ELh4EE7AsInputEv
                0x00001118        0x4 main.o
                0x00001118                _ZN4PinSILh56ELh54ELh55ELh4EE7AsInputEv
 .text._ZN4PinSILh56ELh54ELh55ELh3EE7FastSetEv
                0x0000111c        0x4 main.o
                0x0000111c                _ZN4PinSILh56ELh54ELh55ELh3EE7FastSetEv
 .text._ZN4PinSILh56ELh54ELh55ELh3EE9FastClearEv
                0x00001120        0x4 main.o
                0x00001120                _ZN4PinSILh56ELh54ELh55ELh3EE9FastClearEv
 .text._ZN4PinSILh56ELh54ELh55ELh3EE10FastToggleEv
                0x00001124        0xa main.o
                0x00001124                _ZN4PinSILh56ELh54ELh55ELh3EE10FastToggleEv
 .text._ZN4PinSILh56ELh54ELh55ELh3EE12FastAsOutputEv
                0x0000112e        0x4 main.o
                0x0000112e                _ZN4PinSILh56ELh54ELh55ELh3EE12FastAsOutputEv
 .text._ZN4PinSILh56ELh54ELh55ELh3EE11FastAsInputEv
                0x00001132        0x4 main.o
                0x00001132                _ZN4PinSILh56ELh54ELh55ELh3EE11FastAsInputEv
 .text._ZN4PinSILh56ELh54ELh55ELh3EE5CheckEv
                0x00001136        0xa main.o
                0x00001136                _ZN4PinSILh56ELh54ELh55ELh3EE5CheckEv
 .text._ZN4PinSILh56ELh54ELh55ELh3EE3SetEv
                0x00001140        0x4 main.o
                0x00001140                _ZN4PinSILh56ELh54ELh55ELh3EE3SetEv
 .text._ZN4PinSILh56ELh54ELh55ELh3EE5ClearEv
                0x00001144        0x4 main.o
                0x00001144                _ZN4PinSILh56ELh54ELh55ELh3EE5ClearEv
 .text._ZN4PinSILh56ELh54ELh55ELh3EE6ToggleEv
                0x00001148        0xa main.o
                0x00001148                _ZN4PinSILh56ELh54ELh55ELh3EE6ToggleEv
 .text._ZN4PinSILh56ELh54ELh55ELh3EE8AsOutputEv
                0x00001152        0x4 main.o
                0x00001152                _ZN4PinSILh56ELh54ELh55ELh3EE8AsOutputEv
 .text._ZN4PinSILh56ELh54ELh55ELh3EE7AsInputEv
                0x00001156        0x4 main.o
                0x00001156                _ZN4PinSILh56ELh54ELh55ELh3EE7AsInputEv
 .text._ZN4PinSILh56ELh54ELh55ELh2EE7FastSetEv
                0x0000115a        0x4 main.o
                0x0000115a                _ZN4PinSILh56ELh54ELh55ELh2EE7FastSetEv
 .text._ZN4PinSILh56ELh54ELh55ELh2EE9FastClearEv
                0x0000115e        0x4 main.o
                0x0000115e                _ZN4PinSILh56ELh54ELh55ELh2EE9FastClearEv
 .text._ZN4PinSILh56ELh54ELh55ELh2EE10FastToggleEv
                0x00001162        0xa main.o
                0x00001162                _ZN4PinSILh56ELh54ELh55ELh2EE10FastToggleEv
 .text._ZN4PinSILh56ELh54ELh55ELh2EE12FastAsOutputEv
                0x0000116c        0x4 main.o
                0x0000116c                _ZN4PinSILh56ELh54ELh55ELh2EE12FastAsOutputEv
 .text._ZN4PinSILh56ELh54ELh55ELh2EE11FastAsInputEv
                0x00001170        0x4 main.o
                0x00001170                _ZN4PinSILh56ELh54ELh55ELh2EE11FastAsInputEv
 .text._ZN4PinSILh56ELh54ELh55ELh2EE5CheckEv
                0x00001174        0xa main.o
                0x00001174                _ZN4PinSILh56ELh54ELh55ELh2EE5CheckEv
 .text._ZN4PinSILh56ELh54ELh55ELh2EE3SetEv
                0x0000117e        0x4 main.o
                0x0000117e                _ZN4PinSILh56ELh54ELh55ELh2EE3SetEv
 .text._ZN4PinSILh56ELh54ELh55ELh2EE5ClearEv
                0x00001182        0x4 main.o
                0x00001182                _ZN4PinSILh56ELh54ELh55ELh2EE5ClearEv
 .text._ZN4PinSILh56ELh54ELh55ELh2EE6ToggleEv
                0x00001186        0xa main.o
                0x00001186                _ZN4PinSILh56ELh54ELh55ELh2EE6ToggleEv
 .text._ZN4PinSILh56ELh54ELh55ELh2EE8AsOutputEv
                0x00001190        0x4 main.o
                0x00001190                _ZN4PinSILh56ELh54ELh55ELh2EE8AsOutputEv
 .text._ZN4PinSILh56ELh54ELh55ELh2EE7AsInputEv
                0x00001194        0x4 main.o
                0x00001194                _ZN4PinSILh56ELh54ELh55ELh2EE7AsInputEv
 .text._ZN4PinSILh56ELh54ELh55ELh1EE7FastSetEv
                0x00001198        0x4 main.o
                0x00001198                _ZN4PinSILh56ELh54ELh55ELh1EE7FastSetEv
 .text._ZN4PinSILh56ELh54ELh55ELh1EE9FastClearEv
                0x0000119c        0x4 main.o
                0x0000119c                _ZN4PinSILh56ELh54ELh55ELh1EE9FastClearEv
 .text._ZN4PinSILh56ELh54ELh55ELh1EE10FastToggleEv
                0x000011a0        0xa main.o
                0x000011a0                _ZN4PinSILh56ELh54ELh55ELh1EE10FastToggleEv
 .text._ZN4PinSILh56ELh54ELh55ELh1EE12FastAsOutputEv
                0x000011aa        0x4 main.o
                0x000011aa                _ZN4PinSILh56ELh54ELh55ELh1EE12FastAsOutputEv
 .text._ZN4PinSILh56ELh54ELh55ELh1EE11FastAsInputEv
                0x000011ae        0x4 main.o
                0x000011ae                _ZN4PinSILh56ELh54ELh55ELh1EE11FastAsInputEv
 .text._ZN4PinSILh56ELh54ELh55ELh1EE5CheckEv
                0x000011b2        0x8 main.o
                0x000011b2                _ZN4PinSILh56ELh54ELh55ELh1EE5CheckEv
 .text._ZN4PinSILh56ELh54ELh55ELh1EE3SetEv
                0x000011ba        0x4 main.o
                0x000011ba                _ZN4PinSILh56ELh54ELh55ELh1EE3SetEv
 .text._ZN4PinSILh56ELh54ELh55ELh1EE5ClearEv
                0x000011be        0x4 main.o
                0x000011be                _ZN4PinSILh56ELh54ELh55ELh1EE5ClearEv
 .text._ZN4PinSILh56ELh54ELh55ELh1EE6ToggleEv
                0x000011c2        0xa main.o
                0x000011c2                _ZN4PinSILh56ELh54ELh55ELh1EE6ToggleEv
 .text._ZN4PinSILh56ELh54ELh55ELh1EE8AsOutputEv
                0x000011cc        0x4 main.o
                0x000011cc                _ZN4PinSILh56ELh54ELh55ELh1EE8AsOutputEv
 .text._ZN4PinSILh56ELh54ELh55ELh1EE7AsInputEv
                0x000011d0        0x4 main.o
                0x000011d0                _ZN4PinSILh56ELh54ELh55ELh1EE7AsInputEv
 .text._ZN4PinSILh56ELh54ELh55ELh0EE7FastSetEv
                0x000011d4        0x4 main.o
                0x000011d4                _ZN4PinSILh56ELh54ELh55ELh0EE7FastSetEv
 .text._ZN4PinSILh56ELh54ELh55ELh0EE9FastClearEv
                0x000011d8        0x4 main.o
                0x000011d8                _ZN4PinSILh56ELh54ELh55ELh0EE9FastClearEv
 .text._ZN4PinSILh56ELh54ELh55ELh0EE10FastToggleEv
                0x000011dc        0xa main.o
                0x000011dc                _ZN4PinSILh56ELh54ELh55ELh0EE10FastToggleEv
 .text._ZN4PinSILh56ELh54ELh55ELh0EE12FastAsOutputEv
                0x000011e6        0x4 main.o
                0x000011e6                _ZN4PinSILh56ELh54ELh55ELh0EE12FastAsOutputEv
 .text._ZN4PinSILh56ELh54ELh55ELh0EE11FastAsInputEv
                0x000011ea        0x4 main.o
                0x000011ea                _ZN4PinSILh56ELh54ELh55ELh0EE11FastAsInputEv
 .text._ZN4PinSILh56ELh54ELh55ELh0EE5CheckEv
                0x000011ee        0x6 main.o
                0x000011ee                _ZN4PinSILh56ELh54ELh55ELh0EE5CheckEv
 .text._ZN4PinSILh56ELh54ELh55ELh0EE3SetEv
                0x000011f4        0x4 main.o
                0x000011f4                _ZN4PinSILh56ELh54ELh55ELh0EE3SetEv
 .text._ZN4PinSILh56ELh54ELh55ELh0EE5ClearEv
                0x000011f8        0x4 main.o
                0x000011f8                _ZN4PinSILh56ELh54ELh55ELh0EE5ClearEv
 .text._ZN4PinSILh56ELh54ELh55ELh0EE6ToggleEv
                0x000011fc        0xa main.o
                0x000011fc                _ZN4PinSILh56ELh54ELh55ELh0EE6ToggleEv
 .text._ZN4PinSILh56ELh54ELh55ELh0EE8AsOutputEv
                0x00001206        0x4 main.o
                0x00001206                _ZN4PinSILh56ELh54ELh55ELh0EE8AsOutputEv
 .text._ZN4PinSILh56ELh54ELh55ELh0EE7AsInputEv
                0x0000120a        0x4 main.o
                0x0000120a                _ZN4PinSILh56ELh54ELh55ELh0EE7AsInputEv
 .text._ZN4PinSILh59ELh57ELh58ELh2EE7FastSetEv
                0x0000120e        0x4 main.o
                0x0000120e                _ZN4PinSILh59ELh57ELh58ELh2EE7FastSetEv
 .text._ZN4PinSILh59ELh57ELh58ELh2EE9FastClearEv
                0x00001212        0x4 main.o
                0x00001212                _ZN4PinSILh59ELh57ELh58ELh2EE9FastClearEv
 .text._ZN4PinSILh59ELh57ELh58ELh2EE10FastToggleEv
                0x00001216        0xa main.o
                0x00001216                _ZN4PinSILh59ELh57ELh58ELh2EE10FastToggleEv
 .text._ZN4PinSILh59ELh57ELh58ELh2EE12FastAsOutputEv
                0x00001220        0x4 main.o
                0x00001220                _ZN4PinSILh59ELh57ELh58ELh2EE12FastAsOutputEv
 .text._ZN4PinSILh59ELh57ELh58ELh2EE11FastAsInputEv
                0x00001224        0x4 main.o
                0x00001224                _ZN4PinSILh59ELh57ELh58ELh2EE11FastAsInputEv
 .text._ZN4PinSILh59ELh57ELh58ELh2EE5CheckEv
                0x00001228        0xa main.o
                0x00001228                _ZN4PinSILh59ELh57ELh58ELh2EE5CheckEv
 .text._ZN4PinSILh59ELh57ELh58ELh2EE3SetEv
                0x00001232        0x4 main.o
                0x00001232                _ZN4PinSILh59ELh57ELh58ELh2EE3SetEv
 .text._ZN4PinSILh59ELh57ELh58ELh2EE5ClearEv
                0x00001236        0x4 main.o
                0x00001236                _ZN4PinSILh59ELh57ELh58ELh2EE5ClearEv
 .text._ZN4PinSILh59ELh57ELh58ELh2EE6ToggleEv
                0x0000123a        0xa main.o
                0x0000123a                _ZN4PinSILh59ELh57ELh58ELh2EE6ToggleEv
 .text._ZN4PinSILh59ELh57ELh58ELh2EE8AsOutputEv
                0x00001244        0x4 main.o
                0x00001244                _ZN4PinSILh59ELh57ELh58ELh2EE8AsOutputEv
 .text._ZN4PinSILh59ELh57ELh58ELh2EE7AsInputEv
                0x00001248        0x4 main.o
                0x00001248                _ZN4PinSILh59ELh57ELh58ELh2EE7AsInputEv
 .text._ZN4PinSILh59ELh57ELh58ELh1EE7FastSetEv
                0x0000124c        0x4 main.o
                0x0000124c                _ZN4PinSILh59ELh57ELh58ELh1EE7FastSetEv
 .text._ZN4PinSILh59ELh57ELh58ELh1EE9FastClearEv
                0x00001250        0x4 main.o
                0x00001250                _ZN4PinSILh59ELh57ELh58ELh1EE9FastClearEv
 .text._ZN4PinSILh59ELh57ELh58ELh1EE10FastToggleEv
                0x00001254        0xa main.o
                0x00001254                _ZN4PinSILh59ELh57ELh58ELh1EE10FastToggleEv
 .text._ZN4PinSILh59ELh57ELh58ELh1EE12FastAsOutputEv
                0x0000125e        0x4 main.o
                0x0000125e                _ZN4PinSILh59ELh57ELh58ELh1EE12FastAsOutputEv
 .text._ZN4PinSILh59ELh57ELh58ELh1EE11FastAsInputEv
                0x00001262        0x4 main.o
                0x00001262                _ZN4PinSILh59ELh57ELh58ELh1EE11FastAsInputEv
 .text._ZN4PinSILh59ELh57ELh58ELh1EE5CheckEv
                0x00001266        0x8 main.o
                0x00001266                _ZN4PinSILh59ELh57ELh58ELh1EE5CheckEv
 .text._ZN4PinSILh59ELh57ELh58ELh1EE3SetEv
                0x0000126e        0x4 main.o
                0x0000126e                _ZN4PinSILh59ELh57ELh58ELh1EE3SetEv
 .text._ZN4PinSILh59ELh57ELh58ELh1EE5ClearEv
                0x00001272        0x4 main.o
                0x00001272                _ZN4PinSILh59ELh57ELh58ELh1EE5ClearEv
 .text._ZN4PinSILh59ELh57ELh58ELh1EE6ToggleEv
                0x00001276        0xa main.o
                0x00001276                _ZN4PinSILh59ELh57ELh58ELh1EE6ToggleEv
 .text._ZN4PinSILh59ELh57ELh58ELh1EE8AsOutputEv
                0x00001280        0x4 main.o
                0x00001280                _ZN4PinSILh59ELh57ELh58ELh1EE8AsOutputEv
 .text._ZN4PinSILh59ELh57ELh58ELh1EE7AsInputEv
                0x00001284        0x4 main.o
                0x00001284                _ZN4PinSILh59ELh57ELh58ELh1EE7AsInputEv
 .text._ZN4PinSILh59ELh57ELh58ELh0EE7FastSetEv
                0x00001288        0x4 main.o
                0x00001288                _ZN4PinSILh59ELh57ELh58ELh0EE7FastSetEv
 .text._ZN4PinSILh59ELh57ELh58ELh0EE9FastClearEv
                0x0000128c        0x4 main.o
                0x0000128c                _ZN4PinSILh59ELh57ELh58ELh0EE9FastClearEv
 .text._ZN4PinSILh59ELh57ELh58ELh0EE10FastToggleEv
                0x00001290        0xa main.o
                0x00001290                _ZN4PinSILh59ELh57ELh58ELh0EE10FastToggleEv
 .text._ZN4PinSILh59ELh57ELh58ELh0EE12FastAsOutputEv
                0x0000129a        0x4 main.o
                0x0000129a                _ZN4PinSILh59ELh57ELh58ELh0EE12FastAsOutputEv
 .text._ZN4PinSILh59ELh57ELh58ELh0EE11FastAsInputEv
                0x0000129e        0x4 main.o
                0x0000129e                _ZN4PinSILh59ELh57ELh58ELh0EE11FastAsInputEv
 .text._ZN4PinSILh59ELh57ELh58ELh0EE5CheckEv
                0x000012a2        0x6 main.o
                0x000012a2                _ZN4PinSILh59ELh57ELh58ELh0EE5CheckEv
 .text._ZN4PinSILh59ELh57ELh58ELh0EE3SetEv
                0x000012a8        0x4 main.o
                0x000012a8                _ZN4PinSILh59ELh57ELh58ELh0EE3SetEv
 .text._ZN4PinSILh59ELh57ELh58ELh0EE5ClearEv
                0x000012ac        0x4 main.o
                0x000012ac                _ZN4PinSILh59ELh57ELh58ELh0EE5ClearEv
 .text._ZN4PinSILh59ELh57ELh58ELh0EE6ToggleEv
                0x000012b0        0xa main.o
                0x000012b0                _ZN4PinSILh59ELh57ELh58ELh0EE6ToggleEv
 .text._ZN4PinSILh59ELh57ELh58ELh0EE8AsOutputEv
                0x000012ba        0x4 main.o
                0x000012ba                _ZN4PinSILh59ELh57ELh58ELh0EE8AsOutputEv
 .text._ZN4PinSILh59ELh57ELh58ELh0EE7AsInputEv
                0x000012be        0x4 main.o
                0x000012be                _ZN4PinSILh59ELh57ELh58ELh0EE7AsInputEv
 .text._ZN4PinSILh59ELh57ELh58ELh0EED0Ev
                0x000012c2        0x4 main.o
                0x000012c2                _ZN4PinSILh59ELh57ELh58ELh0EED0Ev
 .text._ZN4PinSILh59ELh57ELh58ELh1EED0Ev
                0x000012c6        0x4 main.o
                0x000012c6                _ZN4PinSILh59ELh57ELh58ELh1EED0Ev
 .text._ZN4PinSILh59ELh57ELh58ELh2EED0Ev
                0x000012ca        0x4 main.o
                0x000012ca                _ZN4PinSILh59ELh57ELh58ELh2EED0Ev
 .text._ZN4PinSILh56ELh54ELh55ELh0EED0Ev
                0x000012ce        0x4 main.o
                0x000012ce                _ZN4PinSILh56ELh54ELh55ELh0EED0Ev
 .text._ZN4PinSILh56ELh54ELh55ELh1EED0Ev
                0x000012d2        0x4 main.o
                0x000012d2                _ZN4PinSILh56ELh54ELh55ELh1EED0Ev
 .text._ZN4PinSILh56ELh54ELh55ELh2EED0Ev
                0x000012d6        0x4 main.o
                0x000012d6                _ZN4PinSILh56ELh54ELh55ELh2EED0Ev
 .text._ZN4PinSILh56ELh54ELh55ELh3EED0Ev
                0x000012da        0x4 main.o
                0x000012da                _ZN4PinSILh56ELh54ELh55ELh3EED0Ev
 .text._ZN4PinSILh56ELh54ELh55ELh4EED0Ev
                0x000012de        0x4 main.o
                0x000012de                _ZN4PinSILh56ELh54ELh55ELh4EED0Ev
 .text._ZN4PinSILh56ELh54ELh55ELh5EED0Ev
                0x000012e2        0x4 main.o
                0x000012e2                _ZN4PinSILh56ELh54ELh55ELh5EED0Ev
 .text._ZN4PinSILh56ELh54ELh55ELh6EED0Ev
                0x000012e6        0x4 main.o
                0x000012e6                _ZN4PinSILh56ELh54ELh55ELh6EED0Ev
 .text._ZN4PinSILh56ELh54ELh55ELh7EED0Ev
                0x000012ea        0x4 main.o
                0x000012ea                _ZN4PinSILh56ELh54ELh55ELh7EED0Ev
 .text._ZN4PinSILh50ELh48ELh49ELh5EED0Ev
                0x000012ee        0x4 main.o
                0x000012ee                _ZN4PinSILh50ELh48ELh49ELh5EED0Ev
 .text._ZN4PinSILh50ELh48ELh49ELh6EED0Ev
                0x000012f2        0x4 main.o
                0x000012f2                _ZN4PinSILh50ELh48ELh49ELh6EED0Ev
 .text._ZN4PinSILh50ELh48ELh49ELh4EED0Ev
                0x000012f6        0x4 main.o
                0x000012f6                _ZN4PinSILh50ELh48ELh49ELh4EED0Ev
 .text._ZN4PinSILh50ELh48ELh49ELh3EED0Ev
                0x000012fa        0x4 main.o
                0x000012fa                _ZN4PinSILh50ELh48ELh49ELh3EED0Ev
 .text._ZN4PinSILh50ELh48ELh49ELh3EE7BoolSetEb
                0x000012fe       0x30 main.o
                0x000012fe                _ZN4PinSILh50ELh48ELh49ELh3EE7BoolSetEb
 .text._ZN4PinSILh59ELh57ELh58ELh0EE7BoolSetEb
                0x0000132e       0x30 main.o
                0x0000132e                _ZN4PinSILh59ELh57ELh58ELh0EE7BoolSetEb
 .text._ZN4PinSILh56ELh54ELh55ELh5EE7BoolSetEb
                0x0000135e       0x30 main.o
                0x0000135e                _ZN4PinSILh56ELh54ELh55ELh5EE7BoolSetEb
 .text._ZN4PinSILh50ELh48ELh49ELh6EE7BoolSetEb
                0x0000138e       0x30 main.o
                0x0000138e                _ZN4PinSILh50ELh48ELh49ELh6EE7BoolSetEb
 .text._ZN4PinSILh56ELh54ELh55ELh1EE7BoolSetEb
                0x000013be       0x30 main.o
                0x000013be                _ZN4PinSILh56ELh54ELh55ELh1EE7BoolSetEb
 .text._ZN4PinSILh50ELh48ELh49ELh4EE7BoolSetEb
                0x000013ee       0x30 main.o
                0x000013ee                _ZN4PinSILh50ELh48ELh49ELh4EE7BoolSetEb
 .text._ZN4PinSILh56ELh54ELh55ELh3EE7BoolSetEb
                0x0000141e       0x30 main.o
                0x0000141e                _ZN4PinSILh56ELh54ELh55ELh3EE7BoolSetEb
 .text._ZN4PinSILh56ELh54ELh55ELh2EE7BoolSetEb
                0x0000144e       0x30 main.o
                0x0000144e                _ZN4PinSILh56ELh54ELh55ELh2EE7BoolSetEb
 .text._ZN4PinSILh56ELh54ELh55ELh7EE7BoolSetEb
                0x0000147e       0x30 main.o
                0x0000147e                _ZN4PinSILh56ELh54ELh55ELh7EE7BoolSetEb
 .text._ZN4PinSILh56ELh54ELh55ELh6EE7BoolSetEb
                0x000014ae       0x30 main.o
                0x000014ae                _ZN4PinSILh56ELh54ELh55ELh6EE7BoolSetEb
 .text._ZN4PinSILh50ELh48ELh49ELh5EE7BoolSetEb
                0x000014de       0x30 main.o
                0x000014de                _ZN4PinSILh50ELh48ELh49ELh5EE7BoolSetEb
 .text._ZN4PinSILh59ELh57ELh58ELh2EE7BoolSetEb
                0x0000150e       0x30 main.o
                0x0000150e                _ZN4PinSILh59ELh57ELh58ELh2EE7BoolSetEb
 .text._ZN4PinSILh56ELh54ELh55ELh4EE7BoolSetEb
                0x0000153e       0x30 main.o
                0x0000153e                _ZN4PinSILh56ELh54ELh55ELh4EE7BoolSetEb
 .text._ZN4PinSILh56ELh54ELh55ELh0EE7BoolSetEb
                0x0000156e       0x30 main.o
                0x0000156e                _ZN4PinSILh56ELh54ELh55ELh0EE7BoolSetEb
 .text._ZN4PinSILh59ELh57ELh58ELh1EE7BoolSetEb
                0x0000159e       0x30 main.o
                0x0000159e                _ZN4PinSILh59ELh57ELh58ELh1EE7BoolSetEb
 .text._ZN6Sh110617PrintDebugMessageEh
                0x000015ce     0x15e0 main.o
                0x000015ce                _ZN6Sh110617PrintDebugMessageEh
 .text.startup  0x00002bae      0x2e6 main.o
                0x00002bae                main
 .text.exit     0x00002e94        0x2 main.o
 .text.avr-libc.fplib
                0x00002e96        0x8 c:/program files (x86)/atmel/studio/7.0/toolchain/avr8/avr8-gnu-toolchain/bin/../lib/gcc/avr/4.9.2/../../../../avr/lib/avr5\libm.a(divsf3.o)
                0x00002e96                __divsf3
 .text.avr-libc.fplib
                0x00002e9e       0xdc c:/program files (x86)/atmel/studio/7.0/toolchain/avr8/avr8-gnu-toolchain/bin/../lib/gcc/avr/4.9.2/../../../../avr/lib/avr5\libm.a(divsf3x.o)
                0x00002ebe                __divsf3x
                0x00002ec4                __divsf3_pse
 .text.avr-libc.fplib
                0x00002f7a       0x5e c:/program files (x86)/atmel/studio/7.0/toolchain/avr8/avr8-gnu-toolchain/bin/../lib/gcc/avr/4.9.2/../../../../avr/lib/avr5\libm.a(fixunssfsi.o)
                0x00002f7a                __fixunssfsi
 .text.avr-libc.fplib
                0x00002fd8       0x7a c:/program files (x86)/atmel/studio/7.0/toolchain/avr8/avr8-gnu-toolchain/bin/../lib/gcc/avr/4.9.2/../../../../avr/lib/avr5\libm.a(floatsisf.o)
                0x00002fd8                __floatunsisf
                0x00002fdc                __floatsisf
 .text.avr-libc.fplib
                0x00003052        0xc c:/program files (x86)/atmel/studio/7.0/toolchain/avr8/avr8-gnu-toolchain/bin/../lib/gcc/avr/4.9.2/../../../../avr/lib/avr5\libm.a(fp_inf.o)
                0x00003052                __fp_inf
 .text.avr-libc.fplib
                0x0000305e        0x6 c:/program files (x86)/atmel/studio/7.0/toolchain/avr8/avr8-gnu-toolchain/bin/../lib/gcc/avr/4.9.2/../../../../avr/lib/avr5\libm.a(fp_nan.o)
                0x0000305e                __fp_nan
 .text.avr-libc.fplib
                0x00003064        0xe c:/program files (x86)/atmel/studio/7.0/toolchain/avr8/avr8-gnu-toolchain/bin/../lib/gcc/avr/4.9.2/../../../../avr/lib/avr5\libm.a(fp_pscA.o)
                0x00003064                __fp_pscA
 .text.avr-libc.fplib
                0x00003072        0xe c:/program files (x86)/atmel/studio/7.0/toolchain/avr8/avr8-gnu-toolchain/bin/../lib/gcc/avr/4.9.2/../../../../avr/lib/avr5\libm.a(fp_pscB.o)
                0x00003072                __fp_pscB
 .text.avr-libc.fplib
                0x00003080       0x22 c:/program files (x86)/atmel/studio/7.0/toolchain/avr8/avr8-gnu-toolchain/bin/../lib/gcc/avr/4.9.2/../../../../avr/lib/avr5\libm.a(fp_round.o)
                0x00003080                __fp_round
 .text.avr-libc.fplib
                0x000030a2       0x44 c:/program files (x86)/atmel/studio/7.0/toolchain/avr8/avr8-gnu-toolchain/bin/../lib/gcc/avr/4.9.2/../../../../avr/lib/avr5\libm.a(fp_split3.o)
                0x000030a2                __fp_split3
                0x000030b2                __fp_splitA
 .text.avr-libc.fplib
                0x000030e6        0xe c:/program files (x86)/atmel/studio/7.0/toolchain/avr8/avr8-gnu-toolchain/bin/../lib/gcc/avr/4.9.2/../../../../avr/lib/avr5\libm.a(fp_zero.o)
                0x000030e6                __fp_zero
                0x000030e8                __fp_szero
 .text.avr-libc.fplib
                0x000030f4        0x8 c:/program files (x86)/atmel/studio/7.0/toolchain/avr8/avr8-gnu-toolchain/bin/../lib/gcc/avr/4.9.2/../../../../avr/lib/avr5\libm.a(mulsf3.o)
                0x000030f4                __mulsf3
 .text.avr-libc.fplib
                0x000030fc       0xd2 c:/program files (x86)/atmel/studio/7.0/toolchain/avr8/avr8-gnu-toolchain/bin/../lib/gcc/avr/4.9.2/../../../../avr/lib/avr5\libm.a(mulsf3x.o)
                0x0000311a                __mulsf3x
                0x00003120                __mulsf3_pse
 .text.libgcc   0x000031ce        0xc c:/program files (x86)/atmel/studio/7.0/toolchain/avr8/avr8-gnu-toolchain/bin/../lib/gcc/avr/4.9.2/avr5\libgcc.a(_tablejump2.o)
                0x000031ce                __tablejump2__
 .text.avr-libc
                0x000031da      0x25a c:/program files (x86)/atmel/studio/7.0/toolchain/avr8/avr8-gnu-toolchain/bin/../lib/gcc/avr/4.9.2/../../../../avr/lib/avr5\libc.a(malloc.o)
                0x000031da                malloc
                0x00003304                free
 .text.avr-libc
                0x00003434       0x20 c:/program files (x86)/atmel/studio/7.0/toolchain/avr8/avr8-gnu-toolchain/bin/../lib/gcc/avr/4.9.2/../../../../avr/lib/avr5\libatmega16a.a(eerd_block.o)
                0x00003434                eeprom_read_block
                0x00003438                eeprom_read_blraw
 .text.avr-libc
                0x00003454       0x10 c:/program files (x86)/atmel/studio/7.0/toolchain/avr8/avr8-gnu-toolchain/bin/../lib/gcc/avr/4.9.2/../../../../avr/lib/avr5\libatmega16a.a(eerd_byte.o)
                0x00003454                eeprom_read_byte
                0x00003464                . = ALIGN (0x2)
 *(.fini9)
 .fini9         0x00003464        0x0 c:/program files (x86)/atmel/studio/7.0/toolchain/avr8/avr8-gnu-toolchain/bin/../lib/gcc/avr/4.9.2/avr5\libgcc.a(_exit.o)
                0x00003464                _exit
                0x00003464                exit
 *(.fini9)
 *(.fini8)
 *(.fini8)
 *(.fini7)
 *(.fini7)
 *(.fini6)
 .fini6         0x00003464       0x16 c:/program files (x86)/atmel/studio/7.0/toolchain/avr8/avr8-gnu-toolchain/bin/../lib/gcc/avr/4.9.2/avr5\libgcc.a(_dtors.o)
                0x00003464                __do_global_dtors
 *(.fini6)
 *(.fini5)
 *(.fini5)
 *(.fini4)
 *(.fini4)
 *(.fini3)
 *(.fini3)
 *(.fini2)
 *(.fini2)
 *(.fini1)
 *(.fini1)
 *(.fini0)
 .fini0         0x0000347a        0x4 c:/program files (x86)/atmel/studio/7.0/toolchain/avr8/avr8-gnu-toolchain/bin/../lib/gcc/avr/4.9.2/avr5\libgcc.a(_exit.o)
 *(.fini0)
                0x0000347e                _etext = .

.data           0x00800060      0x204 load address 0x0000347e
                0x00800060                PROVIDE (__data_start, .)
 *(.data)
 .data          0x00800060       0x1e main.o
                0x00800060                thridByte
                0x00800062                secondByte
                0x00800064                firstByte
                0x00800066                PWMOutput
                0x00800068                SPISck
                0x0080006a                SPIMiso
                0x0080006c                SPIMosi
                0x0080006e                SPISS
                0x00800070                AngleInterfaceChipSelect
                0x00800072                OledChipSelect
                0x00800074                DataCommand
                0x00800076                Reset
                0x00800078                WheelCLK
                0x0080007a                WheelPL
                0x0080007c                WheelQ
 .data          0x0080007e        0x6 c:/program files (x86)/atmel/studio/7.0/toolchain/avr8/avr8-gnu-toolchain/bin/../lib/gcc/avr/4.9.2/../../../../avr/lib/avr5\libc.a(malloc.o)
                0x0080007e                __malloc_heap_end
                0x00800080                __malloc_heap_start
                0x00800082                __malloc_margin
 *(.data*)
 *(.rodata)
 *(.rodata*)
 .rodata._ZTV4PinSILh59ELh57ELh58ELh0EE
                0x00800084       0x20 main.o
                0x00800084                _ZTV4PinSILh59ELh57ELh58ELh0EE
 .rodata._ZTV4PinSILh59ELh57ELh58ELh1EE
                0x008000a4       0x20 main.o
                0x008000a4                _ZTV4PinSILh59ELh57ELh58ELh1EE
 .rodata._ZTV4PinSILh59ELh57ELh58ELh2EE
                0x008000c4       0x20 main.o
                0x008000c4                _ZTV4PinSILh59ELh57ELh58ELh2EE
 .rodata._ZTV4PinSILh56ELh54ELh55ELh0EE
                0x008000e4       0x20 main.o
                0x008000e4                _ZTV4PinSILh56ELh54ELh55ELh0EE
 .rodata._ZTV4PinSILh56ELh54ELh55ELh1EE
                0x00800104       0x20 main.o
                0x00800104                _ZTV4PinSILh56ELh54ELh55ELh1EE
 .rodata._ZTV4PinSILh56ELh54ELh55ELh2EE
                0x00800124       0x20 main.o
                0x00800124                _ZTV4PinSILh56ELh54ELh55ELh2EE
 .rodata._ZTV4PinSILh56ELh54ELh55ELh3EE
                0x00800144       0x20 main.o
                0x00800144                _ZTV4PinSILh56ELh54ELh55ELh3EE
 .rodata._ZTV4PinSILh56ELh54ELh55ELh4EE
                0x00800164       0x20 main.o
                0x00800164                _ZTV4PinSILh56ELh54ELh55ELh4EE
 .rodata._ZTV4PinSILh56ELh54ELh55ELh5EE
                0x00800184       0x20 main.o
                0x00800184                _ZTV4PinSILh56ELh54ELh55ELh5EE
 .rodata._ZTV4PinSILh56ELh54ELh55ELh6EE
                0x008001a4       0x20 main.o
                0x008001a4                _ZTV4PinSILh56ELh54ELh55ELh6EE
 .rodata._ZTV4PinSILh56ELh54ELh55ELh7EE
                0x008001c4       0x20 main.o
                0x008001c4                _ZTV4PinSILh56ELh54ELh55ELh7EE
 .rodata._ZTV4PinSILh50ELh48ELh49ELh5EE
                0x008001e4       0x20 main.o
                0x008001e4                _ZTV4PinSILh50ELh48ELh49ELh5EE
 .rodata._ZTV4PinSILh50ELh48ELh49ELh6EE
                0x00800204       0x20 main.o
                0x00800204                _ZTV4PinSILh50ELh48ELh49ELh6EE
 .rodata._ZTV4PinSILh50ELh48ELh49ELh4EE
                0x00800224       0x20 main.o
                0x00800224                _ZTV4PinSILh50ELh48ELh49ELh4EE
 .rodata._ZTV4PinSILh50ELh48ELh49ELh3EE
                0x00800244       0x20 main.o
                0x00800244                _ZTV4PinSILh50ELh48ELh49ELh3EE
 *(.gnu.linkonce.d*)
                0x00800264                . = ALIGN (0x2)
                0x00800264                _edata = .
                0x00800264                PROVIDE (__data_end, .)

.bss            0x00800264       0x7e
                0x00800264                PROVIDE (__bss_start, .)
 *(.bss)
 .bss           0x00800264       0x7a main.o
                0x00800264                outBuffor
                0x0080026c                debugVar
                0x0080026d                calibrateStage
                0x0080026f                getDataFromAS
                0x00800273                setDataTask
                0x00800277                getSecondKeyboardByte
                0x0080027b                getFirstKeyboardByte
                0x0080027f                wheelButtons
                0x00800287                AS5048AChip
                0x008002a2                debugDisplay
 *(.bss*)
 *(COMMON)
 COMMON         0x008002de        0x4 c:/program files (x86)/atmel/studio/7.0/toolchain/avr8/avr8-gnu-toolchain/bin/../lib/gcc/avr/4.9.2/../../../../avr/lib/avr5\libc.a(malloc.o)
                0x008002de                __brkval
                0x008002e0                __flp
                0x008002e2                PROVIDE (__bss_end, .)
                0x0000347e                __data_load_start = LOADADDR (.data)
                0x00003682                __data_load_end = (__data_load_start + SIZEOF (.data))

.noinit         0x008002e2        0x0
                [!provide]                PROVIDE (__noinit_start, .)
 *(.noinit*)
                [!provide]                PROVIDE (__noinit_end, .)
                0x008002e2                _end = .
                0x008002e2                PROVIDE (__heap_start, .)

.eeprom         0x00810000      0x1df
 *(.eeprom*)
 .eeprom        0x00810000      0x1df main.o
                0x008101df                __eeprom_end = .

.fuse
 *(.fuse)
 *(.lfuse)
 *(.hfuse)
 *(.efuse)

.lock
 *(.lock*)

.signature
 *(.signature*)

.user_signatures
 *(.user_signatures*)

.stab
 *(.stab)

.stabstr
 *(.stabstr)

.stab.excl
 *(.stab.excl)

.stab.exclstr
 *(.stab.exclstr)

.stab.index
 *(.stab.index)

.stab.indexstr
 *(.stab.indexstr)

.comment        0x00000000       0x30
 *(.comment)
 .comment       0x00000000       0x30 main.o
                                 0x31 (size before relaxing)
 .comment       0x00000030       0x31 c:/program files (x86)/atmel/studio/7.0/toolchain/avr8/avr8-gnu-toolchain/bin/../lib/gcc/avr/4.9.2/../../../../avr/lib/avr5\libc.a(malloc.o)

.note.gnu.avr.deviceinfo
                0x00000000       0x3c
 .note.gnu.avr.deviceinfo
                0x00000000       0x3c c:/program files (x86)/atmel/studio/7.0/toolchain/avr8/avr8-gnu-toolchain/bin/../lib/gcc/avr/4.9.2/../../../../avr/lib/avr5/crtatmega16a.o

.note.gnu.build-id
 *(.note.gnu.build-id)

.debug
 *(.debug)

.line
 *(.line)

.debug_srcinfo
 *(.debug_srcinfo)

.debug_sfnames
 *(.debug_sfnames)

.debug_aranges
 *(.debug_aranges)

.debug_pubnames
 *(.debug_pubnames)

.debug_info     0x00000000      0x52e
 *(.debug_info .gnu.linkonce.wi.*)
 .debug_info    0x00000000      0x52e c:/program files (x86)/atmel/studio/7.0/toolchain/avr8/avr8-gnu-toolchain/bin/../lib/gcc/avr/4.9.2/../../../../avr/lib/avr5/crtatmega16a.o

.debug_abbrev   0x00000000      0x4e7
 *(.debug_abbrev)
 .debug_abbrev  0x00000000      0x4e7 c:/program files (x86)/atmel/studio/7.0/toolchain/avr8/avr8-gnu-toolchain/bin/../lib/gcc/avr/4.9.2/../../../../avr/lib/avr5/crtatmega16a.o

.debug_line     0x00000000       0x1a
 *(.debug_line .debug_line.* .debug_line_end)
 .debug_line    0x00000000       0x1a c:/program files (x86)/atmel/studio/7.0/toolchain/avr8/avr8-gnu-toolchain/bin/../lib/gcc/avr/4.9.2/../../../../avr/lib/avr5/crtatmega16a.o

.debug_frame
 *(.debug_frame)

.debug_str      0x00000000      0x1af
 *(.debug_str)
 .debug_str     0x00000000      0x1af c:/program files (x86)/atmel/studio/7.0/toolchain/avr8/avr8-gnu-toolchain/bin/../lib/gcc/avr/4.9.2/../../../../avr/lib/avr5/crtatmega16a.o

.debug_loc
 *(.debug_loc)

.debug_macinfo
 *(.debug_macinfo)

.debug_weaknames
 *(.debug_weaknames)

.debug_funcnames
 *(.debug_funcnames)

.debug_typenames
 *(.debug_typenames)

.debug_varnames
 *(.debug_varnames)

.debug_pubtypes
 *(.debug_pubtypes)

.debug_ranges
 *(.debug_ranges)

.debug_macro
 *(.debug_macro)
OUTPUT(WheelWrapper.elf elf32-avr)
LOAD linker stubs
